Archive member included to satisfy reference by file (symbol)

c:/program files (x86)/atmel/studio/7.0/toolchain/arm/arm-gnu-toolchain/bin/../lib/gcc/arm-none-eabi/6.3.1/../../../../arm-none-eabi/lib/thumb/v6-m\libc_nano.a(lib_a-atoi.o)
                              src/handler.o (atoi)
c:/program files (x86)/atmel/studio/7.0/toolchain/arm/arm-gnu-toolchain/bin/../lib/gcc/arm-none-eabi/6.3.1/../../../../arm-none-eabi/lib/thumb/v6-m\libc_nano.a(lib_a-exit.o)
                              c:/program files (x86)/atmel/studio/7.0/toolchain/arm/arm-gnu-toolchain/bin/../lib/gcc/arm-none-eabi/6.3.1/../../../../arm-none-eabi/lib/thumb/v6-m/crt0.o (exit)
c:/program files (x86)/atmel/studio/7.0/toolchain/arm/arm-gnu-toolchain/bin/../lib/gcc/arm-none-eabi/6.3.1/../../../../arm-none-eabi/lib/thumb/v6-m\libc_nano.a(lib_a-impure.o)
                              c:/program files (x86)/atmel/studio/7.0/toolchain/arm/arm-gnu-toolchain/bin/../lib/gcc/arm-none-eabi/6.3.1/../../../../arm-none-eabi/lib/thumb/v6-m\libc_nano.a(lib_a-exit.o) (_global_impure_ptr)
c:/program files (x86)/atmel/studio/7.0/toolchain/arm/arm-gnu-toolchain/bin/../lib/gcc/arm-none-eabi/6.3.1/../../../../arm-none-eabi/lib/thumb/v6-m\libc_nano.a(lib_a-init.o)
                              c:/program files (x86)/atmel/studio/7.0/toolchain/arm/arm-gnu-toolchain/bin/../lib/gcc/arm-none-eabi/6.3.1/../../../../arm-none-eabi/lib/thumb/v6-m/crt0.o (__libc_init_array)
c:/program files (x86)/atmel/studio/7.0/toolchain/arm/arm-gnu-toolchain/bin/../lib/gcc/arm-none-eabi/6.3.1/../../../../arm-none-eabi/lib/thumb/v6-m\libc_nano.a(lib_a-locale.o)
                              src/handler.o (__locale_ctype_ptr)
c:/program files (x86)/atmel/studio/7.0/toolchain/arm/arm-gnu-toolchain/bin/../lib/gcc/arm-none-eabi/6.3.1/../../../../arm-none-eabi/lib/thumb/v6-m\libc_nano.a(lib_a-malloc.o)
                              src/main.o (malloc)
c:/program files (x86)/atmel/studio/7.0/toolchain/arm/arm-gnu-toolchain/bin/../lib/gcc/arm-none-eabi/6.3.1/../../../../arm-none-eabi/lib/thumb/v6-m\libc_nano.a(lib_a-mbtowc_r.o)
                              c:/program files (x86)/atmel/studio/7.0/toolchain/arm/arm-gnu-toolchain/bin/../lib/gcc/arm-none-eabi/6.3.1/../../../../arm-none-eabi/lib/thumb/v6-m\libc_nano.a(lib_a-locale.o) (__ascii_mbtowc)
c:/program files (x86)/atmel/studio/7.0/toolchain/arm/arm-gnu-toolchain/bin/../lib/gcc/arm-none-eabi/6.3.1/../../../../arm-none-eabi/lib/thumb/v6-m\libc_nano.a(lib_a-memcpy-stub.o)
                              src/ASF/sam0/drivers/adc/adc_sam_d_r_h/adc.o (memcpy)
c:/program files (x86)/atmel/studio/7.0/toolchain/arm/arm-gnu-toolchain/bin/../lib/gcc/arm-none-eabi/6.3.1/../../../../arm-none-eabi/lib/thumb/v6-m\libc_nano.a(lib_a-memset.o)
                              c:/program files (x86)/atmel/studio/7.0/toolchain/arm/arm-gnu-toolchain/bin/../lib/gcc/arm-none-eabi/6.3.1/../../../../arm-none-eabi/lib/thumb/v6-m/crt0.o (memset)
c:/program files (x86)/atmel/studio/7.0/toolchain/arm/arm-gnu-toolchain/bin/../lib/gcc/arm-none-eabi/6.3.1/../../../../arm-none-eabi/lib/thumb/v6-m\libc_nano.a(lib_a-nano-freer.o)
                              c:/program files (x86)/atmel/studio/7.0/toolchain/arm/arm-gnu-toolchain/bin/../lib/gcc/arm-none-eabi/6.3.1/../../../../arm-none-eabi/lib/thumb/v6-m\libc_nano.a(lib_a-malloc.o) (_free_r)
c:/program files (x86)/atmel/studio/7.0/toolchain/arm/arm-gnu-toolchain/bin/../lib/gcc/arm-none-eabi/6.3.1/../../../../arm-none-eabi/lib/thumb/v6-m\libc_nano.a(lib_a-nano-mallocr.o)
                              c:/program files (x86)/atmel/studio/7.0/toolchain/arm/arm-gnu-toolchain/bin/../lib/gcc/arm-none-eabi/6.3.1/../../../../arm-none-eabi/lib/thumb/v6-m\libc_nano.a(lib_a-malloc.o) (_malloc_r)
c:/program files (x86)/atmel/studio/7.0/toolchain/arm/arm-gnu-toolchain/bin/../lib/gcc/arm-none-eabi/6.3.1/../../../../arm-none-eabi/lib/thumb/v6-m\libc_nano.a(lib_a-nano-vfprintf_float.o)
                              (_printf_float)
c:/program files (x86)/atmel/studio/7.0/toolchain/arm/arm-gnu-toolchain/bin/../lib/gcc/arm-none-eabi/6.3.1/../../../../arm-none-eabi/lib/thumb/v6-m\libc_nano.a(lib_a-nano-vfprintf_i.o)
                              c:/program files (x86)/atmel/studio/7.0/toolchain/arm/arm-gnu-toolchain/bin/../lib/gcc/arm-none-eabi/6.3.1/../../../../arm-none-eabi/lib/thumb/v6-m\libc_nano.a(lib_a-nano-vfprintf_float.o) (_printf_common)
c:/program files (x86)/atmel/studio/7.0/toolchain/arm/arm-gnu-toolchain/bin/../lib/gcc/arm-none-eabi/6.3.1/../../../../arm-none-eabi/lib/thumb/v6-m\libc_nano.a(lib_a-printf.o)
                              src/handler.o (printf)
c:/program files (x86)/atmel/studio/7.0/toolchain/arm/arm-gnu-toolchain/bin/../lib/gcc/arm-none-eabi/6.3.1/../../../../arm-none-eabi/lib/thumb/v6-m\libc_nano.a(lib_a-puts.o)
                              src/HDC1080/hdc1080.o (puts)
[...]
Memory Configuration

Name             Origin             Length             Attributes
rom              0x00000000         0x00040000         xr
ram              0x20000000         0x00008000         xrw
*default*        0x00000000         0xffffffff

Linker script and memory map

LOAD c:/program files (x86)/atmel/studio/7.0/toolchain/arm/arm-gnu-toolchain/bin/../lib/gcc/arm-none-eabi/6.3.1/thumb/v6-m/crti.o
LOAD c:/program files (x86)/atmel/studio/7.0/toolchain/arm/arm-gnu-toolchain/bin/../lib/gcc/arm-none-eabi/6.3.1/thumb/v6-m/crtbegin.o
LOAD c:/program files (x86)/atmel/studio/7.0/toolchain/arm/arm-gnu-toolchain/bin/../lib/gcc/arm-none-eabi/6.3.1/../../../../arm-none-eabi/lib/thumb/v6-m/crt0.o
LOAD src/ASF/common2/components/memory/serial_flash/at25dfx/at25dfx.o
LOAD src/ASF/common/services/crc32/crc32.o
LOAD src/ASF/sam0/drivers/sercom/spi/spi.o
LOAD src/ASF/sam0/drivers/sercom/spi/spi_interrupt.o
LOAD src/HDC1080/hdc1080.o
LOAD src/TSL2561/TSL2561.o
LOAD src/ASF/common2/services/delay/sam0/systick_counter.o
LOAD src/ASF/sam0/components/sensor/at30tse75x/at30tse75x.o
LOAD src/ASF/sam0/drivers/adc/adc_sam_d_r_h/adc.o
LOAD src/ASF/sam0/drivers/sercom/i2c/i2c_sam0/i2c_master.o
LOAD src/ASF/sam0/drivers/sercom/i2c/i2c_sam0/i2c_master_interrupt.o
LOAD src/ASF/sam0/drivers/sercom/i2c/i2c_sam0/i2c_slave.o
LOAD src/ASF/sam0/drivers/sercom/i2c/i2c_sam0/i2c_slave_interrupt.o
LOAD src/ASF/sam0/drivers/sercom/sercom.o
LOAD src/ASF/sam0/utils/stdio/read.o
LOAD src/ASF/sam0/utils/stdio/write.o
LOAD src/ASF/sam0/drivers/sercom/usart/usart.o
LOAD src/ASF/sam0/drivers/sercom/usart/usart_interrupt.o
LOAD src/ASF/sam0/drivers/sercom/sercom_interrupt.o
LOAD src/ASF/common/utils/interrupt/interrupt_sam_nvic.o
LOAD src/ASF/sam0/boards/samw25_xplained_pro/board_init.o
LOAD src/ASF/sam0/drivers/port/port.o
LOAD src/ASF/sam0/drivers/system/clock/clock_samd21_r21_da_ha1/clock.o
LOAD src/ASF/sam0/drivers/system/clock/clock_samd21_r21_da_ha1/gclk.o
LOAD src/ASF/sam0/drivers/system/interrupt/system_interrupt.o
LOAD src/ASF/sam0/drivers/system/pinmux/pinmux.o
LOAD src/ASF/sam0/drivers/system/system.o
LOAD src/ASF/sam0/utils/cmsis/samd21/source/gcc/startup_samd21.o
LOAD src/ASF/sam0/utils/cmsis/samd21/source/system_samd21.o
LOAD src/ASF/sam0/utils/syscalls/gcc/syscalls.o
LOAD src/handler.o
LOAD src/main.o
START GROUP
LOAD ../src/ASF/thirdparty/CMSIS/Lib/GCC\libarm_cortexM0l_math.a
LOAD c:/program files (x86)/atmel/studio/7.0/toolchain/arm/arm-gnu-toolchain/bin/../lib/gcc/arm-none-eabi/6.3.1/../../../../arm-none-eabi/lib/thumb/v6-m\libm.a
END GROUP
LOAD c:/program files (x86)/atmel/studio/7.0/toolchain/arm/arm-gnu-toolchain/bin/../lib/gcc/arm-none-eabi/6.3.1/../../../../arm-none-eabi/lib/thumb/v6-m\libc_nano.a
START GROUP
LOAD c:/program files (x86)/atmel/studio/7.0/toolchain/arm/arm-gnu-toolchain/bin/../lib/gcc/arm-none-eabi/6.3.1/thumb/v6-m\libgcc.a
LOAD c:/program files (x86)/atmel/studio/7.0/toolchain/arm/arm-gnu-toolchain/bin/../lib/gcc/arm-none-eabi/6.3.1/../../../../arm-none-eabi/lib/thumb/v6-m\libc_nano.a
END GROUP
START GROUP
LOAD c:/program files (x86)/atmel/studio/7.0/toolchain/arm/arm-gnu-toolchain/bin/../lib/gcc/arm-none-eabi/6.3.1/thumb/v6-m\libgcc.a
LOAD c:/program files (x86)/atmel/studio/7.0/toolchain/arm/arm-gnu-toolchain/bin/../lib/gcc/arm-none-eabi/6.3.1/../../../../arm-none-eabi/lib/thumb/v6-m\libc_nano.a
END GROUP
LOAD c:/program files (x86)/atmel/studio/7.0/toolchain/arm/arm-gnu-toolchain/bin/../lib/gcc/arm-none-eabi/6.3.1/thumb/v6-m/crtend.o
LOAD c:/program files (x86)/atmel/studio/7.0/toolchain/arm/arm-gnu-toolchain/bin/../lib/gcc/arm-none-eabi/6.3.1/thumb/v6-m/crtn.o
                0x00002000                STACK_SIZE = DEFINED (STACK_SIZE)?STACK_SIZE:DEFINED (__stack_size__)?__stack_size__:0x2000

.text           0x00000000     0xf0f8
                0x00000000                . = ALIGN (0x4)
                0x00000000                _sfixed = .
 *(.vectors .vectors.*)
 .vectors       0x00000000       0xb4 src/ASF/sam0/utils/cmsis/samd21/source/gcc/startup_samd21.o
                0x00000000                exception_table
 *(.text .text.* .gnu.linkonce.t.*)
 .text          0x000000b4       0x60 c:/program files (x86)/atmel/studio/7.0/toolchain/arm/arm-gnu-toolchain/bin/../lib/gcc/arm-none-eabi/6.3.1/thumb/v6-m/crtbegin.o
 .text.system_pinmux_get_group_from_gpio_pin
                0x00000114       0x60 src/ASF/common2/components/memory/serial_flash/at25dfx/at25dfx.o
 .text.port_get_group_from_gpio_pin
                0x00000174       0x24 src/ASF/common2/components/memory/serial_flash/at25dfx/at25dfx.o
 .text.port_pin_set_output_level
                0x00000198       0x54 src/ASF/common2/components/memory/serial_flash/at25dfx/at25dfx.o
 .text.system_interrupt_enter_critical_section
                0x000001ec       0x14 src/ASF/common2/components/memory/serial_flash/at25dfx/at25dfx.o
 .text.system_interrupt_leave_critical_section
                0x00000200       0x14 src/ASF/common2/components/memory/serial_flash/at25dfx/at25dfx.o
 .text.spi_lock
                0x00000214       0x48 src/ASF/common2/components/memory/serial_flash/at25dfx/at25dfx.o
 .text.spi_unlock
                0x0000025c       0x16 src/ASF/common2/components/memory/serial_flash/at25dfx/at25dfx.o
 .text.spi_is_ready_to_write
                0x00000272       0x28 src/ASF/common2/components/memory/serial_flash/at25dfx/at25dfx.o
 .text.spi_is_ready_to_read
                0x0000029a       0x28 src/ASF/common2/components/memory/serial_flash/at25dfx/at25dfx.o
 *fill*         0x000002c2        0x2 
 .text.spi_write
                0x000002c4       0x48 src/ASF/common2/components/memory/serial_flash/at25dfx/at25dfx.o
 .text.spi_read
                0x0000030c       0x88 src/ASF/common2/components/memory/serial_flash/at25dfx/at25dfx.o
 .text._at25dfx_get_device_id
                0x00000394       0x7c src/ASF/common2/components/memory/serial_flash/at25dfx/at25dfx.o
 .text._at25dfx_get_device_size
                0x00000410       0x58 src/ASF/common2/components/memory/serial_flash/at25dfx/at25dfx.o
 .text._at25dfx_chip_select
                0x00000468       0x20 src/ASF/common2/components/memory/serial_flash/at25dfx/at25dfx.o
 .text._at25dfx_chip_deselect
                0x00000488       0x20 src/ASF/common2/components/memory/serial_flash/at25dfx/at25dfx.o
 .text._at25dfx_chip_issue_read_command_wait
                0x000004a8      0x108 src/ASF/common2/components/memory/serial_flash/at25dfx/at25dfx.o
 .text._at25dfx_chip_issue_write_command_wait
                0x000005b0      0x104 src/ASF/common2/components/memory/serial_flash/at25dfx/at25dfx.o
 .text._at25dfx_chip_get_nonbusy_status
                0x000006b4      0x124 src/ASF/common2/components/memory/serial_flash/at25dfx/at25dfx.o
 .text._at25dfx_chip_enable_write
                0x000007d8       0x54 src/ASF/common2/components/memory/serial_flash/at25dfx/at25dfx.o
 .text.at25dfx_chip_check_presence
                0x0000082c       0xac src/ASF/common2/components/memory/serial_flash/at25dfx/at25dfx.o
                0x0000082c                at25dfx_chip_check_presence
 .text.at25dfx_chip_read_buffer
                0x000008d8       0xb8 src/ASF/common2/components/memory/serial_flash/at25dfx/at25dfx.o
                0x000008d8                at25dfx_chip_read_buffer
 .text.at25dfx_chip_write_buffer
                0x00000990      0x1a8 src/ASF/common2/components/memory/serial_flash/at25dfx/at25dfx.o
                0x00000990                at25dfx_chip_write_buffer
 .text.at25dfx_chip_erase_block
                0x00000b38       0xfc src/ASF/common2/components/memory/serial_flash/at25dfx/at25dfx.o
                0x00000b38                at25dfx_chip_erase_block
 .text.at25dfx_chip_set_global_sector_protect
                0x00000c34       0xb4 src/ASF/common2/components/memory/serial_flash/at25dfx/at25dfx.o
                0x00000c34                at25dfx_chip_set_global_sector_protect
 .text.at25dfx_chip_set_sector_protect
                0x00000ce8       0xc4 src/ASF/common2/components/memory/serial_flash/at25dfx/at25dfx.o
                0x00000ce8                at25dfx_chip_set_sector_protect
 .text.at25dfx_chip_sleep
                0x00000dac       0x8c src/ASF/common2/components/memory/serial_flash/at25dfx/at25dfx.o
                0x00000dac                at25dfx_chip_sleep
 .text.at25dfx_chip_wake
                0x00000e38       0x8c src/ASF/common2/components/memory/serial_flash/at25dfx/at25dfx.o
                0x00000e38                at25dfx_chip_wake
 .text._crc32_recalculate_bytes_helper
                0x00000ec4       0x50 src/ASF/common/services/crc32/crc32.o
 .text.crc32_recalculate
                0x00000f14       0xfc src/ASF/common/services/crc32/crc32.o
                0x00000f14                crc32_recalculate
 .text.system_pinmux_get_config_defaults
                0x00001010       0x28 src/ASF/sam0/drivers/sercom/spi/spi.o
 .text.system_gclk_chan_get_config_defaults
                0x00001038       0x16 src/ASF/sam0/drivers/sercom/spi/spi.o
 *fill*         0x0000104e        0x2 
 .text.system_apb_clock_set_mask
                0x00001050       0x5c src/ASF/sam0/drivers/sercom/spi/spi.o
 .text.system_is_debugger_present
                0x000010ac       0x20 src/ASF/sam0/drivers/sercom/spi/spi.o
 .text.spi_is_write_complete
                0x000010cc       0x28 src/ASF/sam0/drivers/sercom/spi/spi.o
 .text.spi_is_ready_to_write
                0x000010f4       0x28 src/ASF/sam0/drivers/sercom/spi/spi.o
 .text.spi_is_ready_to_read
                0x0000111c       0x28 src/ASF/sam0/drivers/sercom/spi/spi.o
 .text.spi_write
                0x00001144       0x48 src/ASF/sam0/drivers/sercom/spi/spi.o
 .text.spi_read
                0x0000118c       0x88 src/ASF/sam0/drivers/sercom/spi/spi.o
 .text._spi_clear_tx_complete_flag
                0x00001214       0x1c src/ASF/sam0/drivers/sercom/spi/spi.o
 .text._spi_set_config
                0x00001230      0x250 src/ASF/sam0/drivers/sercom/spi/spi.o
 .text.spi_init
                0x00001480      0x1a4 src/ASF/sam0/drivers/sercom/spi/spi.o
                0x00001480                spi_init
 .text.spi_read_buffer_wait
                0x00001624      0x1bc src/ASF/sam0/drivers/sercom/spi/spi.o
                0x00001624                spi_read_buffer_wait
 .text.spi_write_buffer_wait
                0x000017e0      0x324 src/ASF/sam0/drivers/sercom/spi/spi.o
                0x000017e0                spi_write_buffer_wait
 .text._spi_write
                0x00001b04       0x7a src/ASF/sam0/drivers/sercom/spi/spi_interrupt.o
 *fill*         0x00001b7e        0x2 
 .text._spi_write_dummy
                0x00001b80       0x34 src/ASF/sam0/drivers/sercom/spi/spi_interrupt.o
 .text._spi_read_dummy
                0x00001bb4       0x36 src/ASF/sam0/drivers/sercom/spi/spi_interrupt.o
 .text._spi_read
                0x00001bea       0x70 src/ASF/sam0/drivers/sercom/spi/spi_interrupt.o
 *fill*         0x00001c5a        0x2 
 .text._spi_interrupt_handler
                0x00001c5c      0x30c src/ASF/sam0/drivers/sercom/spi/spi_interrupt.o
                0x00001c5c                _spi_interrupt_handler
 .text.hdc1080_read_reg
                0x00001f68      0x16c src/HDC1080/hdc1080.o
                0x00001f68                hdc1080_read_reg
 .text.hdc1080_write_reg
                0x000020d4       0xd0 src/HDC1080/hdc1080.o
                0x000020d4                hdc1080_write_reg
 .text.hdc1080_measure
                0x000021a4      0x260 src/HDC1080/hdc1080.o
                0x000021a4                hdc1080_measure
 .text.write8   0x00002404       0x88 src/TSL2561/TSL2561.o
                0x00002404                write8
 .text.enable   0x0000248c       0x18 src/TSL2561/TSL2561.o
                0x0000248c                enable
 .text.disable  0x000024a4       0x18 src/TSL2561/TSL2561.o
                0x000024a4                disable
 .text.read8_reg
                0x000024bc       0x90 src/TSL2561/TSL2561.o
                0x000024bc                read8_reg
 .text.read16_reg
                0x0000254c       0xc8 src/TSL2561/TSL2561.o
                0x0000254c                read16_reg
 .text.tsl2561_init
                0x00002614       0x44 src/TSL2561/TSL2561.o
                0x00002614                tsl2561_init
 .text.calculateLux
                0x00002658      0x14c src/TSL2561/TSL2561.o
                0x00002658                calculateLux
 .text.getLuminosity
                0x000027a4       0x40 src/TSL2561/TSL2561.o
                0x000027a4                getLuminosity
 .text.delay_cycles
                0x000027e4       0x34 src/ASF/common2/services/delay/sam0/systick_counter.o
 .text.delay_init
                0x00002818       0x58 src/ASF/common2/services/delay/sam0/systick_counter.o
                0x00002818                delay_init
 .text.delay_cycles_us
                0x00002870       0x30 src/ASF/common2/services/delay/sam0/systick_counter.o
                0x00002870                delay_cycles_us
 .text.delay_cycles_ms
                0x000028a0       0x30 src/ASF/common2/services/delay/sam0/systick_counter.o
                0x000028a0                delay_cycles_ms
 .text.system_gclk_chan_get_config_defaults
                0x000028d0       0x16 src/ASF/sam0/drivers/adc/adc_sam_d_r_h/adc.o
 *fill*         0x000028e6        0x2 
 .text.system_apb_clock_set_mask
                0x000028e8       0x5c src/ASF/sam0/drivers/adc/adc_sam_d_r_h/adc.o
 .text.system_pinmux_get_config_defaults
                0x00002944       0x28 src/ASF/sam0/drivers/adc/adc_sam_d_r_h/adc.o
 .text.system_voltage_reference_enable
                0x0000296c       0x40 src/ASF/sam0/drivers/adc/adc_sam_d_r_h/adc.o
 .text.adc_is_syncing
                0x000029ac       0x28 src/ASF/sam0/drivers/adc/adc_sam_d_r_h/adc.o
 .text.adc_get_config_defaults
                0x000029d4       0xaa src/ASF/sam0/drivers/adc/adc_sam_d_r_h/adc.o
                0x000029d4                adc_get_config_defaults
 *fill*         0x00002a7e        0x2 
 .text._adc_configure_ain_pin
                0x00002a80       0x78 src/ASF/sam0/drivers/adc/adc_sam_d_r_h/adc.o
 .text._adc_set_config
                0x00002af8      0x52c src/ASF/sam0/drivers/adc/adc_sam_d_r_h/adc.o
 .text.adc_init
                0x00003024       0x7c src/ASF/sam0/drivers/adc/adc_sam_d_r_h/adc.o
                0x00003024                adc_init
 .text.system_gclk_chan_get_config_defaults
                0x000030a0       0x16 src/ASF/sam0/drivers/sercom/i2c/i2c_sam0/i2c_master.o
 *fill*         0x000030b6        0x2 
 .text.system_apb_clock_set_mask
                0x000030b8       0x5c src/ASF/sam0/drivers/sercom/i2c/i2c_sam0/i2c_master.o
 .text.system_pinmux_get_config_defaults
                0x00003114       0x28 src/ASF/sam0/drivers/sercom/i2c/i2c_sam0/i2c_master.o
 .text.system_is_debugger_present
                0x0000313c       0x20 src/ASF/sam0/drivers/sercom/i2c/i2c_sam0/i2c_master.o
 .text.i2c_master_is_syncing
                0x0000315c       0x24 src/ASF/sam0/drivers/sercom/i2c/i2c_sam0/i2c_master.o
 .text._i2c_master_wait_for_sync
                0x00003180       0x24 src/ASF/sam0/drivers/sercom/i2c/i2c_sam0/i2c_master.o
 .text._i2c_master_set_config
                0x000031a4      0x410 src/ASF/sam0/drivers/sercom/i2c/i2c_sam0/i2c_master.o
 .text.i2c_master_init
                0x000035b4      0x134 src/ASF/sam0/drivers/sercom/i2c/i2c_sam0/i2c_master.o
                0x000035b4                i2c_master_init
 .text._i2c_master_address_response
                0x000036e8       0x5e src/ASF/sam0/drivers/sercom/i2c/i2c_sam0/i2c_master.o
                0x000036e8                _i2c_master_address_response
 .text._i2c_master_wait_for_bus
                0x00003746       0x5e src/ASF/sam0/drivers/sercom/i2c/i2c_sam0/i2c_master.o
                0x00003746                _i2c_master_wait_for_bus
 .text._i2c_master_send_hs_master_code
                0x000037a4       0x54 src/ASF/sam0/drivers/sercom/i2c/i2c_sam0/i2c_master.o
                0x000037a4                _i2c_master_send_hs_master_code
 .text._i2c_master_read_packet
                0x000037f8      0x274 src/ASF/sam0/drivers/sercom/i2c/i2c_sam0/i2c_master.o
 .text.i2c_master_read_packet_wait
                0x00003a6c       0x40 src/ASF/sam0/drivers/sercom/i2c/i2c_sam0/i2c_master.o
                0x00003a6c                i2c_master_read_packet_wait
 .text._i2c_master_write_packet
                0x00003aac      0x178 src/ASF/sam0/drivers/sercom/i2c/i2c_sam0/i2c_master.o
 .text.i2c_master_write_packet_wait
                0x00003c24       0x40 src/ASF/sam0/drivers/sercom/i2c/i2c_sam0/i2c_master.o
                0x00003c24                i2c_master_write_packet_wait
 .text.i2c_master_write_packet_wait_no_stop
                0x00003c64       0x40 src/ASF/sam0/drivers/sercom/i2c/i2c_sam0/i2c_master.o
                0x00003c64                i2c_master_write_packet_wait_no_stop
 .text.i2c_master_send_stop
                0x00003ca4       0x30 src/ASF/sam0/drivers/sercom/i2c/i2c_sam0/i2c_master.o
                0x00003ca4                i2c_master_send_stop
 .text.i2c_master_is_syncing
                0x00003cd4       0x24 src/ASF/sam0/drivers/sercom/i2c/i2c_sam0/i2c_master_interrupt.o
 .text._i2c_master_wait_for_sync
                0x00003cf8       0x24 src/ASF/sam0/drivers/sercom/i2c/i2c_sam0/i2c_master_interrupt.o
 .text._i2c_master_read
                0x00003d1c       0xf0 src/ASF/sam0/drivers/sercom/i2c/i2c_sam0/i2c_master_interrupt.o
 .text._i2c_master_write
                0x00003e0c       0x7c src/ASF/sam0/drivers/sercom/i2c/i2c_sam0/i2c_master_interrupt.o
 .text._i2c_master_async_address_response
                0x00003e88       0xbc src/ASF/sam0/drivers/sercom/i2c/i2c_sam0/i2c_master_interrupt.o
 .text.i2c_master_register_callback
                0x00003f44       0x46 src/ASF/sam0/drivers/sercom/i2c/i2c_sam0/i2c_master_interrupt.o
                0x00003f44                i2c_master_register_callback
 *fill*         0x00003f8a        0x2 
 .text._i2c_master_read_packet
                0x00003f8c      0x158 src/ASF/sam0/drivers/sercom/i2c/i2c_sam0/i2c_master_interrupt.o
 .text.i2c_master_read_packet_job
                0x000040e4       0x40 src/ASF/sam0/drivers/sercom/i2c/i2c_sam0/i2c_master_interrupt.o
                0x000040e4                i2c_master_read_packet_job
 .text._i2c_master_interrupt_handler
                0x00004124      0x274 src/ASF/sam0/drivers/sercom/i2c/i2c_sam0/i2c_master_interrupt.o
                0x00004124                _i2c_master_interrupt_handler
 .text.system_gclk_chan_get_config_defaults
                0x00004398       0x16 src/ASF/sam0/drivers/sercom/sercom.o
 .text.long_division
                0x000043ae       0xe0 src/ASF/sam0/drivers/sercom/sercom.o
 .text._sercom_get_sync_baud_val
                0x0000448e       0x7c src/ASF/sam0/drivers/sercom/sercom.o
                0x0000448e                _sercom_get_sync_baud_val
 *fill*         0x0000450a        0x2 
 .text._sercom_get_async_baud_val
                0x0000450c      0x1c0 src/ASF/sam0/drivers/sercom/sercom.o
                0x0000450c                _sercom_get_async_baud_val
 .text.sercom_set_gclk_generator
                0x000046cc       0x8c src/ASF/sam0/drivers/sercom/sercom.o
                0x000046cc                sercom_set_gclk_generator
 .text._sercom_get_default_pad
                0x00004758      0x1bc src/ASF/sam0/drivers/sercom/sercom.o
                0x00004758                _sercom_get_default_pad
 .text._sercom_get_sercom_inst_index
                0x00004914       0x50 src/ASF/sam0/drivers/sercom/sercom.o
                0x00004914                _sercom_get_sercom_inst_index
 .text._read    0x00004964       0x54 src/ASF/sam0/utils/stdio/read.o
                0x00004964                _read
 .text._write   0x000049b8       0x6c src/ASF/sam0/utils/stdio/write.o
                0x000049b8                _write
 .text.system_gclk_chan_get_config_defaults
                0x00004a24       0x16 src/ASF/sam0/drivers/sercom/usart/usart.o
 *fill*         0x00004a3a        0x2 
 .text.system_apb_clock_set_mask
                0x00004a3c       0x5c src/ASF/sam0/drivers/sercom/usart/usart.o
 .text.system_pinmux_get_config_defaults
                0x00004a98       0x28 src/ASF/sam0/drivers/sercom/usart/usart.o
 .text.system_is_debugger_present
                0x00004ac0       0x20 src/ASF/sam0/drivers/sercom/usart/usart.o
 .text.usart_is_syncing
                0x00004ae0       0x20 src/ASF/sam0/drivers/sercom/usart/usart.o
 .text._usart_wait_for_sync
                0x00004b00       0x24 src/ASF/sam0/drivers/sercom/usart/usart.o
 .text._usart_set_config
                0x00004b24      0x2dc src/ASF/sam0/drivers/sercom/usart/usart.o
 .text.usart_init
                0x00004e00      0x274 src/ASF/sam0/drivers/sercom/usart/usart.o
                0x00004e00                usart_init
 .text.usart_write_wait
                0x00005074       0x64 src/ASF/sam0/drivers/sercom/usart/usart.o
                0x00005074                usart_write_wait
 .text.usart_read_wait
                0x000050d8       0xec src/ASF/sam0/drivers/sercom/usart/usart.o
                0x000050d8                usart_read_wait
 .text.usart_write_buffer_wait
                0x000051c4      0x12c src/ASF/sam0/drivers/sercom/usart/usart.o
                0x000051c4                usart_write_buffer_wait
 .text.usart_read_buffer_wait
                0x000052f0      0x108 src/ASF/sam0/drivers/sercom/usart/usart.o
                0x000052f0                usart_read_buffer_wait
 .text.usart_is_syncing
                0x000053f8       0x20 src/ASF/sam0/drivers/sercom/usart/usart_interrupt.o
 .text._usart_wait_for_sync
                0x00005418       0x24 src/ASF/sam0/drivers/sercom/usart/usart_interrupt.o
 .text._usart_interrupt_handler
                0x0000543c      0x340 src/ASF/sam0/drivers/sercom/usart/usart_interrupt.o
                0x0000543c                _usart_interrupt_handler
 .text._sercom_default_handler
                0x0000577c       0x14 src/ASF/sam0/drivers/sercom/sercom_interrupt.o
 .text._sercom_set_handler
                0x00005790       0x6c src/ASF/sam0/drivers/sercom/sercom_interrupt.o
                0x00005790                _sercom_set_handler
 .text._sercom_get_interrupt_vector
                0x000057fc       0x44 src/ASF/sam0/drivers/sercom/sercom_interrupt.o
                0x000057fc                _sercom_get_interrupt_vector
 .text.SERCOM0_Handler
                0x00005840       0x18 src/ASF/sam0/drivers/sercom/sercom_interrupt.o
                0x00005840                SERCOM0_Handler
 .text.SERCOM1_Handler
                0x00005858       0x18 src/ASF/sam0/drivers/sercom/sercom_interrupt.o
                0x00005858                SERCOM1_Handler
 .text.SERCOM2_Handler
                0x00005870       0x18 src/ASF/sam0/drivers/sercom/sercom_interrupt.o
                0x00005870                SERCOM2_Handler
 .text.SERCOM3_Handler
                0x00005888       0x18 src/ASF/sam0/drivers/sercom/sercom_interrupt.o
                0x00005888                SERCOM3_Handler
 .text.SERCOM4_Handler
                0x000058a0       0x18 src/ASF/sam0/drivers/sercom/sercom_interrupt.o
                0x000058a0                SERCOM4_Handler
 .text.SERCOM5_Handler
                0x000058b8       0x18 src/ASF/sam0/drivers/sercom/sercom_interrupt.o
                0x000058b8                SERCOM5_Handler
 .text.cpu_irq_enter_critical
                0x000058d0       0x54 src/ASF/common/utils/interrupt/interrupt_sam_nvic.o
                0x000058d0                cpu_irq_enter_critical
 .text.cpu_irq_leave_critical
                0x00005924       0x40 src/ASF/common/utils/interrupt/interrupt_sam_nvic.o
                0x00005924                cpu_irq_leave_critical
 .text.system_pinmux_get_group_from_gpio_pin
                0x00005964       0x60 src/ASF/sam0/boards/samw25_xplained_pro/board_init.o
 .text.port_get_group_from_gpio_pin
                0x000059c4       0x24 src/ASF/sam0/boards/samw25_xplained_pro/board_init.o
 .text.port_get_config_defaults
                0x000059e8       0x22 src/ASF/sam0/boards/samw25_xplained_pro/board_init.o
 *fill*         0x00005a0a        0x2 
 .text.port_pin_set_output_level
                0x00005a0c       0x54 src/ASF/sam0/boards/samw25_xplained_pro/board_init.o
 .text.system_board_init
                0x00005a60       0x50 src/ASF/sam0/boards/samw25_xplained_pro/board_init.o
                0x00005a60                board_init
                0x00005a60                system_board_init
 .text.system_pinmux_get_config_defaults
                0x00005ab0       0x28 src/ASF/sam0/drivers/port/port.o
 .text.port_pin_set_config
                0x00005ad8       0x60 src/ASF/sam0/drivers/port/port.o
                0x00005ad8                port_pin_set_config
 .text.system_gclk_gen_get_config_defaults
                0x00005b38       0x2e src/ASF/sam0/drivers/system/clock/clock_samd21_r21_da_ha1/clock.o
 .text.system_gclk_chan_get_config_defaults
                0x00005b66       0x16 src/ASF/sam0/drivers/system/clock/clock_samd21_r21_da_ha1/clock.o
 .text.system_clock_source_xosc32k_get_config_defaults
                0x00005b7c       0x48 src/ASF/sam0/drivers/system/clock/clock_samd21_r21_da_ha1/clock.o
 .text.system_clock_source_osc8m_get_config_defaults
                0x00005bc4       0x22 src/ASF/sam0/drivers/system/clock/clock_samd21_r21_da_ha1/clock.o
 .text.system_clock_source_dfll_get_config_defaults
                0x00005be6       0x52 src/ASF/sam0/drivers/system/clock/clock_samd21_r21_da_ha1/clock.o
 .text.system_cpu_clock_set_divider
                0x00005c38       0x20 src/ASF/sam0/drivers/system/clock/clock_samd21_r21_da_ha1/clock.o
 .text.system_apb_clock_set_divider
                0x00005c58       0x54 src/ASF/sam0/drivers/system/clock/clock_samd21_r21_da_ha1/clock.o
 .text.system_flash_set_waitstates
                0x00005cac       0x34 src/ASF/sam0/drivers/system/clock/clock_samd21_r21_da_ha1/clock.o
 .text._system_dfll_wait_for_sync
                0x00005ce0       0x1c src/ASF/sam0/drivers/system/clock/clock_samd21_r21_da_ha1/clock.o
 .text._system_clock_source_dfll_set_config_errata_9905
                0x00005cfc       0x44 src/ASF/sam0/drivers/system/clock/clock_samd21_r21_da_ha1/clock.o
 .text.system_clock_source_get_hz
                0x00005d40       0xbc src/ASF/sam0/drivers/system/clock/clock_samd21_r21_da_ha1/clock.o
                0x00005d40                system_clock_source_get_hz
 .text.system_clock_source_osc8m_set_config
                0x00005dfc       0x78 src/ASF/sam0/drivers/system/clock/clock_samd21_r21_da_ha1/clock.o
                0x00005dfc                system_clock_source_osc8m_set_config
 .text.system_clock_source_xosc32k_set_config
                0x00005e74      0x120 src/ASF/sam0/drivers/system/clock/clock_samd21_r21_da_ha1/clock.o
                0x00005e74                system_clock_source_xosc32k_set_config
 .text.system_clock_source_dfll_set_config
                0x00005f94       0xd0 src/ASF/sam0/drivers/system/clock/clock_samd21_r21_da_ha1/clock.o
                0x00005f94                system_clock_source_dfll_set_config
 .text.system_clock_source_enable
                0x00006064       0xac src/ASF/sam0/drivers/system/clock/clock_samd21_r21_da_ha1/clock.o
                0x00006064                system_clock_source_enable
 .text.system_clock_source_is_ready
                0x00006110       0x84 src/ASF/sam0/drivers/system/clock/clock_samd21_r21_da_ha1/clock.o
                0x00006110                system_clock_source_is_ready
 .text._switch_peripheral_gclk
                0x00006194       0x38 src/ASF/sam0/drivers/system/clock/clock_samd21_r21_da_ha1/clock.o
 .text.system_clock_init
                0x000061cc      0x27c src/ASF/sam0/drivers/system/clock/clock_samd21_r21_da_ha1/clock.o
                0x000061cc                system_clock_init
 .text.system_apb_clock_set_mask
                0x00006448       0x5c src/ASF/sam0/drivers/system/clock/clock_samd21_r21_da_ha1/gclk.o
 .text.system_interrupt_enter_critical_section
                0x000064a4       0x14 src/ASF/sam0/drivers/system/clock/clock_samd21_r21_da_ha1/gclk.o
 .text.system_interrupt_leave_critical_section
                0x000064b8       0x14 src/ASF/sam0/drivers/system/clock/clock_samd21_r21_da_ha1/gclk.o
 .text.system_gclk_is_syncing
                0x000064cc       0x20 src/ASF/sam0/drivers/system/clock/clock_samd21_r21_da_ha1/gclk.o
 .text.system_gclk_init
                0x000064ec       0x30 src/ASF/sam0/drivers/system/clock/clock_samd21_r21_da_ha1/gclk.o
                0x000064ec                system_gclk_init
 .text.system_gclk_gen_set_config
                0x0000651c      0x124 src/ASF/sam0/drivers/system/clock/clock_samd21_r21_da_ha1/gclk.o
                0x0000651c                system_gclk_gen_set_config
 .text.system_gclk_gen_enable
                0x00006640       0x5c src/ASF/sam0/drivers/system/clock/clock_samd21_r21_da_ha1/gclk.o
                0x00006640                system_gclk_gen_enable
 .text.system_gclk_gen_get_hz
                0x0000669c       0xd8 src/ASF/sam0/drivers/system/clock/clock_samd21_r21_da_ha1/gclk.o
                0x0000669c                system_gclk_gen_get_hz
 .text.system_gclk_chan_set_config
                0x00006774       0x44 src/ASF/sam0/drivers/system/clock/clock_samd21_r21_da_ha1/gclk.o
                0x00006774                system_gclk_chan_set_config
 .text.system_gclk_chan_enable
                0x000067b8       0x48 src/ASF/sam0/drivers/system/clock/clock_samd21_r21_da_ha1/gclk.o
                0x000067b8                system_gclk_chan_enable
 .text.system_gclk_chan_disable
                0x00006800       0x98 src/ASF/sam0/drivers/system/clock/clock_samd21_r21_da_ha1/gclk.o
                0x00006800                system_gclk_chan_disable
 .text.system_gclk_chan_get_hz
                0x00006898       0x58 src/ASF/sam0/drivers/system/clock/clock_samd21_r21_da_ha1/gclk.o
                0x00006898                system_gclk_chan_get_hz
 .text.system_pinmux_get_group_from_gpio_pin
                0x000068f0       0x60 src/ASF/sam0/drivers/system/pinmux/pinmux.o
 .text._system_pinmux_config
                0x00006950      0x110 src/ASF/sam0/drivers/system/pinmux/pinmux.o
 .text.system_pinmux_pin_set_config
                0x00006a60       0x48 src/ASF/sam0/drivers/system/pinmux/pinmux.o
                0x00006a60                system_pinmux_pin_set_config
 .text._system_dummy_init
                0x00006aa8        0xa src/ASF/sam0/drivers/system/system.o
                0x00006aa8                _system_extint_init
                0x00006aa8                _system_events_init
                0x00006aa8                _system_dummy_init
                0x00006aa8                _system_divas_init
 *fill*         0x00006ab2        0x2 
 .text.system_init
                0x00006ab4       0x34 src/ASF/sam0/drivers/system/system.o
                0x00006ab4                system_init
 .text.Reset_Handler
                0x00006ae8       0xf8 src/ASF/sam0/utils/cmsis/samd21/source/gcc/startup_samd21.o
                0x00006ae8                Reset_Handler
 .text.Dummy_Handler
                0x00006be0        0x6 src/ASF/sam0/utils/cmsis/samd21/source/gcc/startup_samd21.o
                0x00006be0                DMAC_Handler
                0x00006be0                HardFault_Handler
                0x00006be0                AC_Handler
                0x00006be0                SysTick_Handler
                0x00006be0                PendSV_Handler
                0x00006be0                NMI_Handler
                0x00006be0                ADC_Handler
                0x00006be0                TCC1_Handler
                0x00006be0                TCC0_Handler
                0x00006be0                RTC_Handler
                0x00006be0                EIC_Handler
                0x00006be0                WDT_Handler
                0x00006be0                TC4_Handler
                0x00006be0                USB_Handler
                0x00006be0                TC3_Handler
                0x00006be0                Dummy_Handler
                0x00006be0                PM_Handler
                0x00006be0                SVC_Handler
                0x00006be0                TCC2_Handler
                0x00006be0                EVSYS_Handler
                0x00006be0                I2S_Handler
                0x00006be0                NVMCTRL_Handler
                0x00006be0                DAC_Handler
                0x00006be0                PTC_Handler
                0x00006be0                TC5_Handler
                0x00006be0                SYSCTRL_Handler
 *fill*         0x00006be6        0x2 
 .text._sbrk    0x00006be8       0x3c src/ASF/sam0/utils/syscalls/gcc/syscalls.o
                0x00006be8                _sbrk
 .text._close   0x00006c24       0x14 src/ASF/sam0/utils/syscalls/gcc/syscalls.o
                0x00006c24                _close
 .text._fstat   0x00006c38       0x1c src/ASF/sam0/utils/syscalls/gcc/syscalls.o
                0x00006c38                _fstat
 .text._isatty  0x00006c54       0x12 src/ASF/sam0/utils/syscalls/gcc/syscalls.o
                0x00006c54                _isatty
 .text._lseek   0x00006c66       0x16 src/ASF/sam0/utils/syscalls/gcc/syscalls.o
                0x00006c66                _lseek
 .text.system_pinmux_get_group_from_gpio_pin
                0x00006c7c       0x60 src/handler.o
 .text.adc_is_syncing
                0x00006cdc       0x28 src/handler.o
 .text.adc_get_status
                0x00006d04       0x54 src/handler.o
 .text.adc_clear_status
                0x00006d58       0x54 src/handler.o
 .text.adc_enable
                0x00006dac       0x54 src/handler.o
 .text.adc_start_conversion
                0x00006e00       0x48 src/handler.o
 .text.adc_read
                0x00006e48       0x7c src/handler.o
 .text.system_interrupt_enable
                0x00006ec4       0x2c src/handler.o
 .text.i2c_master_is_syncing
                0x00006ef0       0x24 src/handler.o
 .text._i2c_master_wait_for_sync
                0x00006f14       0x24 src/handler.o
 .text.i2c_master_get_config_defaults
                0x00006f38       0x84 src/handler.o
 .text.i2c_master_enable
                0x00006fbc       0x74 src/handler.o
 .text.crc32_calculate
                0x00007030       0x2c src/handler.o
 .text.port_get_group_from_gpio_pin
                0x0000705c       0x24 src/handler.o
 .text.port_get_config_defaults
                0x00007080       0x22 src/handler.o
 *fill*         0x000070a2        0x2 
 .text.port_pin_get_input_level
                0x000070a4       0x44 src/handler.o
 .text.port_pin_set_output_level
                0x000070e8       0x54 src/handler.o
 .text.spi_is_syncing
                0x0000713c       0x20 src/handler.o
 .text.spi_get_config_defaults
                0x0000715c       0x84 src/handler.o
 .text.spi_enable
                0x000071e0       0x50 src/handler.o
 .text.at25dfx_spi_get_config_defaults
                0x00007230       0x1c src/handler.o
 .text.at25dfx_chip_init
                0x0000724c       0x68 src/handler.o
 .text.i2c_master_enable_callback
                0x000072b4       0x34 src/handler.o
 .text.usart_is_syncing
                0x000072e8       0x20 src/handler.o
 .text._usart_wait_for_sync
                0x00007308       0x24 src/handler.o
 .text.usart_get_config_defaults
                0x0000732c       0xbe src/handler.o
 *fill*         0x000073ea        0x2 
 .text.usart_enable
                0x000073ec       0x48 src/handler.o
 .text.usart_serial_init
                0x00007434       0x30 src/handler.o
 .text.usart_serial_putchar
                0x00007464       0x34 src/handler.o
 .text.usart_serial_getchar
                0x00007498       0x40 src/handler.o
 .text.stdio_serial_init
                0x000074d8       0x70 src/handler.o
 .text.get_gpio_pin
                0x00007548       0x88 src/handler.o
                0x00007548                get_gpio_pin
 .text.help     0x000075d0       0x1c src/handler.o
                0x000075d0                help
 .text.ver_bl   0x000075ec       0x24 src/handler.o
                0x000075ec                ver_bl
 .text.ver_app  0x00007610       0x24 src/handler.o
                0x00007610                ver_app
 .text.gpio_set
                0x00007634       0x64 src/handler.o
                0x00007634                gpio_set
 .text.gpio_clear
                0x00007698       0x64 src/handler.o
                0x00007698                gpio_clear
 .text.gpio_get
                0x000076fc       0x60 src/handler.o
                0x000076fc                gpio_get
 .text.mac      0x0000775c       0x1c src/handler.o
                0x0000775c                mac
 .text.ip       0x00007778       0x1c src/handler.o
                0x00007778                ip
 .text.read_sensor
                0x00007794      0x100 src/handler.o
                0x00007794                read_sensor
 .text.adc_get  0x00007894      0x18c src/handler.o
                0x00007894                adc_get
 .text.get_moisture
                0x00007a20       0x9c src/handler.o
                0x00007a20                get_moisture
 .text.mcu_temp
                0x00007abc      0x118 src/handler.o
                0x00007abc                mcu_temp
 .text.i2c_scan
                0x00007bd4      0x148 src/handler.o
                0x00007bd4                i2c_scan
 .text.print_general_error
                0x00007d1c       0x24 src/handler.o
                0x00007d1c                print_general_error
 .text.print_args_error
                0x00007d40       0x28 src/handler.o
                0x00007d40                print_args_error
 .text.input_handle
                0x00007d68      0x800 src/handler.o
                0x00007d68                input_handle
 .text.configure_i2c_temp
                0x00008568       0x68 src/handler.o
                0x00008568                configure_i2c_temp
 .text.configure_i2c_lux
                0x000085d0       0x68 src/handler.o
                0x000085d0                configure_i2c_lux
 .text.i2c_write_complete_callback_hdc
                0x00008638       0x28 src/handler.o
                0x00008638                i2c_write_complete_callback_hdc
 .text.i2c_write_complete_callback_tsl
                0x00008660       0x28 src/handler.o
                0x00008660                i2c_write_complete_callback_tsl
 .text.configure_i2c_callbacks_hdc
                0x00008688       0x30 src/handler.o
                0x00008688                configure_i2c_callbacks_hdc
 .text.configure_i2c_callbacks_tsl
                0x000086b8       0x30 src/handler.o
                0x000086b8                configure_i2c_callbacks_tsl
 .text.configure_usart
                0x000086e8       0x74 src/handler.o
                0x000086e8                configure_usart
 .text.configure_adc
                0x0000875c       0x60 src/handler.o
                0x0000875c                configure_adc
 .text.configure_port_pins_set
                0x000087bc       0x3c src/handler.o
                0x000087bc                configure_port_pins_set
 .text.configure_port_pins_get
                0x000087f8       0x44 src/handler.o
                0x000087f8                configure_port_pins_get
 .text.led1_on  0x0000883c       0x20 src/handler.o
                0x0000883c                led1_on
 .text.led1_off
                0x0000885c       0x20 src/handler.o
                0x0000885c                led1_off
 .text.led2_on  0x0000887c       0x20 src/handler.o
                0x0000887c                led2_on
 .text.led2_off
                0x0000889c       0x20 src/handler.o
                0x0000889c                led2_off
 .text.boost_enable
                0x000088bc       0x20 src/handler.o
                0x000088bc                boost_enable
 .text.boost_disable
                0x000088dc       0x20 src/handler.o
                0x000088dc                boost_disable
 .text.relay1_enable
                0x000088fc       0x20 src/handler.o
                0x000088fc                relay1_enable
 .text.relay1_disable
                0x0000891c       0x20 src/handler.o
                0x0000891c                relay1_disable
 .text.relay2_enable
                0x0000893c       0x20 src/handler.o
                0x0000893c                relay2_enable
 .text.relay2_disable
                0x0000895c       0x20 src/handler.o
                0x0000895c                relay2_disable
 .text.at25dfx_init
                0x0000897c       0x9c src/handler.o
 .text.flash_test
                0x00008a18      0x16c src/handler.o
                0x00008a18                flash_test
 .text.system_interrupt_enable_global
                0x00008b84       0x1c src/main.o
 .text.processUserInput
                0x00008ba0       0xe8 src/main.o
                0x00008ba0                processUserInput
 .text.make_lowercase
                0x00008c88       0x78 src/main.o
                0x00008c88                make_lowercase
 .text.fix_args
                0x00008d00       0x78 src/main.o
                0x00008d00                fix_args
 .text.main     0x00008d78       0xe4 src/main.o
                0x00008d78                main
 .text.atoi     0x00008e5c        0xc c:/program files (x86)/atmel/studio/7.0/toolchain/arm/arm-gnu-toolchain/bin/../lib/gcc/arm-none-eabi/6.3.1/../../../../arm-none-eabi/lib/thumb/v6-m\libc_nano.a(lib_a-atoi.o)
                0x00008e5c                atoi
 .text.__libc_init_array
                0x00008e68       0x48 c:/program files (x86)/atmel/studio/7.0/toolchain/arm/arm-gnu-toolchain/bin/../lib/gcc/arm-none-eabi/6.3.1/../../../../arm-none-eabi/lib/thumb/v6-m\libc_nano.a(lib_a-init.o)
                0x00008e68                __libc_init_array
 .text.__locale_ctype_ptr_l
                0x00008eb0        0x6 c:/program files (x86)/atmel/studio/7.0/toolchain/arm/arm-gnu-toolchain/bin/../lib/gcc/arm-none-eabi/6.3.1/../../../../arm-none-eabi/lib/thumb/v6-m\libc_nano.a(lib_a-locale.o)
                0x00008eb0                __locale_ctype_ptr_l
 *fill*         0x00008eb6        0x2 
 .text.__locale_ctype_ptr
                0x00008eb8       0x1c c:/program files (x86)/atmel/studio/7.0/toolchain/arm/arm-gnu-toolchain/bin/../lib/gcc/arm-none-eabi/6.3.1/../../../../arm-none-eabi/lib/thumb/v6-m\libc_nano.a(lib_a-locale.o)
                0x00008eb8                __locale_ctype_ptr
 .text.malloc   0x00008ed4       0x14 c:/program files (x86)/atmel/studio/7.0/toolchain/arm/arm-gnu-toolchain/bin/../lib/gcc/arm-none-eabi/6.3.1/../../../../arm-none-eabi/lib/thumb/v6-m\libc_nano.a(lib_a-malloc.o)
                0x00008ed4                malloc
 .text.__ascii_mbtowc
                0x00008ee8       0x24 c:/program files (x86)/atmel/studio/7.0/toolchain/arm/arm-gnu-toolchain/bin/../lib/gcc/arm-none-eabi/6.3.1/../../../../arm-none-eabi/lib/thumb/v6-m\libc_nano.a(lib_a-mbtowc_r.o)
                0x00008ee8                __ascii_mbtowc
 .text.memcpy   0x00008f0c       0x12 c:/program files (x86)/atmel/studio/7.0/toolchain/arm/arm-gnu-toolchain/bin/../lib/gcc/arm-none-eabi/6.3.1/../../../../arm-none-eabi/lib/thumb/v6-m\libc_nano.a(lib_a-memcpy-stub.o)
                0x00008f0c                memcpy
 .text.memset   0x00008f1e       0x10 c:/program files (x86)/atmel/studio/7.0/toolchain/arm/arm-gnu-toolchain/bin/../lib/gcc/arm-none-eabi/6.3.1/../../../../arm-none-eabi/lib/thumb/v6-m\libc_nano.a(lib_a-memset.o)
                0x00008f1e                memset
 *fill*         0x00008f2e        0x2 
 .text._free_r  0x00008f30       0x94 c:/program files (x86)/atmel/studio/7.0/toolchain/arm/arm-gnu-toolchain/bin/../lib/gcc/arm-none-eabi/6.3.1/../../../../arm-none-eabi/lib/thumb/v6-m\libc_nano.a(lib_a-nano-freer.o)
                0x00008f30                _free_r
 .text._malloc_r
                0x00008fc4       0xbc c:/program files (x86)/atmel/studio/7.0/toolchain/arm/arm-gnu-toolchain/bin/../lib/gcc/arm-none-eabi/6.3.1/../../../../arm-none-eabi/lib/thumb/v6-m\libc_nano.a(lib_a-nano-mallocr.o)
                0x00008fc4                _malloc_r
 .text.__cvt    0x00009080       0xc8 c:/program files (x86)/atmel/studio/7.0/toolchain/arm/arm-gnu-toolchain/bin/../lib/gcc/arm-none-eabi/6.3.1/../../../../arm-none-eabi/lib/thumb/v6-m\libc_nano.a(lib_a-nano-vfprintf_float.o)
                0x00009080                __cvt
 .text.__exponent
                0x00009148       0x70 c:/program files (x86)/atmel/studio/7.0/toolchain/arm/arm-gnu-toolchain/bin/../lib/gcc/arm-none-eabi/6.3.1/../../../../arm-none-eabi/lib/thumb/v6-m\libc_nano.a(lib_a-nano-vfprintf_float.o)
                0x00009148                __exponent
 .text._printf_float
                0x000091b8      0x498 c:/program files (x86)/atmel/studio/7.0/toolchain/arm/arm-gnu-toolchain/bin/../lib/gcc/arm-none-eabi/6.3.1/../../../../arm-none-eabi/lib/thumb/v6-m\libc_nano.a(lib_a-nano-vfprintf_float.o)
                0x000091b8                _printf_float
 .text._printf_common
                0x00009650       0xda c:/program files (x86)/atmel/studio/7.0/toolchain/arm/arm-gnu-toolchain/bin/../lib/gcc/arm-none-eabi/6.3.1/../../../../arm-none-eabi/lib/thumb/v6-m\libc_nano.a(lib_a-nano-vfprintf_i.o)
                0x00009650                _printf_common
 *fill*         0x0000972a        0x2 
 .text._printf_i
                0x0000972c      0x234 c:/program files (x86)/atmel/studio/7.0/toolchain/arm/arm-gnu-toolchain/bin/../lib/gcc/arm-none-eabi/6.3.1/../../../../arm-none-eabi/lib/thumb/v6-m\libc_nano.a(lib_a-nano-vfprintf_i.o)
                0x0000972c                _printf_i
 .text.printf   0x00009960       0x34 c:/program files (x86)/atmel/studio/7.0/toolchain/arm/arm-gnu-toolchain/bin/../lib/gcc/arm-none-eabi/6.3.1/../../../../arm-none-eabi/lib/thumb/v6-m\libc_nano.a(lib_a-printf.o)
                0x00009960                iprintf
                0x00009960                printf
 .text._puts_r  0x00009994       0xc0 c:/program files (x86)/atmel/studio/7.0/toolchain/arm/arm-gnu-toolchain/bin/../lib/gcc/arm-none-eabi/6.3.1/../../../../arm-none-eabi/lib/thumb/v6-m\libc_nano.a(lib_a-puts.o)
                0x00009994                _puts_r
 .text.puts     0x00009a54       0x14 c:/program files (x86)/atmel/studio/7.0/toolchain/arm/arm-gnu-toolchain/bin/../lib/gcc/arm-none-eabi/6.3.1/../../../../arm-none-eabi/lib/thumb/v6-m\libc_nano.a(lib_a-puts.o)
                0x00009a54                puts
 .text._sbrk_r  0x00009a68       0x24 c:/program files (x86)/atmel/studio/7.0/toolchain/arm/arm-gnu-toolchain/bin/../lib/gcc/arm-none-eabi/6.3.1/../../../../arm-none-eabi/lib/thumb/v6-m\libc_nano.a(lib_a-sbrkr.o)
                0x00009a68                _sbrk_r
 .text.setbuf   0x00009a8c       0x12 c:/program files (x86)/atmel/studio/7.0/toolchain/arm/arm-gnu-toolchain/bin/../lib/gcc/arm-none-eabi/6.3.1/../../../../arm-none-eabi/lib/thumb/v6-m\libc_nano.a(lib_a-setbuf.o)
                0x00009a8c                setbuf
 *fill*         0x00009a9e        0x2 
 .text.setvbuf  0x00009aa0      0x158 c:/program files (x86)/atmel/studio/7.0/toolchain/arm/arm-gnu-toolchain/bin/../lib/gcc/arm-none-eabi/6.3.1/../../../../arm-none-eabi/lib/thumb/v6-m\libc_nano.a(lib_a-setvbuf.o)
                0x00009aa0                setvbuf
 .text          0x00009bf8       0x14 c:/program files (x86)/atmel/studio/7.0/toolchain/arm/arm-gnu-toolchain/bin/../lib/gcc/arm-none-eabi/6.3.1/../../../../arm-none-eabi/lib/thumb/v6-m\libc_nano.a(lib_a-strcmp.o)
                0x00009bf8                strcmp
 .text.strcpy   0x00009c0c       0x10 c:/program files (x86)/atmel/studio/7.0/toolchain/arm/arm-gnu-toolchain/bin/../lib/gcc/arm-none-eabi/6.3.1/../../../../arm-none-eabi/lib/thumb/v6-m\libc_nano.a(lib_a-strcpy.o)
                0x00009c0c                strcpy
 .text          0x00009c1c        0xe c:/program files (x86)/atmel/studio/7.0/toolchain/arm/arm-gnu-toolchain/bin/../lib/gcc/arm-none-eabi/6.3.1/../../../../arm-none-eabi/lib/thumb/v6-m\libc_nano.a(lib_a-strlen.o)
                0x00009c1c                strlen
 *fill*         0x00009c2a        0x2 
 .text.strtok   0x00009c2c       0x50 c:/program files (x86)/atmel/studio/7.0/toolchain/arm/arm-gnu-toolchain/bin/../lib/gcc/arm-none-eabi/6.3.1/../../../../arm-none-eabi/lib/thumb/v6-m\libc_nano.a(lib_a-strtok.o)
                0x00009c2c                strtok
 .text.__strtok_r
                0x00009c7c       0x5c c:/program files (x86)/atmel/studio/7.0/toolchain/arm/arm-gnu-toolchain/bin/../lib/gcc/arm-none-eabi/6.3.1/../../../../arm-none-eabi/lib/thumb/v6-m\libc_nano.a(lib_a-strtok_r.o)
                0x00009c7c                __strtok_r
 .text._strtol_l.isra.0
                0x00009cd8      0x10c c:/program files (x86)/atmel/studio/7.0/toolchain/arm/arm-gnu-toolchain/bin/../lib/gcc/arm-none-eabi/6.3.1/../../../../arm-none-eabi/lib/thumb/v6-m\libc_nano.a(lib_a-strtol.o)
 .text.strtol   0x00009de4       0x28 c:/program files (x86)/atmel/studio/7.0/toolchain/arm/arm-gnu-toolchain/bin/../lib/gcc/arm-none-eabi/6.3.1/../../../../arm-none-eabi/lib/thumb/v6-m\libc_nano.a(lib_a-strtol.o)
                0x00009de4                strtol
 .text.__swbuf_r
                0x00009e0c       0xac c:/program files (x86)/atmel/studio/7.0/toolchain/arm/arm-gnu-toolchain/bin/../lib/gcc/arm-none-eabi/6.3.1/../../../../arm-none-eabi/lib/thumb/v6-m\libc_nano.a(lib_a-wbuf.o)
                0x00009e0c                __swbuf_r
 .text.__ascii_wctomb
                0x00009eb8       0x18 c:/program files (x86)/atmel/studio/7.0/toolchain/arm/arm-gnu-toolchain/bin/../lib/gcc/arm-none-eabi/6.3.1/../../../../arm-none-eabi/lib/thumb/v6-m\libc_nano.a(lib_a-wctomb_r.o)
                0x00009eb8                __ascii_wctomb
 .text.__swsetup_r
                0x00009ed0       0xec c:/program files (x86)/atmel/studio/7.0/toolchain/arm/arm-gnu-toolchain/bin/../lib/gcc/arm-none-eabi/6.3.1/../../../../arm-none-eabi/lib/thumb/v6-m\libc_nano.a(lib_a-wsetup.o)
                0x00009ed0                __swsetup_r
 .text.quorem   0x00009fbc      0x108 c:/program files (x86)/atmel/studio/7.0/toolchain/arm/arm-gnu-toolchain/bin/../lib/gcc/arm-none-eabi/6.3.1/../../../../arm-none-eabi/lib/thumb/v6-m\libc_nano.a(lib_a-dtoa.o)
 .text._dtoa_r  0x0000a0c4      0xbd0 c:/program files (x86)/atmel/studio/7.0/toolchain/arm/arm-gnu-toolchain/bin/../lib/gcc/arm-none-eabi/6.3.1/../../../../arm-none-eabi/lib/thumb/v6-m\libc_nano.a(lib_a-dtoa.o)
                0x0000a0c4                _dtoa_r
 .text.__sflush_r
                0x0000ac94      0x114 c:/program files (x86)/atmel/studio/7.0/toolchain/arm/arm-gnu-toolchain/bin/../lib/gcc/arm-none-eabi/6.3.1/../../../../arm-none-eabi/lib/thumb/v6-m\libc_nano.a(lib_a-fflush.o)
                0x0000ac94                __sflush_r
 .text._fflush_r
                0x0000ada8       0x58 c:/program files (x86)/atmel/studio/7.0/toolchain/arm/arm-gnu-toolchain/bin/../lib/gcc/arm-none-eabi/6.3.1/../../../../arm-none-eabi/lib/thumb/v6-m\libc_nano.a(lib_a-fflush.o)
                0x0000ada8                _fflush_r
 .text._cleanup_r
                0x0000ae00       0x10 c:/program files (x86)/atmel/studio/7.0/toolchain/arm/arm-gnu-toolchain/bin/../lib/gcc/arm-none-eabi/6.3.1/../../../../arm-none-eabi/lib/thumb/v6-m\libc_nano.a(lib_a-findfp.o)
                0x0000ae00                _cleanup_r
 .text.std.isra.0
                0x0000ae10       0x48 c:/program files (x86)/atmel/studio/7.0/toolchain/arm/arm-gnu-toolchain/bin/../lib/gcc/arm-none-eabi/6.3.1/../../../../arm-none-eabi/lib/thumb/v6-m\libc_nano.a(lib_a-findfp.o)
 .text.__sfmoreglue
                0x0000ae58       0x2c c:/program files (x86)/atmel/studio/7.0/toolchain/arm/arm-gnu-toolchain/bin/../lib/gcc/arm-none-eabi/6.3.1/../../../../arm-none-eabi/lib/thumb/v6-m\libc_nano.a(lib_a-findfp.o)
                0x0000ae58                __sfmoreglue
 .text.__sinit  0x0000ae84       0x68 c:/program files (x86)/atmel/studio/7.0/toolchain/arm/arm-gnu-toolchain/bin/../lib/gcc/arm-none-eabi/6.3.1/../../../../arm-none-eabi/lib/thumb/v6-m\libc_nano.a(lib_a-findfp.o)
                0x0000ae84                __sinit
 .text.__sfp    0x0000aeec       0x80 c:/program files (x86)/atmel/studio/7.0/toolchain/arm/arm-gnu-toolchain/bin/../lib/gcc/arm-none-eabi/6.3.1/../../../../arm-none-eabi/lib/thumb/v6-m\libc_nano.a(lib_a-findfp.o)
                0x0000aeec                __sfp
 .text._fwalk_reent
                0x0000af6c       0x42 c:/program files (x86)/atmel/studio/7.0/toolchain/arm/arm-gnu-toolchain/bin/../lib/gcc/arm-none-eabi/6.3.1/../../../../arm-none-eabi/lib/thumb/v6-m\libc_nano.a(lib_a-fwalk.o)
                0x0000af6c                _fwalk_reent
 *fill*         0x0000afae        0x2 
 .text._localeconv_r
                0x0000afb0       0x18 c:/program files (x86)/atmel/studio/7.0/toolchain/arm/arm-gnu-toolchain/bin/../lib/gcc/arm-none-eabi/6.3.1/../../../../arm-none-eabi/lib/thumb/v6-m\libc_nano.a(lib_a-localeconv.o)
                0x0000afb0                _localeconv_r
 .text.__swhatbuf_r
                0x0000afc8       0x50 c:/program files (x86)/atmel/studio/7.0/toolchain/arm/arm-gnu-toolchain/bin/../lib/gcc/arm-none-eabi/6.3.1/../../../../arm-none-eabi/lib/thumb/v6-m\libc_nano.a(lib_a-makebuf.o)
                0x0000afc8                __swhatbuf_r
 .text.__smakebuf_r
                0x0000b018       0x88 c:/program files (x86)/atmel/studio/7.0/toolchain/arm/arm-gnu-toolchain/bin/../lib/gcc/arm-none-eabi/6.3.1/../../../../arm-none-eabi/lib/thumb/v6-m\libc_nano.a(lib_a-makebuf.o)
                0x0000b018                __smakebuf_r
 .text.memchr   0x0000b0a0       0x16 c:/program files (x86)/atmel/studio/7.0/toolchain/arm/arm-gnu-toolchain/bin/../lib/gcc/arm-none-eabi/6.3.1/../../../../arm-none-eabi/lib/thumb/v6-m\libc_nano.a(lib_a-memchr-stub.o)
                0x0000b0a0                memchr
 .text.__malloc_lock
                0x0000b0b6        0x2 c:/program files (x86)/atmel/studio/7.0/toolchain/arm/arm-gnu-toolchain/bin/../lib/gcc/arm-none-eabi/6.3.1/../../../../arm-none-eabi/lib/thumb/v6-m\libc_nano.a(lib_a-mlock.o)
                0x0000b0b6                __malloc_lock
 .text.__malloc_unlock
                0x0000b0b8        0x2 c:/program files (x86)/atmel/studio/7.0/toolchain/arm/arm-gnu-toolchain/bin/../lib/gcc/arm-none-eabi/6.3.1/../../../../arm-none-eabi/lib/thumb/v6-m\libc_nano.a(lib_a-mlock.o)
                0x0000b0b8                __malloc_unlock
 .text._Balloc  0x0000b0ba       0x70 c:/program files (x86)/atmel/studio/7.0/toolchain/arm/arm-gnu-toolchain/bin/../lib/gcc/arm-none-eabi/6.3.1/../../../../arm-none-eabi/lib/thumb/v6-m\libc_nano.a(lib_a-mprec.o)
                0x0000b0ba                _Balloc
 .text._Bfree   0x0000b12a       0x32 c:/program files (x86)/atmel/studio/7.0/toolchain/arm/arm-gnu-toolchain/bin/../lib/gcc/arm-none-eabi/6.3.1/../../../../arm-none-eabi/lib/thumb/v6-m\libc_nano.a(lib_a-mprec.o)
                0x0000b12a                _Bfree
 .text.__multadd
                0x0000b15c       0x78 c:/program files (x86)/atmel/studio/7.0/toolchain/arm/arm-gnu-toolchain/bin/../lib/gcc/arm-none-eabi/6.3.1/../../../../arm-none-eabi/lib/thumb/v6-m\libc_nano.a(lib_a-mprec.o)
                0x0000b15c                __multadd
 .text.__hi0bits
                0x0000b1d4       0x34 c:/program files (x86)/atmel/studio/7.0/toolchain/arm/arm-gnu-toolchain/bin/../lib/gcc/arm-none-eabi/6.3.1/../../../../arm-none-eabi/lib/thumb/v6-m\libc_nano.a(lib_a-mprec.o)
                0x0000b1d4                __hi0bits
 .text.__lo0bits
                0x0000b208       0x5e c:/program files (x86)/atmel/studio/7.0/toolchain/arm/arm-gnu-toolchain/bin/../lib/gcc/arm-none-eabi/6.3.1/../../../../arm-none-eabi/lib/thumb/v6-m\libc_nano.a(lib_a-mprec.o)
                0x0000b208                __lo0bits
 .text.__i2b    0x0000b266       0x12 c:/program files (x86)/atmel/studio/7.0/toolchain/arm/arm-gnu-toolchain/bin/../lib/gcc/arm-none-eabi/6.3.1/../../../../arm-none-eabi/lib/thumb/v6-m\libc_nano.a(lib_a-mprec.o)
                0x0000b266                __i2b
 .text.__multiply
                0x0000b278      0x11e c:/program files (x86)/atmel/studio/7.0/toolchain/arm/arm-gnu-toolchain/bin/../lib/gcc/arm-none-eabi/6.3.1/../../../../arm-none-eabi/lib/thumb/v6-m\libc_nano.a(lib_a-mprec.o)
                0x0000b278                __multiply
 *fill*         0x0000b396        0x2 
 .text.__pow5mult
                0x0000b398       0xa4 c:/program files (x86)/atmel/studio/7.0/toolchain/arm/arm-gnu-toolchain/bin/../lib/gcc/arm-none-eabi/6.3.1/../../../../arm-none-eabi/lib/thumb/v6-m\libc_nano.a(lib_a-mprec.o)
                0x0000b398                __pow5mult
 .text.__lshift
                0x0000b43c       0xa2 c:/program files (x86)/atmel/studio/7.0/toolchain/arm/arm-gnu-toolchain/bin/../lib/gcc/arm-none-eabi/6.3.1/../../../../arm-none-eabi/lib/thumb/v6-m\libc_nano.a(lib_a-mprec.o)
                0x0000b43c                __lshift
 .text.__mcmp   0x0000b4de       0x32 c:/program files (x86)/atmel/studio/7.0/toolchain/arm/arm-gnu-toolchain/bin/../lib/gcc/arm-none-eabi/6.3.1/../../../../arm-none-eabi/lib/thumb/v6-m\libc_nano.a(lib_a-mprec.o)
                0x0000b4de                __mcmp
 .text.__mdiff  0x0000b510       0xc8 c:/program files (x86)/atmel/studio/7.0/toolchain/arm/arm-gnu-toolchain/bin/../lib/gcc/arm-none-eabi/6.3.1/../../../../arm-none-eabi/lib/thumb/v6-m\libc_nano.a(lib_a-mprec.o)
                0x0000b510                __mdiff
 .text.__d2b    0x0000b5d8       0xa8 c:/program files (x86)/atmel/studio/7.0/toolchain/arm/arm-gnu-toolchain/bin/../lib/gcc/arm-none-eabi/6.3.1/../../../../arm-none-eabi/lib/thumb/v6-m\libc_nano.a(lib_a-mprec.o)
                0x0000b5d8                __d2b
 .text._calloc_r
                0x0000b680       0x1c c:/program files (x86)/atmel/studio/7.0/toolchain/arm/arm-gnu-toolchain/bin/../lib/gcc/arm-none-eabi/6.3.1/../../../../arm-none-eabi/lib/thumb/v6-m\libc_nano.a(lib_a-nano-callocr.o)
                0x0000b680                _calloc_r
 .text.__sfputc_r
                0x0000b69c       0x2a c:/program files (x86)/atmel/studio/7.0/toolchain/arm/arm-gnu-toolchain/bin/../lib/gcc/arm-none-eabi/6.3.1/../../../../arm-none-eabi/lib/thumb/v6-m\libc_nano.a(lib_a-nano-vfprintf.o)
 .text.__sfputs_r
                0x0000b6c6       0x24 c:/program files (x86)/atmel/studio/7.0/toolchain/arm/arm-gnu-toolchain/bin/../lib/gcc/arm-none-eabi/6.3.1/../../../../arm-none-eabi/lib/thumb/v6-m\libc_nano.a(lib_a-nano-vfprintf.o)
                0x0000b6c6                __sfputs_r
 *fill*         0x0000b6ea        0x2 
 .text._vfprintf_r
                0x0000b6ec      0x238 c:/program files (x86)/atmel/studio/7.0/toolchain/arm/arm-gnu-toolchain/bin/../lib/gcc/arm-none-eabi/6.3.1/../../../../arm-none-eabi/lib/thumb/v6-m\libc_nano.a(lib_a-nano-vfprintf.o)
                0x0000b6ec                _vfprintf_r
                0x0000b6ec                _vfiprintf_r
 .text.__sread  0x0000b924       0x28 c:/program files (x86)/atmel/studio/7.0/toolchain/arm/arm-gnu-toolchain/bin/../lib/gcc/arm-none-eabi/6.3.1/../../../../arm-none-eabi/lib/thumb/v6-m\libc_nano.a(lib_a-stdio.o)
                0x0000b924                __sread
 .text.__swrite
                0x0000b94c       0x38 c:/program files (x86)/atmel/studio/7.0/toolchain/arm/arm-gnu-toolchain/bin/../lib/gcc/arm-none-eabi/6.3.1/../../../../arm-none-eabi/lib/thumb/v6-m\libc_nano.a(lib_a-stdio.o)
                0x0000b94c                __swrite
 .text.__sseek  0x0000b984       0x2c c:/program files (x86)/atmel/studio/7.0/toolchain/arm/arm-gnu-toolchain/bin/../lib/gcc/arm-none-eabi/6.3.1/../../../../arm-none-eabi/lib/thumb/v6-m\libc_nano.a(lib_a-stdio.o)
                0x0000b984                __sseek
 .text.__sclose
                0x0000b9b0        0xc c:/program files (x86)/atmel/studio/7.0/toolchain/arm/arm-gnu-toolchain/bin/../lib/gcc/arm-none-eabi/6.3.1/../../../../arm-none-eabi/lib/thumb/v6-m\libc_nano.a(lib_a-stdio.o)
                0x0000b9b0                __sclose
 .text._write_r
                0x0000b9bc       0x28 c:/program files (x86)/atmel/studio/7.0/toolchain/arm/arm-gnu-toolchain/bin/../lib/gcc/arm-none-eabi/6.3.1/../../../../arm-none-eabi/lib/thumb/v6-m\libc_nano.a(lib_a-writer.o)
                0x0000b9bc                _write_r
 .text._close_r
                0x0000b9e4       0x24 c:/program files (x86)/atmel/studio/7.0/toolchain/arm/arm-gnu-toolchain/bin/../lib/gcc/arm-none-eabi/6.3.1/../../../../arm-none-eabi/lib/thumb/v6-m\libc_nano.a(lib_a-closer.o)
                0x0000b9e4                _close_r
 .text._fstat_r
                0x0000ba08       0x24 c:/program files (x86)/atmel/studio/7.0/toolchain/arm/arm-gnu-toolchain/bin/../lib/gcc/arm-none-eabi/6.3.1/../../../../arm-none-eabi/lib/thumb/v6-m\libc_nano.a(lib_a-fstatr.o)
                0x0000ba08                _fstat_r
 .text._isatty_r
                0x0000ba2c       0x24 c:/program files (x86)/atmel/studio/7.0/toolchain/arm/arm-gnu-toolchain/bin/../lib/gcc/arm-none-eabi/6.3.1/../../../../arm-none-eabi/lib/thumb/v6-m\libc_nano.a(lib_a-isattyr.o)
                0x0000ba2c                _isatty_r
 .text._lseek_r
                0x0000ba50       0x28 c:/program files (x86)/atmel/studio/7.0/toolchain/arm/arm-gnu-toolchain/bin/../lib/gcc/arm-none-eabi/6.3.1/../../../../arm-none-eabi/lib/thumb/v6-m\libc_nano.a(lib_a-lseekr.o)
                0x0000ba50                _lseek_r
 .text._read_r  0x0000ba78       0x28 c:/program files (x86)/atmel/studio/7.0/toolchain/arm/arm-gnu-toolchain/bin/../lib/gcc/arm-none-eabi/6.3.1/../../../../arm-none-eabi/lib/thumb/v6-m\libc_nano.a(lib_a-readr.o)
                0x0000ba78                _read_r
 .text          0x0000baa0       0x14 c:/program files (x86)/atmel/studio/7.0/toolchain/arm/arm-gnu-toolchain/bin/../lib/gcc/arm-none-eabi/6.3.1/thumb/v6-m\libgcc.a(_thumb1_case_uqi.o)
                0x0000baa0                __gnu_thumb1_case_uqi
 .text          0x0000bab4      0x114 c:/program files (x86)/atmel/studio/7.0/toolchain/arm/arm-gnu-toolchain/bin/../lib/gcc/arm-none-eabi/6.3.1/thumb/v6-m\libgcc.a(_udivsi3.o)
                0x0000bab4                __aeabi_uidiv
                0x0000bab4                __udivsi3
                0x0000bbc0                __aeabi_uidivmod
 .text          0x0000bbc8      0x1d4 c:/program files (x86)/atmel/studio/7.0/toolchain/arm/arm-gnu-toolchain/bin/../lib/gcc/arm-none-eabi/6.3.1/thumb/v6-m\libgcc.a(_divsi3.o)
                0x0000bbc8                __divsi3
                0x0000bbc8                __aeabi_idiv
                0x0000bd94                __aeabi_idivmod
 .text          0x0000bd9c        0x4 c:/program files (x86)/atmel/studio/7.0/toolchain/arm/arm-gnu-toolchain/bin/../lib/gcc/arm-none-eabi/6.3.1/thumb/v6-m\libgcc.a(_dvmd_tls.o)
                0x0000bd9c                __aeabi_idiv0
                0x0000bd9c                __aeabi_ldiv0
 .text          0x0000bda0       0x7c c:/program files (x86)/atmel/studio/7.0/toolchain/arm/arm-gnu-toolchain/bin/../lib/gcc/arm-none-eabi/6.3.1/thumb/v6-m\libgcc.a(_arm_cmpdf2.o)
                0x0000bda0                __aeabi_cdrcmple
                0x0000bdb0                __aeabi_cdcmple
                0x0000bdb0                __aeabi_cdcmpeq
                0x0000bdc0                __aeabi_dcmpeq
                0x0000bdcc                __aeabi_dcmplt
                0x0000bde0                __aeabi_dcmple
                0x0000bdf4                __aeabi_dcmpgt
                0x0000be08                __aeabi_dcmpge
 .text          0x0000be1c       0x54 c:/program files (x86)/atmel/studio/7.0/toolchain/arm/arm-gnu-toolchain/bin/../lib/gcc/arm-none-eabi/6.3.1/thumb/v6-m\libgcc.a(_muldi3.o)
                0x0000be1c                __muldi3
                0x0000be1c                __aeabi_lmul
 .text          0x0000be70      0x290 c:/program files (x86)/atmel/studio/7.0/toolchain/arm/arm-gnu-toolchain/bin/../lib/gcc/arm-none-eabi/6.3.1/thumb/v6-m\libgcc.a(divsf3.o)
                0x0000be70                __aeabi_fdiv
 .text          0x0000c100      0x240 c:/program files (x86)/atmel/studio/7.0/toolchain/arm/arm-gnu-toolchain/bin/../lib/gcc/arm-none-eabi/6.3.1/thumb/v6-m\libgcc.a(mulsf3.o)
                0x0000c100                __aeabi_fmul
 .text          0x0000c340       0xa0 c:/program files (x86)/atmel/studio/7.0/toolchain/arm/arm-gnu-toolchain/bin/../lib/gcc/arm-none-eabi/6.3.1/thumb/v6-m\libgcc.a(floatsisf.o)
                0x0000c340                __aeabi_i2f
 .text          0x0000c3e0       0x8c c:/program files (x86)/atmel/studio/7.0/toolchain/arm/arm-gnu-toolchain/bin/../lib/gcc/arm-none-eabi/6.3.1/thumb/v6-m\libgcc.a(floatunsisf.o)
                0x0000c3e0                __aeabi_ui2f
 .text          0x0000c46c      0x620 c:/program files (x86)/atmel/studio/7.0/toolchain/arm/arm-gnu-toolchain/bin/../lib/gcc/arm-none-eabi/6.3.1/thumb/v6-m\libgcc.a(adddf3.o)
                0x0000c46c                __aeabi_dadd
 .text          0x0000ca8c      0x668 c:/program files (x86)/atmel/studio/7.0/toolchain/arm/arm-gnu-toolchain/bin/../lib/gcc/arm-none-eabi/6.3.1/thumb/v6-m\libgcc.a(divdf3.o)
                0x0000ca8c                __aeabi_ddiv
 .text          0x0000d0f4       0x74 c:/program files (x86)/atmel/studio/7.0/toolchain/arm/arm-gnu-toolchain/bin/../lib/gcc/arm-none-eabi/6.3.1/thumb/v6-m\libgcc.a(eqdf2.o)
                0x0000d0f4                __nedf2
                0x0000d0f4                __eqdf2
 .text          0x0000d168       0xc8 c:/program files (x86)/atmel/studio/7.0/toolchain/arm/arm-gnu-toolchain/bin/../lib/gcc/arm-none-eabi/6.3.1/thumb/v6-m\libgcc.a(gedf2.o)
                0x0000d168                __gedf2
                0x0000d168                __gtdf2
 .text          0x0000d230       0xc4 c:/program files (x86)/atmel/studio/7.0/toolchain/arm/arm-gnu-toolchain/bin/../lib/gcc/arm-none-eabi/6.3.1/thumb/v6-m\libgcc.a(ledf2.o)
                0x0000d230                __ledf2
                0x0000d230                __ltdf2
 .text          0x0000d2f4      0x500 c:/program files (x86)/atmel/studio/7.0/toolchain/arm/arm-gnu-toolchain/bin/../lib/gcc/arm-none-eabi/6.3.1/thumb/v6-m\libgcc.a(muldf3.o)
                0x0000d2f4                __aeabi_dmul
 .text          0x0000d7f4      0x62c c:/program files (x86)/atmel/studio/7.0/toolchain/arm/arm-gnu-toolchain/bin/../lib/gcc/arm-none-eabi/6.3.1/thumb/v6-m\libgcc.a(subdf3.o)
                0x0000d7f4                __aeabi_dsub
 .text          0x0000de20       0x40 c:/program files (x86)/atmel/studio/7.0/toolchain/arm/arm-gnu-toolchain/bin/../lib/gcc/arm-none-eabi/6.3.1/thumb/v6-m\libgcc.a(unorddf2.o)
                0x0000de20                __aeabi_dcmpun
 .text          0x0000de60       0x68 c:/program files (x86)/atmel/studio/7.0/toolchain/arm/arm-gnu-toolchain/bin/../lib/gcc/arm-none-eabi/6.3.1/thumb/v6-m\libgcc.a(fixdfsi.o)
                0x0000de60                __aeabi_d2iz
 .text          0x0000dec8       0x84 c:/program files (x86)/atmel/studio/7.0/toolchain/arm/arm-gnu-toolchain/bin/../lib/gcc/arm-none-eabi/6.3.1/thumb/v6-m\libgcc.a(floatsidf.o)
                0x0000dec8                __aeabi_i2d
 .text          0x0000df4c       0x70 c:/program files (x86)/atmel/studio/7.0/toolchain/arm/arm-gnu-toolchain/bin/../lib/gcc/arm-none-eabi/6.3.1/thumb/v6-m\libgcc.a(floatunsidf.o)
                0x0000df4c                __aeabi_ui2d
 .text          0x0000dfbc       0xa4 c:/program files (x86)/atmel/studio/7.0/toolchain/arm/arm-gnu-toolchain/bin/../lib/gcc/arm-none-eabi/6.3.1/thumb/v6-m\libgcc.a(extendsfdf2.o)
                0x0000dfbc                __aeabi_f2d
 .text          0x0000e060      0x114 c:/program files (x86)/atmel/studio/7.0/toolchain/arm/arm-gnu-toolchain/bin/../lib/gcc/arm-none-eabi/6.3.1/thumb/v6-m\libgcc.a(truncdfsf2.o)
                0x0000e060                __aeabi_d2f
 .text          0x0000e174       0x3c c:/program files (x86)/atmel/studio/7.0/toolchain/arm/arm-gnu-toolchain/bin/../lib/gcc/arm-none-eabi/6.3.1/thumb/v6-m\libgcc.a(_clzsi2.o)
                0x0000e174                __clzsi2
 *(.glue_7t)
 .glue_7t       0x0000e1b0        0x0 linker stubs
 *(.glue_7)
 .glue_7        0x0000e1b0        0x0 linker stubs
 *(.rodata .rodata* .gnu.linkonce.r.*)
 .rodata._at25dfx_get_device_id
                0x0000e1b0       0x28 src/ASF/common2/components/memory/serial_flash/at25dfx/at25dfx.o
 .rodata._at25dfx_get_device_size
                0x0000e1d8       0x28 src/ASF/common2/components/memory/serial_flash/at25dfx/at25dfx.o
 .rodata        0x0000e200       0x89 src/HDC1080/hdc1080.o
 *fill*         0x0000e289        0x3 
 .rodata        0x0000e28c       0x50 src/ASF/sam0/drivers/adc/adc_sam_d_r_h/adc.o
 .rodata._adc_set_config
                0x0000e2dc       0xd4 src/ASF/sam0/drivers/adc/adc_sam_d_r_h/adc.o
 .rodata        0x0000e3b0       0x18 src/ASF/sam0/drivers/sercom/sercom.o
 .rodata        0x0000e3c8        0x6 src/ASF/sam0/drivers/sercom/sercom_interrupt.o
 *fill*         0x0000e3ce        0x2 
 .rodata.system_clock_source_get_hz
                0x0000e3d0       0x24 src/ASF/sam0/drivers/system/clock/clock_samd21_r21_da_ha1/clock.o
 .rodata.system_clock_source_enable
                0x0000e3f4       0x24 src/ASF/sam0/drivers/system/clock/clock_samd21_r21_da_ha1/clock.o
 .rodata.system_clock_source_is_ready
                0x0000e418       0x24 src/ASF/sam0/drivers/system/clock/clock_samd21_r21_da_ha1/clock.o
 .rodata        0x0000e43c      0x870 src/handler.o
 .rodata        0x0000ecac       0x27 src/main.o
 *fill*         0x0000ecd3        0x1 
 .rodata._global_impure_ptr
                0x0000ecd4        0x4 c:/program files (x86)/atmel/studio/7.0/toolchain/arm/arm-gnu-toolchain/bin/../lib/gcc/arm-none-eabi/6.3.1/../../../../arm-none-eabi/lib/thumb/v6-m\libc_nano.a(lib_a-impure.o)
                0x0000ecd4                _global_impure_ptr
 .rodata._setlocale_r.str1.1
                0x0000ecd8        0x8 c:/program files (x86)/atmel/studio/7.0/toolchain/arm/arm-gnu-toolchain/bin/../lib/gcc/arm-none-eabi/6.3.1/../../../../arm-none-eabi/lib/thumb/v6-m\libc_nano.a(lib_a-locale.o)
                                  0x9 (size before relaxing)
 .rodata.str1.1
                0x0000ece0        0x2 c:/program files (x86)/atmel/studio/7.0/toolchain/arm/arm-gnu-toolchain/bin/../lib/gcc/arm-none-eabi/6.3.1/../../../../arm-none-eabi/lib/thumb/v6-m\libc_nano.a(lib_a-locale.o)
 .rodata._printf_float.str1.1
                0x0000ece2       0x12 c:/program files (x86)/atmel/studio/7.0/toolchain/arm/arm-gnu-toolchain/bin/../lib/gcc/arm-none-eabi/6.3.1/../../../../arm-none-eabi/lib/thumb/v6-m\libc_nano.a(lib_a-nano-vfprintf_float.o)
 .rodata._printf_i.str1.1
                0x0000ecf4       0x22 c:/program files (x86)/atmel/studio/7.0/toolchain/arm/arm-gnu-toolchain/bin/../lib/gcc/arm-none-eabi/6.3.1/../../../../arm-none-eabi/lib/thumb/v6-m\libc_nano.a(lib_a-nano-vfprintf_i.o)
 .rodata._ctype_
                0x0000ed16      0x101 c:/program files (x86)/atmel/studio/7.0/toolchain/arm/arm-gnu-toolchain/bin/../lib/gcc/arm-none-eabi/6.3.1/../../../../arm-none-eabi/lib/thumb/v6-m\libc_nano.a(lib_a-ctype_.o)
                0x0000ed16                _ctype_
 .rodata._dtoa_r.str1.1
                0x0000ee17        0xd c:/program files (x86)/atmel/studio/7.0/toolchain/arm/arm-gnu-toolchain/bin/../lib/gcc/arm-none-eabi/6.3.1/../../../../arm-none-eabi/lib/thumb/v6-m\libc_nano.a(lib_a-dtoa.o)
                                  0xf (size before relaxing)
 .rodata.__sf_fake_stderr
                0x0000ee24       0x20 c:/program files (x86)/atmel/studio/7.0/toolchain/arm/arm-gnu-toolchain/bin/../lib/gcc/arm-none-eabi/6.3.1/../../../../arm-none-eabi/lib/thumb/v6-m\libc_nano.a(lib_a-findfp.o)
                0x0000ee24                __sf_fake_stderr
 .rodata.__sf_fake_stdin
                0x0000ee44       0x20 c:/program files (x86)/atmel/studio/7.0/toolchain/arm/arm-gnu-toolchain/bin/../lib/gcc/arm-none-eabi/6.3.1/../../../../arm-none-eabi/lib/thumb/v6-m\libc_nano.a(lib_a-findfp.o)
                0x0000ee44                __sf_fake_stdin
 .rodata.__sf_fake_stdout
                0x0000ee64       0x20 c:/program files (x86)/atmel/studio/7.0/toolchain/arm/arm-gnu-toolchain/bin/../lib/gcc/arm-none-eabi/6.3.1/../../../../arm-none-eabi/lib/thumb/v6-m\libc_nano.a(lib_a-findfp.o)
                0x0000ee64                __sf_fake_stdout
 *fill*         0x0000ee84        0x4 
 .rodata.__mprec_bigtens
                0x0000ee88       0x28 c:/program files (x86)/atmel/studio/7.0/toolchain/arm/arm-gnu-toolchain/bin/../lib/gcc/arm-none-eabi/6.3.1/../../../../arm-none-eabi/lib/thumb/v6-m\libc_nano.a(lib_a-mprec.o)
                0x0000ee88                __mprec_bigtens
 .rodata.__mprec_tens
                0x0000eeb0       0xc8 c:/program files (x86)/atmel/studio/7.0/toolchain/arm/arm-gnu-toolchain/bin/../lib/gcc/arm-none-eabi/6.3.1/../../../../arm-none-eabi/lib/thumb/v6-m\libc_nano.a(lib_a-mprec.o)
                0x0000eeb0                __mprec_tens
 .rodata.p05.6047
                0x0000ef78        0xc c:/program files (x86)/atmel/studio/7.0/toolchain/arm/arm-gnu-toolchain/bin/../lib/gcc/arm-none-eabi/6.3.1/../../../../arm-none-eabi/lib/thumb/v6-m\libc_nano.a(lib_a-mprec.o)
 .rodata._vfprintf_r.str1.1
                0x0000ef84       0x11 c:/program files (x86)/atmel/studio/7.0/toolchain/arm/arm-gnu-toolchain/bin/../lib/gcc/arm-none-eabi/6.3.1/../../../../arm-none-eabi/lib/thumb/v6-m\libc_nano.a(lib_a-nano-vfprintf.o)
 *fill*         0x0000ef95        0x3 
 .rodata        0x0000ef98       0x80 c:/program files (x86)/atmel/studio/7.0/toolchain/arm/arm-gnu-toolchain/bin/../lib/gcc/arm-none-eabi/6.3.1/thumb/v6-m\libgcc.a(divsf3.o)
 .rodata        0x0000f018       0x40 c:/program files (x86)/atmel/studio/7.0/toolchain/arm/arm-gnu-toolchain/bin/../lib/gcc/arm-none-eabi/6.3.1/thumb/v6-m\libgcc.a(mulsf3.o)
 .rodata        0x0000f058       0x40 c:/program files (x86)/atmel/studio/7.0/toolchain/arm/arm-gnu-toolchain/bin/../lib/gcc/arm-none-eabi/6.3.1/thumb/v6-m\libgcc.a(divdf3.o)
 .rodata        0x0000f098       0x40 c:/program files (x86)/atmel/studio/7.0/toolchain/arm/arm-gnu-toolchain/bin/../lib/gcc/arm-none-eabi/6.3.1/thumb/v6-m\libgcc.a(muldf3.o)
 *(.ARM.extab* .gnu.linkonce.armextab.*)
                0x0000f0d8                . = ALIGN (0x4)
 *(.init)
 .init          0x0000f0d8        0x4 c:/program files (x86)/atmel/studio/7.0/toolchain/arm/arm-gnu-toolchain/bin/../lib/gcc/arm-none-eabi/6.3.1/thumb/v6-m/crti.o
                0x0000f0d8                _init
 .init          0x0000f0dc        0x8 c:/program files (x86)/atmel/studio/7.0/toolchain/arm/arm-gnu-toolchain/bin/../lib/gcc/arm-none-eabi/6.3.1/thumb/v6-m/crtn.o
                0x0000f0e4                . = ALIGN (0x4)
                0x0000f0e4                __preinit_array_start = .
 *(.preinit_array)
                0x0000f0e4                __preinit_array_end = .
                0x0000f0e4                . = ALIGN (0x4)
                0x0000f0e4                __init_array_start = .
 *(SORT(.init_array.*))
 *(.init_array)
 .init_array    0x0000f0e4        0x4 c:/program files (x86)/atmel/studio/7.0/toolchain/arm/arm-gnu-toolchain/bin/../lib/gcc/arm-none-eabi/6.3.1/thumb/v6-m/crtbegin.o
                0x0000f0e8                __init_array_end = .
                0x0000f0e8                . = ALIGN (0x4)
 *crtbegin.o(.ctors)
 *(EXCLUDE_FILE(*crtend.o) .ctors)
 *(SORT(.ctors.*))
 *crtend.o(.ctors)
                0x0000f0e8                . = ALIGN (0x4)
 *(.fini)
 .fini          0x0000f0e8        0x4 c:/program files (x86)/atmel/studio/7.0/toolchain/arm/arm-gnu-toolchain/bin/../lib/gcc/arm-none-eabi/6.3.1/thumb/v6-m/crti.o
                0x0000f0e8                _fini
 .fini          0x0000f0ec        0x8 c:/program files (x86)/atmel/studio/7.0/toolchain/arm/arm-gnu-toolchain/bin/../lib/gcc/arm-none-eabi/6.3.1/thumb/v6-m/crtn.o
                0x0000f0f4                . = ALIGN (0x4)
                0x0000f0f4                __fini_array_start = .
 *(.fini_array)
 .fini_array    0x0000f0f4        0x4 c:/program files (x86)/atmel/studio/7.0/toolchain/arm/arm-gnu-toolchain/bin/../lib/gcc/arm-none-eabi/6.3.1/thumb/v6-m/crtbegin.o
 *(SORT(.fini_array.*))
                0x0000f0f8                __fini_array_end = .
 *crtbegin.o(.dtors)
 *(EXCLUDE_FILE(*crtend.o) .dtors)
 *(SORT(.dtors.*))
 *crtend.o(.dtors)
                0x0000f0f8                . = ALIGN (0x4)
                0x0000f0f8                _efixed = .
                [!provide]                PROVIDE (__exidx_start, .)

.vfp11_veneer   0x0000f0f8        0x0
 .vfp11_veneer  0x0000f0f8        0x0 linker stubs

.v4_bx          0x0000f0f8        0x0
 .v4_bx         0x0000f0f8        0x0 linker stubs

.iplt           0x0000f0f8        0x0
 .iplt          0x0000f0f8        0x0 c:/program files (x86)/atmel/studio/7.0/toolchain/arm/arm-gnu-toolchain/bin/../lib/gcc/arm-none-eabi/6.3.1/thumb/v6-m/crtbegin.o

.eh_frame       0x0000f0f8        0x0
 .eh_frame      0x0000f0f8        0x0 c:/program files (x86)/atmel/studio/7.0/toolchain/arm/arm-gnu-toolchain/bin/../lib/gcc/arm-none-eabi/6.3.1/thumb/v6-m/crtbegin.o

.rel.dyn        0x0000f0f8        0x0
 .rel.iplt      0x0000f0f8        0x0 c:/program files (x86)/atmel/studio/7.0/toolchain/arm/arm-gnu-toolchain/bin/../lib/gcc/arm-none-eabi/6.3.1/thumb/v6-m/crtbegin.o

.jcr            0x0000f0f8        0x0
 .jcr           0x0000f0f8        0x0 c:/program files (x86)/atmel/studio/7.0/toolchain/arm/arm-gnu-toolchain/bin/../lib/gcc/arm-none-eabi/6.3.1/thumb/v6-m/crtbegin.o

.igot.plt       0x0000f0f8        0x0
 .igot.plt      0x0000f0f8        0x0 c:/program files (x86)/atmel/studio/7.0/toolchain/arm/arm-gnu-toolchain/bin/../lib/gcc/arm-none-eabi/6.3.1/thumb/v6-m/crtbegin.o

.ARM.exidx
 *(.ARM.exidx* .gnu.linkonce.armexidx.*)
                [!provide]                PROVIDE (__exidx_end, .)
                0x0000f0f8                . = ALIGN (0x4)
                0x0000f0f8                _etext = .

.relocate       0x20000000      0x248 load address 0x0000f0f8
                0x20000000                . = ALIGN (0x4)
                0x20000000                _srelocate = .
 *(.ramfunc .ramfunc.*)
 *(.data .data.*)
 .data.wr_buffer
                0x20000000        0x8 src/HDC1080/hdc1080.o
 .data.wr_packet
                0x20000008        0xc src/HDC1080/hdc1080.o
 .data.rd_packet
                0x20000014        0xc src/HDC1080/hdc1080.o
 .data.wr_buffer
                0x20000020        0x8 src/TSL2561/TSL2561.o
 .data.wr_packet
                0x20000028        0xc src/TSL2561/TSL2561.o
 .data.rd_packet
                0x20000034        0xc src/TSL2561/TSL2561.o
 .data.cycles_per_ms
                0x20000040        0x4 src/ASF/common2/services/delay/sam0/systick_counter.o
 .data.cycles_per_us
                0x20000044        0x4 src/ASF/common2/services/delay/sam0/systick_counter.o
 .data.g_interrupt_enabled
                0x20000048        0x1 src/ASF/common/utils/interrupt/interrupt_sam_nvic.o
                0x20000048                g_interrupt_enabled
 *fill*         0x20000049        0x3 
 .data.write_buffer
                0x2000004c        0xa src/handler.o
 *fill*         0x20000056        0x2 
 .data.wr_buffer
                0x20000058        0x8 src/handler.o
 .data.wr_packet
                0x20000060        0xc src/handler.o
 .data.rd_packet
                0x2000006c        0xc src/handler.o
 .data._impure_ptr
                0x20000078        0x4 c:/program files (x86)/atmel/studio/7.0/toolchain/arm/arm-gnu-toolchain/bin/../lib/gcc/arm-none-eabi/6.3.1/../../../../arm-none-eabi/lib/thumb/v6-m\libc_nano.a(lib_a-impure.o)
                0x20000078                _impure_ptr
 .data.impure_data
                0x2000007c       0x60 c:/program files (x86)/atmel/studio/7.0/toolchain/arm/arm-gnu-toolchain/bin/../lib/gcc/arm-none-eabi/6.3.1/../../../../arm-none-eabi/lib/thumb/v6-m\libc_nano.a(lib_a-impure.o)
 .data.__global_locale
                0x200000dc      0x16c c:/program files (x86)/atmel/studio/7.0/toolchain/arm/arm-gnu-toolchain/bin/../lib/gcc/arm-none-eabi/6.3.1/../../../../arm-none-eabi/lib/thumb/v6-m\libc_nano.a(lib_a-locale.o)
                0x200000dc                __global_locale
                0x20000248                . = ALIGN (0x4)
                0x20000248                _erelocate = .

.bss            0x20000248      0x20c load address 0x0000f340
                0x20000248                . = ALIGN (0x4)
                0x20000248                _sbss = .
                0x20000248                _szero = .
 *(.bss .bss.*)
 .bss           0x20000248       0x1c c:/program files (x86)/atmel/studio/7.0/toolchain/arm/arm-gnu-toolchain/bin/../lib/gcc/arm-none-eabi/6.3.1/thumb/v6-m/crtbegin.o
 .bss.rd_buffer
                0x20000264        0x8 src/HDC1080/hdc1080.o
 .bss.rd_buffer
                0x2000026c        0x8 src/TSL2561/TSL2561.o
 .bss.is_init   0x20000274        0x4 src/TSL2561/TSL2561.o
                0x20000274                is_init
 .bss._sercom_config
                0x20000278        0x2 src/ASF/sam0/drivers/sercom/sercom.o
 .bss._handler_table_initialized
                0x2000027a        0x1 src/ASF/sam0/drivers/sercom/sercom_interrupt.o
 *fill*         0x2000027b        0x1 
 .bss._sercom_interrupt_handlers
                0x2000027c       0x18 src/ASF/sam0/drivers/sercom/sercom_interrupt.o
 .bss.cpu_irq_critical_section_counter
                0x20000294        0x4 src/ASF/common/utils/interrupt/interrupt_sam_nvic.o
 .bss.cpu_irq_prev_interrupt_state
                0x20000298        0x1 src/ASF/common/utils/interrupt/interrupt_sam_nvic.o
 *fill*         0x20000299        0x3 
 .bss._system_clock_inst
                0x2000029c       0x18 src/ASF/sam0/drivers/system/clock/clock_samd21_r21_da_ha1/clock.o
 .bss.heap.5296
                0x200002b4        0x4 src/ASF/sam0/utils/syscalls/gcc/syscalls.o
 .bss.read_buffer
                0x200002b8        0xa src/handler.o
 *fill*         0x200002c2        0x2 
 .bss.rd_buffer
                0x200002c4        0x8 src/handler.o
 .bss.__malloc_free_list
                0x200002cc        0x4 c:/program files (x86)/atmel/studio/7.0/toolchain/arm/arm-gnu-toolchain/bin/../lib/gcc/arm-none-eabi/6.3.1/../../../../arm-none-eabi/lib/thumb/v6-m\libc_nano.a(lib_a-nano-mallocr.o)
                0x200002cc                __malloc_free_list
 .bss.__malloc_sbrk_start
                0x200002d0        0x4 c:/program files (x86)/atmel/studio/7.0/toolchain/arm/arm-gnu-toolchain/bin/../lib/gcc/arm-none-eabi/6.3.1/../../../../arm-none-eabi/lib/thumb/v6-m\libc_nano.a(lib_a-nano-mallocr.o)
                0x200002d0                __malloc_sbrk_start
 *(COMMON)
 COMMON         0x200002d4        0x2 src/ASF/sam0/drivers/sercom/spi/spi_interrupt.o
                0x200002d4                dummy_write
 *fill*         0x200002d6        0x2 
 COMMON         0x200002d8       0xd8 src/HDC1080/hdc1080.o
                0x200002d8                usart_instance
                0x2000030c                i2c_tsl_instance
                0x20000334                crc1
                0x20000338                at25dfx_chip
                0x20000340                i2c_hdc_instance
                0x20000368                at25dfx_spi
                0x200003a4                crc2
                0x200003a8                adc_instance
 COMMON         0x200003b0        0x4 src/ASF/sam0/utils/stdio/read.o
                0x200003b0                ptr_get
 COMMON         0x200003b4        0x8 src/ASF/sam0/utils/stdio/write.o
                0x200003b4                ptr_put
                0x200003b8                stdio_base
 COMMON         0x200003bc       0x18 src/ASF/sam0/drivers/sercom/sercom_interrupt.o
                0x200003bc                _sercom_instances
 COMMON         0x200003d4       0x79 src/main.o
                0x200003d4                argv
                0x200003e4                argc
                0x200003e8                rx_buffer
                0x2000044c                numberCharsRead
 *fill*         0x2000044d        0x3 
 COMMON         0x20000450        0x4 c:/program files (x86)/atmel/studio/7.0/toolchain/arm/arm-gnu-toolchain/bin/../lib/gcc/arm-none-eabi/6.3.1/../../../../arm-none-eabi/lib/thumb/v6-m\libc_nano.a(lib_a-reent.o)
                0x20000450                errno
                0x20000454                . = ALIGN (0x4)
                0x20000454                _ebss = .
                0x20000454                _ezero = .

.stack          0x20000454     0x2004 load address 0x0000f54c
                0x20000458                . = ALIGN (0x8)
 *fill*         0x20000454        0x4 
                0x20000458                _sstack = .
                0x20002458                . = (. + STACK_SIZE)
 *fill*         0x20000458     0x2000 
                0x20002458                . = ALIGN (0x8)
                0x20002458                _estack = .
                0x20002458                . = ALIGN (0x4)
                0x20002458                _end = .
OUTPUT(GccBoardProject1.elf elf32-littlearm)

.ARM.attributes
                0x00000000       0x28
 .ARM.attributes
                0x00000000       0x1e c:/program files (x86)/atmel/studio/7.0/toolchain/arm/arm-gnu-toolchain/bin/../lib/gcc/arm-none-eabi/6.3.1/thumb/v6-m/crti.o
 .ARM.attributes
                0x0000001e       0x2c c:/program files (x86)/atmel/studio/7.0/toolchain/arm/arm-gnu-toolchain/bin/../lib/gcc/arm-none-eabi/6.3.1/thumb/v6-m/crtbegin.o
 .ARM.attributes
                0x0000004a       0x32 src/ASF/common2/components/memory/serial_flash/at25dfx/at25dfx.o
 .ARM.attributes
                0x0000007c       0x32 src/ASF/common/services/crc32/crc32.o
 .ARM.attributes
                0x000000ae       0x32 src/ASF/sam0/drivers/sercom/spi/spi.o
 .ARM.attributes
                0x000000e0       0x32 src/ASF/sam0/drivers/sercom/spi/spi_interrupt.o
 .ARM.attributes
                0x00000112       0x32 src/HDC1080/hdc1080.o
 .ARM.attributes
                0x00000144       0x32 src/TSL2561/TSL2561.o
 .ARM.attributes
                0x00000176       0x32 src/ASF/common2/services/delay/sam0/systick_counter.o
 .ARM.attributes
                0x000001a8       0x32 src/ASF/sam0/drivers/adc/adc_sam_d_r_h/adc.o
 .ARM.attributes
                0x000001da       0x32 src/ASF/sam0/drivers/sercom/i2c/i2c_sam0/i2c_master.o
 .ARM.attributes
                0x0000020c       0x32 src/ASF/sam0/drivers/sercom/i2c/i2c_sam0/i2c_master_interrupt.o
 .ARM.attributes
                0x0000023e       0x32 src/ASF/sam0/drivers/sercom/sercom.o
 .ARM.attributes
                0x00000270       0x32 src/ASF/sam0/utils/stdio/read.o
 .ARM.attributes
                0x000002a2       0x32 src/ASF/sam0/utils/stdio/write.o
 .ARM.attributes
                0x000002d4       0x32 src/ASF/sam0/drivers/sercom/usart/usart.o
 .ARM.attributes
                0x00000306       0x32 src/ASF/sam0/drivers/sercom/usart/usart_interrupt.o
 .ARM.attributes
                0x00000338       0x32 src/ASF/sam0/drivers/sercom/sercom_interrupt.o
 .ARM.attributes
                0x0000036a       0x32 src/ASF/common/utils/interrupt/interrupt_sam_nvic.o
 .ARM.attributes
                0x0000039c       0x32 src/ASF/sam0/boards/samw25_xplained_pro/board_init.o
 .ARM.attributes
                0x000003ce       0x32 src/ASF/sam0/drivers/port/port.o
 .ARM.attributes
                0x00000400       0x32 src/ASF/sam0/drivers/system/clock/clock_samd21_r21_da_ha1/clock.o
 .ARM.attributes
                0x00000432       0x32 src/ASF/sam0/drivers/system/clock/clock_samd21_r21_da_ha1/gclk.o
 .ARM.attributes
                0x00000464       0x32 src/ASF/sam0/drivers/system/pinmux/pinmux.o
 .ARM.attributes
                0x00000496       0x32 src/ASF/sam0/drivers/system/system.o
 .ARM.attributes
                0x000004c8       0x32 src/ASF/sam0/utils/cmsis/samd21/source/gcc/startup_samd21.o
 .ARM.attributes
                0x000004fa       0x32 src/ASF/sam0/utils/syscalls/gcc/syscalls.o
 .ARM.attributes
                0x0000052c       0x32 src/handler.o
 .ARM.attributes
                0x0000055e       0x32 src/main.o
 .ARM.attributes
                0x00000590       0x2c c:/program files (x86)/atmel/studio/7.0/toolchain/arm/arm-gnu-toolchain/bin/../lib/gcc/arm-none-eabi/6.3.1/../../../../arm-none-eabi/lib/thumb/v6-m\libc_nano.a(lib_a-atoi.o)
 .ARM.attributes
                0x000005bc       0x2c c:/program files (x86)/atmel/studio/7.0/toolchain/arm/arm-gnu-toolchain/bin/../lib/gcc/arm-none-eabi/6.3.1/../../../../arm-none-eabi/lib/thumb/v6-m\libc_nano.a(lib_a-impure.o)
 .ARM.attributes
                0x000005e8       0x2c c:/program files (x86)/atmel/studio/7.0/toolchain/arm/arm-gnu-toolchain/bin/../lib/gcc/arm-none-eabi/6.3.1/../../../../arm-none-eabi/lib/thumb/v6-m\libc_nano.a(lib_a-init.o)
 .ARM.attributes
                0x00000614       0x2c c:/program files (x86)/atmel/studio/7.0/toolchain/arm/arm-gnu-toolchain/bin/../lib/gcc/arm-none-eabi/6.3.1/../../../../arm-none-eabi/lib/thumb/v6-m\libc_nano.a(lib_a-locale.o)
 .ARM.attributes
                0x00000640       0x2c c:/program files (x86)/atmel/studio/7.0/toolchain/arm/arm-gnu-toolchain/bin/../lib/gcc/arm-none-eabi/6.3.1/../../../../arm-none-eabi/lib/thumb/v6-m\libc_nano.a(lib_a-malloc.o)
 .ARM.attributes
                0x0000066c       0x2c c:/program files (x86)/atmel/studio/7.0/toolchain/arm/arm-gnu-toolchain/bin/../lib/gcc/arm-none-eabi/6.3.1/../../../../arm-none-eabi/lib/thumb/v6-m\libc_nano.a(lib_a-mbtowc_r.o)
 .ARM.attributes
                0x00000698       0x2c c:/program files (x86)/atmel/studio/7.0/toolchain/arm/arm-gnu-toolchain/bin/../lib/gcc/arm-none-eabi/6.3.1/../../../../arm-none-eabi/lib/thumb/v6-m\libc_nano.a(lib_a-memcpy-stub.o)
 .ARM.attributes
                0x000006c4       0x2c c:/program files (x86)/atmel/studio/7.0/toolchain/arm/arm-gnu-toolchain/bin/../lib/gcc/arm-none-eabi/6.3.1/../../../../arm-none-eabi/lib/thumb/v6-m\libc_nano.a(lib_a-memset.o)
 .ARM.attributes
                0x000006f0       0x2c c:/program files (x86)/atmel/studio/7.0/toolchain/arm/arm-gnu-toolchain/bin/../lib/gcc/arm-none-eabi/6.3.1/../../../../arm-none-eabi/lib/thumb/v6-m\libc_nano.a(lib_a-nano-freer.o)
 .ARM.attributes
                0x0000071c       0x2c c:/program files (x86)/atmel/studio/7.0/toolchain/arm/arm-gnu-toolchain/bin/../lib/gcc/arm-none-eabi/6.3.1/../../../../arm-none-eabi/lib/thumb/v6-m\libc_nano.a(lib_a-nano-mallocr.o)
 .ARM.attributes
                0x00000748       0x2c c:/program files (x86)/atmel/studio/7.0/toolchain/arm/arm-gnu-toolchain/bin/../lib/gcc/arm-none-eabi/6.3.1/../../../../arm-none-eabi/lib/thumb/v6-m\libc_nano.a(lib_a-nano-vfprintf_float.o)
 .ARM.attributes
                0x00000774       0x2c c:/program files (x86)/atmel/studio/7.0/toolchain/arm/arm-gnu-toolchain/bin/../lib/gcc/arm-none-eabi/6.3.1/../../../../arm-none-eabi/lib/thumb/v6-m\libc_nano.a(lib_a-nano-vfprintf_i.o)
 .ARM.attributes
                0x000007a0       0x2c c:/program files (x86)/atmel/studio/7.0/toolchain/arm/arm-gnu-toolchain/bin/../lib/gcc/arm-none-eabi/6.3.1/../../../../arm-none-eabi/lib/thumb/v6-m\libc_nano.a(lib_a-printf.o)
 .ARM.attributes
                0x000007cc       0x2c c:/program files (x86)/atmel/studio/7.0/toolchain/arm/arm-gnu-toolchain/bin/../lib/gcc/arm-none-eabi/6.3.1/../../../../arm-none-eabi/lib/thumb/v6-m\libc_nano.a(lib_a-puts.o)
 .ARM.attributes
                0x000007f8       0x2c c:/program files (x86)/atmel/studio/7.0/toolchain/arm/arm-gnu-toolchain/bin/../lib/gcc/arm-none-eabi/6.3.1/../../../../arm-none-eabi/lib/thumb/v6-m\libc_nano.a(lib_a-sbrkr.o)
 .ARM.attributes
                0x00000824       0x2c c:/program files (x86)/atmel/studio/7.0/toolchain/arm/arm-gnu-toolchain/bin/../lib/gcc/arm-none-eabi/6.3.1/../../../../arm-none-eabi/lib/thumb/v6-m\libc_nano.a(lib_a-setbuf.o)
 .ARM.attributes
                0x00000850       0x2c c:/program files (x86)/atmel/studio/7.0/toolchain/arm/arm-gnu-toolchain/bin/../lib/gcc/arm-none-eabi/6.3.1/../../../../arm-none-eabi/lib/thumb/v6-m\libc_nano.a(lib_a-setvbuf.o)
 .ARM.attributes
                0x0000087c       0x1c c:/program files (x86)/atmel/studio/7.0/toolchain/arm/arm-gnu-toolchain/bin/../lib/gcc/arm-none-eabi/6.3.1/../../../../arm-none-eabi/lib/thumb/v6-m\libc_nano.a(lib_a-strcmp.o)
 .ARM.attributes
                0x00000898       0x2c c:/program files (x86)/atmel/studio/7.0/toolchain/arm/arm-gnu-toolchain/bin/../lib/gcc/arm-none-eabi/6.3.1/../../../../arm-none-eabi/lib/thumb/v6-m\libc_nano.a(lib_a-strcpy.o)
 .ARM.attributes
                0x000008c4       0x1c c:/program files (x86)/atmel/studio/7.0/toolchain/arm/arm-gnu-toolchain/bin/../lib/gcc/arm-none-eabi/6.3.1/../../../../arm-none-eabi/lib/thumb/v6-m\libc_nano.a(lib_a-strlen.o)
 .ARM.attributes
                0x000008e0       0x2c c:/program files (x86)/atmel/studio/7.0/toolchain/arm/arm-gnu-toolchain/bin/../lib/gcc/arm-none-eabi/6.3.1/../../../../arm-none-eabi/lib/thumb/v6-m\libc_nano.a(lib_a-strtok.o)
 .ARM.attributes
                0x0000090c       0x2c c:/program files (x86)/atmel/studio/7.0/toolchain/arm/arm-gnu-toolchain/bin/../lib/gcc/arm-none-eabi/6.3.1/../../../../arm-none-eabi/lib/thumb/v6-m\libc_nano.a(lib_a-strtok_r.o)
 .ARM.attributes
                0x00000938       0x2c c:/program files (x86)/atmel/studio/7.0/toolchain/arm/arm-gnu-toolchain/bin/../lib/gcc/arm-none-eabi/6.3.1/../../../../arm-none-eabi/lib/thumb/v6-m\libc_nano.a(lib_a-strtol.o)
 .ARM.attributes
                0x00000964       0x2c c:/program files (x86)/atmel/studio/7.0/toolchain/arm/arm-gnu-toolchain/bin/../lib/gcc/arm-none-eabi/6.3.1/../../../../arm-none-eabi/lib/thumb/v6-m\libc_nano.a(lib_a-wbuf.o)
 .ARM.attributes
                0x00000990       0x2c c:/program files (x86)/atmel/studio/7.0/toolchain/arm/arm-gnu-toolchain/bin/../lib/gcc/arm-none-eabi/6.3.1/../../../../arm-none-eabi/lib/thumb/v6-m\libc_nano.a(lib_a-wctomb_r.o)
 .ARM.attributes
                0x000009bc       0x2c c:/program files (x86)/atmel/studio/7.0/toolchain/arm/arm-gnu-toolchain/bin/../lib/gcc/arm-none-eabi/6.3.1/../../../../arm-none-eabi/lib/thumb/v6-m\libc_nano.a(lib_a-wsetup.o)
 .ARM.attributes