Archive member included to satisfy reference by file (symbol)

d:/program files/atmel studio 7.0/7.0/toolchain/arm/arm-gnu-toolchain/bin/../lib/gcc/arm-none-eabi/6.3.1/thumb/v6-m\libgcc.a(_udivsi3.o)
                              src/ASF/common2/services/delay/sam0/systick_counter.o (__aeabi_uidiv)
d:/program files/atmel studio 7.0/7.0/toolchain/arm/arm-gnu-toolchain/bin/../lib/gcc/arm-none-eabi/6.3.1/thumb/v6-m\libgcc.a(_dvmd_tls.o)
                              d:/program files/atmel studio 7.0/7.0/toolchain/arm/arm-gnu-toolchain/bin/../lib/gcc/arm-none-eabi/6.3.1/thumb/v6-m\libgcc.a(_udivsi3.o) (__aeabi_idiv0)
d:/program files/atmel studio 7.0/7.0/toolchain/arm/arm-gnu-toolchain/bin/../lib/gcc/arm-none-eabi/6.3.1/thumb/v6-m\libgcc.a(_muldi3.o)
                              src/ASF/sam0/drivers/sercom/sercom.o (__aeabi_lmul)
d:/program files/atmel studio 7.0/7.0/toolchain/arm/arm-gnu-toolchain/bin/../lib/gcc/arm-none-eabi/6.3.1/thumb/v6-m\libgcc.a(adddf3.o)
                              src/ASF/sam0/drivers/sercom/i2c/i2c_sam0/i2c_master.o (__aeabi_dadd)
d:/program files/atmel studio 7.0/7.0/toolchain/arm/arm-gnu-toolchain/bin/../lib/gcc/arm-none-eabi/6.3.1/thumb/v6-m\libgcc.a(divdf3.o)
                              src/ASF/sam0/drivers/sercom/i2c/i2c_sam0/i2c_master.o (__aeabi_ddiv)
d:/program files/atmel studio 7.0/7.0/toolchain/arm/arm-gnu-toolchain/bin/../lib/gcc/arm-none-eabi/6.3.1/thumb/v6-m\libgcc.a(muldf3.o)
                              src/ASF/sam0/drivers/sercom/i2c/i2c_sam0/i2c_master.o (__aeabi_dmul)
d:/program files/atmel studio 7.0/7.0/toolchain/arm/arm-gnu-toolchain/bin/../lib/gcc/arm-none-eabi/6.3.1/thumb/v6-m\libgcc.a(subdf3.o)
                              src/ASF/sam0/drivers/sercom/i2c/i2c_sam0/i2c_master.o (__aeabi_dsub)
d:/program files/atmel studio 7.0/7.0/toolchain/arm/arm-gnu-toolchain/bin/../lib/gcc/arm-none-eabi/6.3.1/thumb/v6-m\libgcc.a(fixdfsi.o)
                              src/ASF/sam0/drivers/sercom/i2c/i2c_sam0/i2c_master.o (__aeabi_d2iz)
d:/program files/atmel studio 7.0/7.0/toolchain/arm/arm-gnu-toolchain/bin/../lib/gcc/arm-none-eabi/6.3.1/thumb/v6-m\libgcc.a(floatunsidf.o)
                              src/ASF/sam0/drivers/sercom/i2c/i2c_sam0/i2c_master.o (__aeabi_ui2d)
d:/program files/atmel studio 7.0/7.0/toolchain/arm/arm-gnu-toolchain/bin/../lib/gcc/arm-none-eabi/6.3.1/thumb/v6-m\libgcc.a(_clzsi2.o)
                              d:/program files/atmel studio 7.0/7.0/toolchain/arm/arm-gnu-toolchain/bin/../lib/gcc/arm-none-eabi/6.3.1/thumb/v6-m\libgcc.a(adddf3.o) (__clzsi2)
d:/program files/atmel studio 7.0/7.0/toolchain/arm/arm-gnu-toolchain/bin/../lib/gcc/arm-none-eabi/6.3.1/../../../../arm-none-eabi/lib/thumb/v6-m\libc_nano.a(lib_a-atoi.o)
                              src/handler.o (atoi)
d:/program files/atmel studio 7.0/7.0/toolchain/arm/arm-gnu-toolchain/bin/../lib/gcc/arm-none-eabi/6.3.1/../../../../arm-none-eabi/lib/thumb/v6-m\libc_nano.a(lib_a-exit.o)
                              d:/program files/atmel studio 7.0/7.0/toolchain/arm/arm-gnu-toolchain/bin/../lib/gcc/arm-none-eabi/6.3.1/../../../../arm-none-eabi/lib/thumb/v6-m/crt0.o (exit)
d:/program files/atmel studio 7.0/7.0/toolchain/arm/arm-gnu-toolchain/bin/../lib/gcc/arm-none-eabi/6.3.1/../../../../arm-none-eabi/lib/thumb/v6-m\libc_nano.a(lib_a-impure.o)
                              d:/program files/atmel studio 7.0/7.0/toolchain/arm/arm-gnu-toolchain/bin/../lib/gcc/arm-none-eabi/6.3.1/../../../../arm-none-eabi/lib/thumb/v6-m\libc_nano.a(lib_a-exit.o) (_global_impure_ptr)
d:/program files/atmel studio 7.0/7.0/toolchain/arm/arm-gnu-toolchain/bin/../lib/gcc/arm-none-eabi/6.3.1/../../../../arm-none-eabi/lib/thumb/v6-m\libc_nano.a(lib_a-init.o)
                              d:/program files/atmel studio 7.0/7.0/toolchain/arm/arm-gnu-toolchain/bin/../lib/gcc/arm-none-eabi/6.3.1/../../../../arm-none-eabi/lib/thumb/v6-m/crt0.o (__libc_init_array)
d:/program files/atmel studio 7.0/7.0/toolchain/arm/arm-gnu-toolchain/bin/../lib/gcc/arm-none-eabi/6.3.1/../../../../arm-none-eabi/lib/thumb/v6-m\libc_nano.a(lib_a-locale.o)
                              src/handler.o (__locale_ctype_ptr)
d:/program files/atmel studio 7.0/7.0/toolchain/arm/arm-gnu-toolchain/bin/../lib/gcc/arm-none-eabi/6.3.1/../../../../arm-none-eabi/lib/thumb/v6-m\libc_nano.a(lib_a-malloc.o)
                              src/main.o (malloc)
d:/program files/atmel studio 7.0/7.0/toolchain/arm/arm-gnu-toolchain/bin/../lib/gcc/arm-none-eabi/6.3.1/../../../../arm-none-eabi/lib/thumb/v6-m\libc_nano.a(lib_a-mbtowc_r.o)
                              d:/program files/atmel studio 7.0/7.0/toolchain/arm/arm-gnu-toolchain/bin/../lib/gcc/arm-none-eabi/6.3.1/../../../../arm-none-eabi/lib/thumb/v6-m\libc_nano.a(lib_a-locale.o) (__ascii_mbtowc)
d:/program files/atmel studio 7.0/7.0/toolchain/arm/arm-gnu-toolchain/bin/../lib/gcc/arm-none-eabi/6.3.1/../../../../arm-none-eabi/lib/thumb/v6-m\libc_nano.a(lib_a-memcpy-stub.o)
[...]
Memory Configuration

Name             Origin             Length             Attributes
rom              0x00000000         0x00040000         xr
ram              0x20000000         0x00008000         xrw
*default*        0x00000000         0xffffffff

Linker script and memory map

LOAD d:/program files/atmel studio 7.0/7.0/toolchain/arm/arm-gnu-toolchain/bin/../lib/gcc/arm-none-eabi/6.3.1/thumb/v6-m/crti.o
LOAD d:/program files/atmel studio 7.0/7.0/toolchain/arm/arm-gnu-toolchain/bin/../lib/gcc/arm-none-eabi/6.3.1/thumb/v6-m/crtbegin.o
LOAD d:/program files/atmel studio 7.0/7.0/toolchain/arm/arm-gnu-toolchain/bin/../lib/gcc/arm-none-eabi/6.3.1/../../../../arm-none-eabi/lib/thumb/v6-m/crt0.o
LOAD src/ASF/common2/services/delay/sam0/systick_counter.o
LOAD src/ASF/sam0/drivers/adc/adc_sam_d_r_h/adc.o
LOAD src/ASF/sam0/drivers/sercom/i2c/i2c_sam0/i2c_master.o
LOAD src/ASF/sam0/drivers/sercom/i2c/i2c_sam0/i2c_master_interrupt.o
LOAD src/ASF/sam0/drivers/sercom/i2c/i2c_sam0/i2c_slave.o
LOAD src/ASF/sam0/drivers/sercom/i2c/i2c_sam0/i2c_slave_interrupt.o
LOAD src/ASF/sam0/drivers/sercom/sercom.o
LOAD src/ASF/sam0/utils/stdio/read.o
LOAD src/ASF/sam0/utils/stdio/write.o
LOAD src/ASF/sam0/drivers/sercom/usart/usart.o
LOAD src/ASF/sam0/drivers/sercom/usart/usart_interrupt.o
LOAD src/ASF/sam0/drivers/sercom/sercom_interrupt.o
LOAD src/ASF/common/utils/interrupt/interrupt_sam_nvic.o
LOAD src/ASF/sam0/boards/samw25_xplained_pro/board_init.o
LOAD src/ASF/sam0/drivers/port/port.o
LOAD src/ASF/sam0/drivers/system/clock/clock_samd21_r21_da_ha1/clock.o
LOAD src/ASF/sam0/drivers/system/clock/clock_samd21_r21_da_ha1/gclk.o
LOAD src/ASF/sam0/drivers/system/interrupt/system_interrupt.o
LOAD src/ASF/sam0/drivers/system/pinmux/pinmux.o
LOAD src/ASF/sam0/drivers/system/system.o
LOAD src/ASF/sam0/utils/cmsis/samd21/source/gcc/startup_samd21.o
LOAD src/ASF/sam0/utils/cmsis/samd21/source/system_samd21.o
LOAD src/ASF/sam0/utils/syscalls/gcc/syscalls.o
LOAD src/handler.o
LOAD src/main.o
START GROUP
LOAD ../src/ASF/thirdparty/CMSIS/Lib/GCC\libarm_cortexM0l_math.a
LOAD d:/program files/atmel studio 7.0/7.0/toolchain/arm/arm-gnu-toolchain/bin/../lib/gcc/arm-none-eabi/6.3.1/../../../../arm-none-eabi/lib/thumb/v6-m\libm.a
END GROUP
START GROUP
LOAD d:/program files/atmel studio 7.0/7.0/toolchain/arm/arm-gnu-toolchain/bin/../lib/gcc/arm-none-eabi/6.3.1/thumb/v6-m\libgcc.a
LOAD d:/program files/atmel studio 7.0/7.0/toolchain/arm/arm-gnu-toolchain/bin/../lib/gcc/arm-none-eabi/6.3.1/../../../../arm-none-eabi/lib/thumb/v6-m\libc_nano.a
END GROUP
START GROUP
LOAD d:/program files/atmel studio 7.0/7.0/toolchain/arm/arm-gnu-toolchain/bin/../lib/gcc/arm-none-eabi/6.3.1/thumb/v6-m\libgcc.a
LOAD d:/program files/atmel studio 7.0/7.0/toolchain/arm/arm-gnu-toolchain/bin/../lib/gcc/arm-none-eabi/6.3.1/../../../../arm-none-eabi/lib/thumb/v6-m\libc_nano.a
END GROUP
LOAD d:/program files/atmel studio 7.0/7.0/toolchain/arm/arm-gnu-toolchain/bin/../lib/gcc/arm-none-eabi/6.3.1/thumb/v6-m/crtend.o
LOAD d:/program files/atmel studio 7.0/7.0/toolchain/arm/arm-gnu-toolchain/bin/../lib/gcc/arm-none-eabi/6.3.1/thumb/v6-m/crtn.o
                0x00002000                STACK_SIZE = DEFINED (STACK_SIZE)?STACK_SIZE:DEFINED (__stack_size__)?__stack_size__:0x2000

.text           0x00000000     0x67cc
                0x00000000                . = ALIGN (0x4)
                0x00000000                _sfixed = .
 *(.vectors .vectors.*)
 .vectors       0x00000000       0xb4 src/ASF/sam0/utils/cmsis/samd21/source/gcc/startup_samd21.o
                0x00000000                exception_table
 *(.text .text.* .gnu.linkonce.t.*)
 .text          0x000000b4       0x60 d:/program files/atmel studio 7.0/7.0/toolchain/arm/arm-gnu-toolchain/bin/../lib/gcc/arm-none-eabi/6.3.1/thumb/v6-m/crtbegin.o
 .text.delay_init
                0x00000114       0x40 src/ASF/common2/services/delay/sam0/systick_counter.o
                0x00000114                delay_init
 .text.adc_get_config_defaults
                0x00000154       0x46 src/ASF/sam0/drivers/adc/adc_sam_d_r_h/adc.o
                0x00000154                adc_get_config_defaults
 *fill*         0x0000019a        0x2 
 .text.adc_init
                0x0000019c      0x3f0 src/ASF/sam0/drivers/adc/adc_sam_d_r_h/adc.o
                0x0000019c                adc_init
 .text._i2c_master_wait_for_sync
                0x0000058c        0xc src/ASF/sam0/drivers/sercom/i2c/i2c_sam0/i2c_master.o
 .text.i2c_master_init
                0x00000598      0x2f8 src/ASF/sam0/drivers/sercom/i2c/i2c_sam0/i2c_master.o
                0x00000598                i2c_master_init
 .text._i2c_master_address_response
                0x00000890       0x30 src/ASF/sam0/drivers/sercom/i2c/i2c_sam0/i2c_master.o
                0x00000890                _i2c_master_address_response
 .text._i2c_master_wait_for_bus
                0x000008c0       0x2c src/ASF/sam0/drivers/sercom/i2c/i2c_sam0/i2c_master.o
                0x000008c0                _i2c_master_wait_for_bus
 .text._i2c_master_send_hs_master_code
                0x000008ec       0x20 src/ASF/sam0/drivers/sercom/i2c/i2c_sam0/i2c_master.o
                0x000008ec                _i2c_master_send_hs_master_code
 .text._i2c_master_read_packet
                0x0000090c      0x1a0 src/ASF/sam0/drivers/sercom/i2c/i2c_sam0/i2c_master.o
 .text._i2c_master_write_packet
                0x00000aac       0xf4 src/ASF/sam0/drivers/sercom/i2c/i2c_sam0/i2c_master.o
 .text.i2c_master_read_packet_wait
                0x00000ba0       0x24 src/ASF/sam0/drivers/sercom/i2c/i2c_sam0/i2c_master.o
                0x00000ba0                i2c_master_read_packet_wait
 .text.i2c_master_write_packet_wait_no_stop
                0x00000bc4       0x24 src/ASF/sam0/drivers/sercom/i2c/i2c_sam0/i2c_master.o
                0x00000bc4                i2c_master_write_packet_wait_no_stop
 .text.i2c_master_send_stop
                0x00000be8       0x18 src/ASF/sam0/drivers/sercom/i2c/i2c_sam0/i2c_master.o
                0x00000be8                i2c_master_send_stop
 .text._i2c_master_wait_for_sync
                0x00000c00        0xc src/ASF/sam0/drivers/sercom/i2c/i2c_sam0/i2c_master_interrupt.o
 .text._i2c_master_read
                0x00000c0c       0x88 src/ASF/sam0/drivers/sercom/i2c/i2c_sam0/i2c_master_interrupt.o
 .text._i2c_master_write
                0x00000c94       0x3c src/ASF/sam0/drivers/sercom/i2c/i2c_sam0/i2c_master_interrupt.o
 .text._i2c_master_read_packet
                0x00000cd0       0xc8 src/ASF/sam0/drivers/sercom/i2c/i2c_sam0/i2c_master_interrupt.o
 .text.i2c_master_register_callback
                0x00000d98       0x16 src/ASF/sam0/drivers/sercom/i2c/i2c_sam0/i2c_master_interrupt.o
                0x00000d98                i2c_master_register_callback
 *fill*         0x00000dae        0x2 
 .text.i2c_master_read_packet_job
                0x00000db0       0x24 src/ASF/sam0/drivers/sercom/i2c/i2c_sam0/i2c_master_interrupt.o
                0x00000db0                i2c_master_read_packet_job
 .text._i2c_master_interrupt_handler
                0x00000dd4      0x1ec src/ASF/sam0/drivers/sercom/i2c/i2c_sam0/i2c_master_interrupt.o
                0x00000dd4                _i2c_master_interrupt_handler
 .text.long_division
                0x00000fc0       0xba src/ASF/sam0/drivers/sercom/sercom.o
 .text._sercom_get_sync_baud_val
                0x0000107a       0x28 src/ASF/sam0/drivers/sercom/sercom.o
                0x0000107a                _sercom_get_sync_baud_val
 *fill*         0x000010a2        0x2 
 .text._sercom_get_async_baud_val
                0x000010a4       0x94 src/ASF/sam0/drivers/sercom/sercom.o
                0x000010a4                _sercom_get_async_baud_val
 .text.sercom_set_gclk_generator
                0x00001138       0x4c src/ASF/sam0/drivers/sercom/sercom.o
                0x00001138                sercom_set_gclk_generator
 .text._sercom_get_default_pad
                0x00001184      0x178 src/ASF/sam0/drivers/sercom/sercom.o
                0x00001184                _sercom_get_default_pad
 .text._sercom_get_sercom_inst_index
                0x000012fc       0x38 src/ASF/sam0/drivers/sercom/sercom.o
                0x000012fc                _sercom_get_sercom_inst_index
 .text._read    0x00001334       0x44 src/ASF/sam0/utils/stdio/read.o
                0x00001334                _read
 .text._write   0x00001378       0x50 src/ASF/sam0/utils/stdio/write.o
                0x00001378                _write
 .text.usart_init
                0x000013c8      0x344 src/ASF/sam0/drivers/sercom/usart/usart.o
                0x000013c8                usart_init
 .text.usart_write_wait
                0x0000170c       0x2c src/ASF/sam0/drivers/sercom/usart/usart.o
                0x0000170c                usart_write_wait
 .text.usart_read_wait
                0x00001738       0x70 src/ASF/sam0/drivers/sercom/usart/usart.o
                0x00001738                usart_read_wait
 .text.usart_write_buffer_wait
                0x000017a8       0xc0 src/ASF/sam0/drivers/sercom/usart/usart.o
                0x000017a8                usart_write_buffer_wait
 .text.usart_read_buffer_wait
                0x00001868       0x98 src/ASF/sam0/drivers/sercom/usart/usart.o
                0x00001868                usart_read_buffer_wait
 .text._usart_interrupt_handler
                0x00001900      0x194 src/ASF/sam0/drivers/sercom/usart/usart_interrupt.o
                0x00001900                _usart_interrupt_handler
 .text._sercom_default_handler
                0x00001a94        0x2 src/ASF/sam0/drivers/sercom/sercom_interrupt.o
 *fill*         0x00001a96        0x2 
 .text._sercom_set_handler
                0x00001a98       0x3c src/ASF/sam0/drivers/sercom/sercom_interrupt.o
                0x00001a98                _sercom_set_handler
 .text._sercom_get_interrupt_vector
                0x00001ad4       0x30 src/ASF/sam0/drivers/sercom/sercom_interrupt.o
                0x00001ad4                _sercom_get_interrupt_vector
 .text.SERCOM0_Handler
                0x00001b04       0x10 src/ASF/sam0/drivers/sercom/sercom_interrupt.o
                0x00001b04                SERCOM0_Handler
 .text.SERCOM1_Handler
                0x00001b14       0x10 src/ASF/sam0/drivers/sercom/sercom_interrupt.o
                0x00001b14                SERCOM1_Handler
 .text.SERCOM2_Handler
                0x00001b24       0x10 src/ASF/sam0/drivers/sercom/sercom_interrupt.o
                0x00001b24                SERCOM2_Handler
 .text.SERCOM3_Handler
                0x00001b34       0x10 src/ASF/sam0/drivers/sercom/sercom_interrupt.o
                0x00001b34                SERCOM3_Handler
 .text.SERCOM4_Handler
                0x00001b44       0x10 src/ASF/sam0/drivers/sercom/sercom_interrupt.o
                0x00001b44                SERCOM4_Handler
 .text.SERCOM5_Handler
                0x00001b54       0x10 src/ASF/sam0/drivers/sercom/sercom_interrupt.o
                0x00001b54                SERCOM5_Handler
 .text.cpu_irq_enter_critical
                0x00001b64       0x40 src/ASF/common/utils/interrupt/interrupt_sam_nvic.o
                0x00001b64                cpu_irq_enter_critical
 .text.cpu_irq_leave_critical
                0x00001ba4       0x30 src/ASF/common/utils/interrupt/interrupt_sam_nvic.o
                0x00001ba4                cpu_irq_leave_critical
 .text.system_board_init
                0x00001bd4       0x38 src/ASF/sam0/boards/samw25_xplained_pro/board_init.o
                0x00001bd4                board_init
                0x00001bd4                system_board_init
 .text.port_pin_set_config
                0x00001c0c       0x24 src/ASF/sam0/drivers/port/port.o
                0x00001c0c                port_pin_set_config
 .text.system_clock_source_get_hz
                0x00001c30       0x90 src/ASF/sam0/drivers/system/clock/clock_samd21_r21_da_ha1/clock.o
                0x00001c30                system_clock_source_get_hz
 .text.system_clock_source_osc8m_set_config
                0x00001cc0       0x3c src/ASF/sam0/drivers/system/clock/clock_samd21_r21_da_ha1/clock.o
                0x00001cc0                system_clock_source_osc8m_set_config
 .text.system_clock_source_xosc32k_set_config
                0x00001cfc       0xb8 src/ASF/sam0/drivers/system/clock/clock_samd21_r21_da_ha1/clock.o
                0x00001cfc                system_clock_source_xosc32k_set_config
 .text.system_clock_source_dfll_set_config
                0x00001db4       0x80 src/ASF/sam0/drivers/system/clock/clock_samd21_r21_da_ha1/clock.o
                0x00001db4                system_clock_source_dfll_set_config
 .text.system_clock_source_enable
                0x00001e34       0xa8 src/ASF/sam0/drivers/system/clock/clock_samd21_r21_da_ha1/clock.o
                0x00001e34                system_clock_source_enable
 .text.system_clock_init
                0x00001edc      0x160 src/ASF/sam0/drivers/system/clock/clock_samd21_r21_da_ha1/clock.o
                0x00001edc                system_clock_init
 .text.system_gclk_init
                0x0000203c       0x24 src/ASF/sam0/drivers/system/clock/clock_samd21_r21_da_ha1/gclk.o
                0x0000203c                system_gclk_init
 .text.system_gclk_gen_set_config
                0x00002060       0xb8 src/ASF/sam0/drivers/system/clock/clock_samd21_r21_da_ha1/gclk.o
                0x00002060                system_gclk_gen_set_config
 .text.system_gclk_gen_enable
                0x00002118       0x44 src/ASF/sam0/drivers/system/clock/clock_samd21_r21_da_ha1/gclk.o
                0x00002118                system_gclk_gen_enable
 .text.system_gclk_gen_get_hz
                0x0000215c       0x8c src/ASF/sam0/drivers/system/clock/clock_samd21_r21_da_ha1/gclk.o
                0x0000215c                system_gclk_gen_get_hz
 .text.system_gclk_chan_enable
                0x000021e8       0x30 src/ASF/sam0/drivers/system/clock/clock_samd21_r21_da_ha1/gclk.o
                0x000021e8                system_gclk_chan_enable
 .text.system_gclk_chan_disable
                0x00002218       0x5c src/ASF/sam0/drivers/system/clock/clock_samd21_r21_da_ha1/gclk.o
                0x00002218                system_gclk_chan_disable
 .text.system_gclk_chan_set_config
                0x00002274       0x1c src/ASF/sam0/drivers/system/clock/clock_samd21_r21_da_ha1/gclk.o
                0x00002274                system_gclk_chan_set_config
 .text.system_gclk_chan_get_hz
                0x00002290       0x34 src/ASF/sam0/drivers/system/clock/clock_samd21_r21_da_ha1/gclk.o
                0x00002290                system_gclk_chan_get_hz
 .text._system_pinmux_config
                0x000022c4       0xa8 src/ASF/sam0/drivers/system/pinmux/pinmux.o
 .text.system_pinmux_pin_set_config
                0x0000236c       0x30 src/ASF/sam0/drivers/system/pinmux/pinmux.o
                0x0000236c                system_pinmux_pin_set_config
 .text._system_dummy_init
                0x0000239c        0x2 src/ASF/sam0/drivers/system/system.o
                0x0000239c                _system_extint_init
                0x0000239c                _system_events_init
                0x0000239c                _system_dummy_init
                0x0000239c                _system_divas_init
 *fill*         0x0000239e        0x2 
 .text.system_init
                0x000023a0       0x2c src/ASF/sam0/drivers/system/system.o
                0x000023a0                system_init
 .text.Dummy_Handler
                0x000023cc        0x2 src/ASF/sam0/utils/cmsis/samd21/source/gcc/startup_samd21.o
                0x000023cc                DMAC_Handler
                0x000023cc                HardFault_Handler
                0x000023cc                AC_Handler
                0x000023cc                SysTick_Handler
                0x000023cc                PendSV_Handler
                0x000023cc                NMI_Handler
                0x000023cc                ADC_Handler
                0x000023cc                TCC1_Handler
                0x000023cc                TCC0_Handler
                0x000023cc                RTC_Handler
                0x000023cc                EIC_Handler
                0x000023cc                WDT_Handler
                0x000023cc                TC4_Handler
                0x000023cc                USB_Handler
                0x000023cc                TC3_Handler
                0x000023cc                Dummy_Handler
                0x000023cc                PM_Handler
                0x000023cc                SVC_Handler
                0x000023cc                TCC2_Handler
                0x000023cc                EVSYS_Handler
                0x000023cc                I2S_Handler
                0x000023cc                NVMCTRL_Handler
                0x000023cc                DAC_Handler
                0x000023cc                PTC_Handler
                0x000023cc                TC5_Handler
                0x000023cc                SYSCTRL_Handler
 *fill*         0x000023ce        0x2 
 .text.Reset_Handler
                0x000023d0       0xe4 src/ASF/sam0/utils/cmsis/samd21/source/gcc/startup_samd21.o
                0x000023d0                Reset_Handler
 .text._sbrk    0x000024b4       0x24 src/ASF/sam0/utils/syscalls/gcc/syscalls.o
                0x000024b4                _sbrk
 .text._close   0x000024d8        0x6 src/ASF/sam0/utils/syscalls/gcc/syscalls.o
                0x000024d8                _close
 .text._fstat   0x000024de        0xa src/ASF/sam0/utils/syscalls/gcc/syscalls.o
                0x000024de                _fstat
 .text._isatty  0x000024e8        0x4 src/ASF/sam0/utils/syscalls/gcc/syscalls.o
                0x000024e8                _isatty
 .text._lseek   0x000024ec        0x4 src/ASF/sam0/utils/syscalls/gcc/syscalls.o
                0x000024ec                _lseek
 .text.i2c_write_complete_callback
                0x000024f0       0x18 src/handler.o
                0x000024f0                i2c_write_complete_callback
 .text.usart_serial_getchar
                0x00002508       0x2c src/handler.o
 .text.usart_serial_putchar
                0x00002534       0x18 src/handler.o
 .text.get_gpio_pin
                0x0000254c       0x6c src/handler.o
                0x0000254c                get_gpio_pin
 .text.help     0x000025b8       0x14 src/handler.o
                0x000025b8                help
 .text.ver_bl   0x000025cc       0x18 src/handler.o
                0x000025cc                ver_bl
 .text.ver_app  0x000025e4       0x18 src/handler.o
                0x000025e4                ver_app
 .text.mac      0x000025fc       0x14 src/handler.o
                0x000025fc                mac
 .text.ip       0x00002610       0x14 src/handler.o
                0x00002610                ip
 .text.print_general_error
                0x00002624       0x14 src/handler.o
                0x00002624                print_general_error
 .text.print_args_error
                0x00002638       0x18 src/handler.o
                0x00002638                print_args_error
 .text.configure_i2c
                0x00002650       0xb4 src/handler.o
                0x00002650                configure_i2c
 .text.configure_i2c_callbacks
                0x00002704       0x24 src/handler.o
                0x00002704                configure_i2c_callbacks
 .text.i2c_scan
                0x00002728       0x80 src/handler.o
                0x00002728                i2c_scan
 .text.configure_usart
                0x000027a8       0xf4 src/handler.o
                0x000027a8                configure_usart
 .text.configure_adc
                0x0000289c       0x60 src/handler.o
                0x0000289c                configure_adc
 .text.adc_get  0x000028fc      0x110 src/handler.o
                0x000028fc                adc_get
 .text.mcu_temp
                0x00002a0c       0x8c src/handler.o
                0x00002a0c                mcu_temp
 .text.configure_port_pins_set
                0x00002a98       0x20 src/handler.o
                0x00002a98                configure_port_pins_set
 .text.gpio_set
                0x00002ab8       0x50 src/handler.o
                0x00002ab8                gpio_set
 .text.gpio_clear
                0x00002b08       0x50 src/handler.o
                0x00002b08                gpio_clear
 .text.configure_port_pins_get
                0x00002b58       0x20 src/handler.o
                0x00002b58                configure_port_pins_get
 .text.gpio_get
                0x00002b78       0x50 src/handler.o
                0x00002b78                gpio_get
 .text.input_handle
                0x00002bc8      0x2c4 src/handler.o
                0x00002bc8                input_handle
 .text.processUserInput
                0x00002e8c       0xb0 src/main.o
                0x00002e8c                processUserInput
 .text.make_lowercase
                0x00002f3c       0x4c src/main.o
                0x00002f3c                make_lowercase
 .text.fix_args
                0x00002f88       0x5c src/main.o
                0x00002f88                fix_args
 .text.main     0x00002fe4       0x94 src/main.o
                0x00002fe4                main
 .text          0x00003078      0x114 d:/program files/atmel studio 7.0/7.0/toolchain/arm/arm-gnu-toolchain/bin/../lib/gcc/arm-none-eabi/6.3.1/thumb/v6-m\libgcc.a(_udivsi3.o)
                0x00003078                __aeabi_uidiv
                0x00003078                __udivsi3
                0x00003184                __aeabi_uidivmod
 .text          0x0000318c        0x4 d:/program files/atmel studio 7.0/7.0/toolchain/arm/arm-gnu-toolchain/bin/../lib/gcc/arm-none-eabi/6.3.1/thumb/v6-m\libgcc.a(_dvmd_tls.o)
                0x0000318c                __aeabi_idiv0
                0x0000318c                __aeabi_ldiv0
 .text          0x00003190       0x54 d:/program files/atmel studio 7.0/7.0/toolchain/arm/arm-gnu-toolchain/bin/../lib/gcc/arm-none-eabi/6.3.1/thumb/v6-m\libgcc.a(_muldi3.o)
                0x00003190                __muldi3
                0x00003190                __aeabi_lmul
 .text          0x000031e4      0x620 d:/program files/atmel studio 7.0/7.0/toolchain/arm/arm-gnu-toolchain/bin/../lib/gcc/arm-none-eabi/6.3.1/thumb/v6-m\libgcc.a(adddf3.o)
                0x000031e4                __aeabi_dadd
 .text          0x00003804      0x668 d:/program files/atmel studio 7.0/7.0/toolchain/arm/arm-gnu-toolchain/bin/../lib/gcc/arm-none-eabi/6.3.1/thumb/v6-m\libgcc.a(divdf3.o)
                0x00003804                __aeabi_ddiv
 .text          0x00003e6c      0x500 d:/program files/atmel studio 7.0/7.0/toolchain/arm/arm-gnu-toolchain/bin/../lib/gcc/arm-none-eabi/6.3.1/thumb/v6-m\libgcc.a(muldf3.o)
                0x00003e6c                __aeabi_dmul
 .text          0x0000436c      0x62c d:/program files/atmel studio 7.0/7.0/toolchain/arm/arm-gnu-toolchain/bin/../lib/gcc/arm-none-eabi/6.3.1/thumb/v6-m\libgcc.a(subdf3.o)
                0x0000436c                __aeabi_dsub
 .text          0x00004998       0x68 d:/program files/atmel studio 7.0/7.0/toolchain/arm/arm-gnu-toolchain/bin/../lib/gcc/arm-none-eabi/6.3.1/thumb/v6-m\libgcc.a(fixdfsi.o)
                0x00004998                __aeabi_d2iz
 .text          0x00004a00       0x70 d:/program files/atmel studio 7.0/7.0/toolchain/arm/arm-gnu-toolchain/bin/../lib/gcc/arm-none-eabi/6.3.1/thumb/v6-m\libgcc.a(floatunsidf.o)
                0x00004a00                __aeabi_ui2d
 .text          0x00004a70       0x3c d:/program files/atmel studio 7.0/7.0/toolchain/arm/arm-gnu-toolchain/bin/../lib/gcc/arm-none-eabi/6.3.1/thumb/v6-m\libgcc.a(_clzsi2.o)
                0x00004a70                __clzsi2
 .text.atoi     0x00004aac        0xc d:/program files/atmel studio 7.0/7.0/toolchain/arm/arm-gnu-toolchain/bin/../lib/gcc/arm-none-eabi/6.3.1/../../../../arm-none-eabi/lib/thumb/v6-m\libc_nano.a(lib_a-atoi.o)
                0x00004aac                atoi
 .text.__libc_init_array
                0x00004ab8       0x48 d:/program files/atmel studio 7.0/7.0/toolchain/arm/arm-gnu-toolchain/bin/../lib/gcc/arm-none-eabi/6.3.1/../../../../arm-none-eabi/lib/thumb/v6-m\libc_nano.a(lib_a-init.o)
                0x00004ab8                __libc_init_array
 .text.__locale_ctype_ptr_l
                0x00004b00        0x6 d:/program files/atmel studio 7.0/7.0/toolchain/arm/arm-gnu-toolchain/bin/../lib/gcc/arm-none-eabi/6.3.1/../../../../arm-none-eabi/lib/thumb/v6-m\libc_nano.a(lib_a-locale.o)
                0x00004b00                __locale_ctype_ptr_l
 *fill*         0x00004b06        0x2 
 .text.__locale_ctype_ptr
                0x00004b08       0x1c d:/program files/atmel studio 7.0/7.0/toolchain/arm/arm-gnu-toolchain/bin/../lib/gcc/arm-none-eabi/6.3.1/../../../../arm-none-eabi/lib/thumb/v6-m\libc_nano.a(lib_a-locale.o)
                0x00004b08                __locale_ctype_ptr
 .text.malloc   0x00004b24       0x14 d:/program files/atmel studio 7.0/7.0/toolchain/arm/arm-gnu-toolchain/bin/../lib/gcc/arm-none-eabi/6.3.1/../../../../arm-none-eabi/lib/thumb/v6-m\libc_nano.a(lib_a-malloc.o)
                0x00004b24                malloc
 .text.__ascii_mbtowc
                0x00004b38       0x24 d:/program files/atmel studio 7.0/7.0/toolchain/arm/arm-gnu-toolchain/bin/../lib/gcc/arm-none-eabi/6.3.1/../../../../arm-none-eabi/lib/thumb/v6-m\libc_nano.a(lib_a-mbtowc_r.o)
                0x00004b38                __ascii_mbtowc
 .text.memcpy   0x00004b5c       0x12 d:/program files/atmel studio 7.0/7.0/toolchain/arm/arm-gnu-toolchain/bin/../lib/gcc/arm-none-eabi/6.3.1/../../../../arm-none-eabi/lib/thumb/v6-m\libc_nano.a(lib_a-memcpy-stub.o)
                0x00004b5c                memcpy
 .text.memset   0x00004b6e       0x10 d:/program files/atmel studio 7.0/7.0/toolchain/arm/arm-gnu-toolchain/bin/../lib/gcc/arm-none-eabi/6.3.1/../../../../arm-none-eabi/lib/thumb/v6-m\libc_nano.a(lib_a-memset.o)
                0x00004b6e                memset
 *fill*         0x00004b7e        0x2 
 .text._free_r  0x00004b80       0x94 d:/program files/atmel studio 7.0/7.0/toolchain/arm/arm-gnu-toolchain/bin/../lib/gcc/arm-none-eabi/6.3.1/../../../../arm-none-eabi/lib/thumb/v6-m\libc_nano.a(lib_a-nano-freer.o)
                0x00004b80                _free_r
 .text._malloc_r
                0x00004c14       0xbc d:/program files/atmel studio 7.0/7.0/toolchain/arm/arm-gnu-toolchain/bin/../lib/gcc/arm-none-eabi/6.3.1/../../../../arm-none-eabi/lib/thumb/v6-m\libc_nano.a(lib_a-nano-mallocr.o)
                0x00004c14                _malloc_r
 .text.printf   0x00004cd0       0x34 d:/program files/atmel studio 7.0/7.0/toolchain/arm/arm-gnu-toolchain/bin/../lib/gcc/arm-none-eabi/6.3.1/../../../../arm-none-eabi/lib/thumb/v6-m\libc_nano.a(lib_a-printf.o)
                0x00004cd0                iprintf
                0x00004cd0                printf
 .text._puts_r  0x00004d04       0xc0 d:/program files/atmel studio 7.0/7.0/toolchain/arm/arm-gnu-toolchain/bin/../lib/gcc/arm-none-eabi/6.3.1/../../../../arm-none-eabi/lib/thumb/v6-m\libc_nano.a(lib_a-puts.o)
                0x00004d04                _puts_r
 .text.puts     0x00004dc4       0x14 d:/program files/atmel studio 7.0/7.0/toolchain/arm/arm-gnu-toolchain/bin/../lib/gcc/arm-none-eabi/6.3.1/../../../../arm-none-eabi/lib/thumb/v6-m\libc_nano.a(lib_a-puts.o)
                0x00004dc4                puts
 .text._sbrk_r  0x00004dd8       0x24 d:/program files/atmel studio 7.0/7.0/toolchain/arm/arm-gnu-toolchain/bin/../lib/gcc/arm-none-eabi/6.3.1/../../../../arm-none-eabi/lib/thumb/v6-m\libc_nano.a(lib_a-sbrkr.o)
                0x00004dd8                _sbrk_r
 .text.setbuf   0x00004dfc       0x12 d:/program files/atmel studio 7.0/7.0/toolchain/arm/arm-gnu-toolchain/bin/../lib/gcc/arm-none-eabi/6.3.1/../../../../arm-none-eabi/lib/thumb/v6-m\libc_nano.a(lib_a-setbuf.o)
                0x00004dfc                setbuf
 *fill*         0x00004e0e        0x2 
 .text.setvbuf  0x00004e10      0x158 d:/program files/atmel studio 7.0/7.0/toolchain/arm/arm-gnu-toolchain/bin/../lib/gcc/arm-none-eabi/6.3.1/../../../../arm-none-eabi/lib/thumb/v6-m\libc_nano.a(lib_a-setvbuf.o)
                0x00004e10                setvbuf
 .text          0x00004f68       0x14 d:/program files/atmel studio 7.0/7.0/toolchain/arm/arm-gnu-toolchain/bin/../lib/gcc/arm-none-eabi/6.3.1/../../../../arm-none-eabi/lib/thumb/v6-m\libc_nano.a(lib_a-strcmp.o)
                0x00004f68                strcmp
 .text.strcpy   0x00004f7c       0x10 d:/program files/atmel studio 7.0/7.0/toolchain/arm/arm-gnu-toolchain/bin/../lib/gcc/arm-none-eabi/6.3.1/../../../../arm-none-eabi/lib/thumb/v6-m\libc_nano.a(lib_a-strcpy.o)
                0x00004f7c                strcpy
 .text.strtok   0x00004f8c       0x50 d:/program files/atmel studio 7.0/7.0/toolchain/arm/arm-gnu-toolchain/bin/../lib/gcc/arm-none-eabi/6.3.1/../../../../arm-none-eabi/lib/thumb/v6-m\libc_nano.a(lib_a-strtok.o)
                0x00004f8c                strtok
 .text.__strtok_r
                0x00004fdc       0x5c d:/program files/atmel studio 7.0/7.0/toolchain/arm/arm-gnu-toolchain/bin/../lib/gcc/arm-none-eabi/6.3.1/../../../../arm-none-eabi/lib/thumb/v6-m\libc_nano.a(lib_a-strtok_r.o)
                0x00004fdc                __strtok_r
 .text._strtol_l.isra.0
                0x00005038      0x10c d:/program files/atmel studio 7.0/7.0/toolchain/arm/arm-gnu-toolchain/bin/../lib/gcc/arm-none-eabi/6.3.1/../../../../arm-none-eabi/lib/thumb/v6-m\libc_nano.a(lib_a-strtol.o)
 .text.strtol   0x00005144       0x28 d:/program files/atmel studio 7.0/7.0/toolchain/arm/arm-gnu-toolchain/bin/../lib/gcc/arm-none-eabi/6.3.1/../../../../arm-none-eabi/lib/thumb/v6-m\libc_nano.a(lib_a-strtol.o)
                0x00005144                strtol
 .text.__swbuf_r
                0x0000516c       0xac d:/program files/atmel studio 7.0/7.0/toolchain/arm/arm-gnu-toolchain/bin/../lib/gcc/arm-none-eabi/6.3.1/../../../../arm-none-eabi/lib/thumb/v6-m\libc_nano.a(lib_a-wbuf.o)
                0x0000516c                __swbuf_r
 .text.__ascii_wctomb
                0x00005218       0x18 d:/program files/atmel studio 7.0/7.0/toolchain/arm/arm-gnu-toolchain/bin/../lib/gcc/arm-none-eabi/6.3.1/../../../../arm-none-eabi/lib/thumb/v6-m\libc_nano.a(lib_a-wctomb_r.o)
                0x00005218                __ascii_wctomb
 .text.__swsetup_r
                0x00005230       0xec d:/program files/atmel studio 7.0/7.0/toolchain/arm/arm-gnu-toolchain/bin/../lib/gcc/arm-none-eabi/6.3.1/../../../../arm-none-eabi/lib/thumb/v6-m\libc_nano.a(lib_a-wsetup.o)
                0x00005230                __swsetup_r
 .text.__sflush_r
                0x0000531c      0x114 d:/program files/atmel studio 7.0/7.0/toolchain/arm/arm-gnu-toolchain/bin/../lib/gcc/arm-none-eabi/6.3.1/../../../../arm-none-eabi/lib/thumb/v6-m\libc_nano.a(lib_a-fflush.o)
                0x0000531c                __sflush_r
 .text._fflush_r
                0x00005430       0x58 d:/program files/atmel studio 7.0/7.0/toolchain/arm/arm-gnu-toolchain/bin/../lib/gcc/arm-none-eabi/6.3.1/../../../../arm-none-eabi/lib/thumb/v6-m\libc_nano.a(lib_a-fflush.o)
                0x00005430                _fflush_r
 .text._cleanup_r
                0x00005488       0x10 d:/program files/atmel studio 7.0/7.0/toolchain/arm/arm-gnu-toolchain/bin/../lib/gcc/arm-none-eabi/6.3.1/../../../../arm-none-eabi/lib/thumb/v6-m\libc_nano.a(lib_a-findfp.o)
                0x00005488                _cleanup_r
 .text.std.isra.0
                0x00005498       0x48 d:/program files/atmel studio 7.0/7.0/toolchain/arm/arm-gnu-toolchain/bin/../lib/gcc/arm-none-eabi/6.3.1/../../../../arm-none-eabi/lib/thumb/v6-m\libc_nano.a(lib_a-findfp.o)
 .text.__sfmoreglue
                0x000054e0       0x2c d:/program files/atmel studio 7.0/7.0/toolchain/arm/arm-gnu-toolchain/bin/../lib/gcc/arm-none-eabi/6.3.1/../../../../arm-none-eabi/lib/thumb/v6-m\libc_nano.a(lib_a-findfp.o)
                0x000054e0                __sfmoreglue
 .text.__sinit  0x0000550c       0x68 d:/program files/atmel studio 7.0/7.0/toolchain/arm/arm-gnu-toolchain/bin/../lib/gcc/arm-none-eabi/6.3.1/../../../../arm-none-eabi/lib/thumb/v6-m\libc_nano.a(lib_a-findfp.o)
                0x0000550c                __sinit
 .text.__sfp    0x00005574       0x80 d:/program files/atmel studio 7.0/7.0/toolchain/arm/arm-gnu-toolchain/bin/../lib/gcc/arm-none-eabi/6.3.1/../../../../arm-none-eabi/lib/thumb/v6-m\libc_nano.a(lib_a-findfp.o)
                0x00005574                __sfp
 .text._fwalk_reent
                0x000055f4       0x42 d:/program files/atmel studio 7.0/7.0/toolchain/arm/arm-gnu-toolchain/bin/../lib/gcc/arm-none-eabi/6.3.1/../../../../arm-none-eabi/lib/thumb/v6-m\libc_nano.a(lib_a-fwalk.o)
                0x000055f4                _fwalk_reent
 *fill*         0x00005636        0x2 
 .text.__swhatbuf_r
                0x00005638       0x50 d:/program files/atmel studio 7.0/7.0/toolchain/arm/arm-gnu-toolchain/bin/../lib/gcc/arm-none-eabi/6.3.1/../../../../arm-none-eabi/lib/thumb/v6-m\libc_nano.a(lib_a-makebuf.o)
                0x00005638                __swhatbuf_r
 .text.__smakebuf_r
                0x00005688       0x88 d:/program files/atmel studio 7.0/7.0/toolchain/arm/arm-gnu-toolchain/bin/../lib/gcc/arm-none-eabi/6.3.1/../../../../arm-none-eabi/lib/thumb/v6-m\libc_nano.a(lib_a-makebuf.o)
                0x00005688                __smakebuf_r
 .text.__malloc_lock
                0x00005710        0x2 d:/program files/atmel studio 7.0/7.0/toolchain/arm/arm-gnu-toolchain/bin/../lib/gcc/arm-none-eabi/6.3.1/../../../../arm-none-eabi/lib/thumb/v6-m\libc_nano.a(lib_a-mlock.o)
                0x00005710                __malloc_lock
 .text.__malloc_unlock
                0x00005712        0x2 d:/program files/atmel studio 7.0/7.0/toolchain/arm/arm-gnu-toolchain/bin/../lib/gcc/arm-none-eabi/6.3.1/../../../../arm-none-eabi/lib/thumb/v6-m\libc_nano.a(lib_a-mlock.o)
                0x00005712                __malloc_unlock
 .text.__sfputc_r
                0x00005714       0x2a d:/program files/atmel studio 7.0/7.0/toolchain/arm/arm-gnu-toolchain/bin/../lib/gcc/arm-none-eabi/6.3.1/../../../../arm-none-eabi/lib/thumb/v6-m\libc_nano.a(lib_a-nano-vfprintf.o)
 .text.__sfputs_r
                0x0000573e       0x24 d:/program files/atmel studio 7.0/7.0/toolchain/arm/arm-gnu-toolchain/bin/../lib/gcc/arm-none-eabi/6.3.1/../../../../arm-none-eabi/lib/thumb/v6-m\libc_nano.a(lib_a-nano-vfprintf.o)
                0x0000573e                __sfputs_r
 *fill*         0x00005762        0x2 
 .text._vfprintf_r
                0x00005764      0x238 d:/program files/atmel studio 7.0/7.0/toolchain/arm/arm-gnu-toolchain/bin/../lib/gcc/arm-none-eabi/6.3.1/../../../../arm-none-eabi/lib/thumb/v6-m\libc_nano.a(lib_a-nano-vfprintf.o)
                0x00005764                _vfprintf_r
                0x00005764                _vfiprintf_r
 .text._printf_common
                0x0000599c       0xda d:/program files/atmel studio 7.0/7.0/toolchain/arm/arm-gnu-toolchain/bin/../lib/gcc/arm-none-eabi/6.3.1/../../../../arm-none-eabi/lib/thumb/v6-m\libc_nano.a(lib_a-nano-vfprintf_i.o)
                0x0000599c                _printf_common
 *fill*         0x00005a76        0x2 
 .text._printf_i
                0x00005a78      0x234 d:/program files/atmel studio 7.0/7.0/toolchain/arm/arm-gnu-toolchain/bin/../lib/gcc/arm-none-eabi/6.3.1/../../../../arm-none-eabi/lib/thumb/v6-m\libc_nano.a(lib_a-nano-vfprintf_i.o)
                0x00005a78                _printf_i
 .text.__sread  0x00005cac       0x28 d:/program files/atmel studio 7.0/7.0/toolchain/arm/arm-gnu-toolchain/bin/../lib/gcc/arm-none-eabi/6.3.1/../../../../arm-none-eabi/lib/thumb/v6-m\libc_nano.a(lib_a-stdio.o)
                0x00005cac                __sread
 .text.__swrite
                0x00005cd4       0x38 d:/program files/atmel studio 7.0/7.0/toolchain/arm/arm-gnu-toolchain/bin/../lib/gcc/arm-none-eabi/6.3.1/../../../../arm-none-eabi/lib/thumb/v6-m\libc_nano.a(lib_a-stdio.o)
                0x00005cd4                __swrite
 .text.__sseek  0x00005d0c       0x2c d:/program files/atmel studio 7.0/7.0/toolchain/arm/arm-gnu-toolchain/bin/../lib/gcc/arm-none-eabi/6.3.1/../../../../arm-none-eabi/lib/thumb/v6-m\libc_nano.a(lib_a-stdio.o)
                0x00005d0c                __sseek
 .text.__sclose
                0x00005d38        0xc d:/program files/atmel studio 7.0/7.0/toolchain/arm/arm-gnu-toolchain/bin/../lib/gcc/arm-none-eabi/6.3.1/../../../../arm-none-eabi/lib/thumb/v6-m\libc_nano.a(lib_a-stdio.o)
                0x00005d38                __sclose
 .text._write_r
                0x00005d44       0x28 d:/program files/atmel studio 7.0/7.0/toolchain/arm/arm-gnu-toolchain/bin/../lib/gcc/arm-none-eabi/6.3.1/../../../../arm-none-eabi/lib/thumb/v6-m\libc_nano.a(lib_a-writer.o)
                0x00005d44                _write_r
 .text._close_r
                0x00005d6c       0x24 d:/program files/atmel studio 7.0/7.0/toolchain/arm/arm-gnu-toolchain/bin/../lib/gcc/arm-none-eabi/6.3.1/../../../../arm-none-eabi/lib/thumb/v6-m\libc_nano.a(lib_a-closer.o)
                0x00005d6c                _close_r
 .text._fstat_r
                0x00005d90       0x24 d:/program files/atmel studio 7.0/7.0/toolchain/arm/arm-gnu-toolchain/bin/../lib/gcc/arm-none-eabi/6.3.1/../../../../arm-none-eabi/lib/thumb/v6-m\libc_nano.a(lib_a-fstatr.o)
                0x00005d90                _fstat_r
 .text._isatty_r
                0x00005db4       0x24 d:/program files/atmel studio 7.0/7.0/toolchain/arm/arm-gnu-toolchain/bin/../lib/gcc/arm-none-eabi/6.3.1/../../../../arm-none-eabi/lib/thumb/v6-m\libc_nano.a(lib_a-isattyr.o)
                0x00005db4                _isatty_r
 .text._lseek_r
                0x00005dd8       0x28 d:/program files/atmel studio 7.0/7.0/toolchain/arm/arm-gnu-toolchain/bin/../lib/gcc/arm-none-eabi/6.3.1/../../../../arm-none-eabi/lib/thumb/v6-m\libc_nano.a(lib_a-lseekr.o)
                0x00005dd8                _lseek_r
 .text.memchr   0x00005e00       0x16 d:/program files/atmel studio 7.0/7.0/toolchain/arm/arm-gnu-toolchain/bin/../lib/gcc/arm-none-eabi/6.3.1/../../../../arm-none-eabi/lib/thumb/v6-m\libc_nano.a(lib_a-memchr-stub.o)
                0x00005e00                memchr
 *fill*         0x00005e16        0x2 
 .text._read_r  0x00005e18       0x28 d:/program files/atmel studio 7.0/7.0/toolchain/arm/arm-gnu-toolchain/bin/../lib/gcc/arm-none-eabi/6.3.1/../../../../arm-none-eabi/lib/thumb/v6-m\libc_nano.a(lib_a-readr.o)
                0x00005e18                _read_r
 *(.glue_7t)
 .glue_7t       0x00005e40        0x0 linker stubs
 *(.glue_7)
 .glue_7        0x00005e40        0x0 linker stubs
 *(.rodata .rodata* .gnu.linkonce.r.*)
 .rodata.adc_init
                0x00005e40       0xd4 src/ASF/sam0/drivers/adc/adc_sam_d_r_h/adc.o
 .rodata        0x00005f14       0x50 src/ASF/sam0/drivers/adc/adc_sam_d_r_h/adc.o
 .rodata        0x00005f64       0x18 src/ASF/sam0/drivers/sercom/sercom.o
 .rodata.system_clock_source_get_hz
                0x00005f7c       0x24 src/ASF/sam0/drivers/system/clock/clock_samd21_r21_da_ha1/clock.o
 .rodata.system_clock_source_enable
                0x00005fa0       0x24 src/ASF/sam0/drivers/system/clock/clock_samd21_r21_da_ha1/clock.o
 .rodata.adc_get.str1.4
                0x00005fc4       0x9f src/handler.o
 *fill*         0x00006063        0x1 
 .rodata.get_gpio_pin.str1.4
                0x00006064       0x29 src/handler.o
 *fill*         0x0000608d        0x3 
 .rodata.gpio_clear.str1.4
                0x00006090       0x11 src/handler.o
 *fill*         0x000060a1        0x3 
 .rodata.gpio_get.str1.4
                0x000060a4       0x13 src/handler.o
 *fill*         0x000060b7        0x1 
 .rodata.gpio_set.str1.4
                0x000060b8       0x12 src/handler.o
 *fill*         0x000060ca        0x2 
 .rodata.help.str1.4
                0x000060cc      0x2cb src/handler.o
 *fill*         0x00006397        0x1 
 .rodata.i2c_scan.str1.4
                0x00006398       0x17 src/handler.o
 *fill*         0x000063af        0x1 
 .rodata.input_handle.str1.4
                0x000063b0       0x98 src/handler.o
 .rodata.ip.str1.4
                0x00006448       0x12 src/handler.o
 *fill*         0x0000645a        0x2 
 .rodata.mac.str1.4
                0x0000645c        0xd src/handler.o
 *fill*         0x00006469        0x3 
 .rodata.mcu_temp.str1.4
                0x0000646c       0x16 src/handler.o
 *fill*         0x00006482        0x2 
 .rodata.print_args_error.str1.4
                0x00006484       0x6a src/handler.o
 *fill*         0x000064ee        0x2 
 .rodata.print_general_error.str1.4
                0x000064f0       0x4b src/handler.o
 *fill*         0x0000653b        0x1 
 .rodata.read_sensor.str1.4
                0x0000653c        0xc src/handler.o
 .rodata.ver_bl.str1.4
                0x00006548       0x17 src/handler.o
 *fill*         0x0000655f        0x1 
 .rodata.fix_args.str1.4
                0x00006560        0x2 src/main.o
 *fill*         0x00006562        0x2 
 .rodata.main.str1.4
                0x00006564       0x24 src/main.o
                                 0x23 (size before relaxing)
 .rodata        0x00006588       0x40 d:/program files/atmel studio 7.0/7.0/toolchain/arm/arm-gnu-toolchain/bin/../lib/gcc/arm-none-eabi/6.3.1/thumb/v6-m\libgcc.a(divdf3.o)
 .rodata        0x000065c8       0x40 d:/program files/atmel studio 7.0/7.0/toolchain/arm/arm-gnu-toolchain/bin/../lib/gcc/arm-none-eabi/6.3.1/thumb/v6-m\libgcc.a(muldf3.o)
 .rodata._global_impure_ptr
                0x00006608        0x4 d:/program files/atmel studio 7.0/7.0/toolchain/arm/arm-gnu-toolchain/bin/../lib/gcc/arm-none-eabi/6.3.1/../../../../arm-none-eabi/lib/thumb/v6-m\libc_nano.a(lib_a-impure.o)
                0x00006608                _global_impure_ptr
 .rodata._setlocale_r.str1.1
                0x0000660c        0x8 d:/program files/atmel studio 7.0/7.0/toolchain/arm/arm-gnu-toolchain/bin/../lib/gcc/arm-none-eabi/6.3.1/../../../../arm-none-eabi/lib/thumb/v6-m\libc_nano.a(lib_a-locale.o)
                                  0x9 (size before relaxing)
 .rodata.str1.1
                0x00006614        0x2 d:/program files/atmel studio 7.0/7.0/toolchain/arm/arm-gnu-toolchain/bin/../lib/gcc/arm-none-eabi/6.3.1/../../../../arm-none-eabi/lib/thumb/v6-m\libc_nano.a(lib_a-locale.o)
 .rodata._ctype_
                0x00006616      0x101 d:/program files/atmel studio 7.0/7.0/toolchain/arm/arm-gnu-toolchain/bin/../lib/gcc/arm-none-eabi/6.3.1/../../../../arm-none-eabi/lib/thumb/v6-m\libc_nano.a(lib_a-ctype_.o)
                0x00006616                _ctype_
 *fill*         0x00006717        0x1 
 .rodata.__sf_fake_stderr
                0x00006718       0x20 d:/program files/atmel studio 7.0/7.0/toolchain/arm/arm-gnu-toolchain/bin/../lib/gcc/arm-none-eabi/6.3.1/../../../../arm-none-eabi/lib/thumb/v6-m\libc_nano.a(lib_a-findfp.o)
                0x00006718                __sf_fake_stderr
 .rodata.__sf_fake_stdin
                0x00006738       0x20 d:/program files/atmel studio 7.0/7.0/toolchain/arm/arm-gnu-toolchain/bin/../lib/gcc/arm-none-eabi/6.3.1/../../../../arm-none-eabi/lib/thumb/v6-m\libc_nano.a(lib_a-findfp.o)
                0x00006738                __sf_fake_stdin
 .rodata.__sf_fake_stdout
                0x00006758       0x20 d:/program files/atmel studio 7.0/7.0/toolchain/arm/arm-gnu-toolchain/bin/../lib/gcc/arm-none-eabi/6.3.1/../../../../arm-none-eabi/lib/thumb/v6-m\libc_nano.a(lib_a-findfp.o)
                0x00006758                __sf_fake_stdout
 .rodata._vfprintf_r.str1.1
                0x00006778       0x11 d:/program files/atmel studio 7.0/7.0/toolchain/arm/arm-gnu-toolchain/bin/../lib/gcc/arm-none-eabi/6.3.1/../../../../arm-none-eabi/lib/thumb/v6-m\libc_nano.a(lib_a-nano-vfprintf.o)
 .rodata._printf_i.str1.1
                0x00006789       0x22 d:/program files/atmel studio 7.0/7.0/toolchain/arm/arm-gnu-toolchain/bin/../lib/gcc/arm-none-eabi/6.3.1/../../../../arm-none-eabi/lib/thumb/v6-m\libc_nano.a(lib_a-nano-vfprintf_i.o)
 *(.ARM.extab* .gnu.linkonce.armextab.*)
                0x000067ac                . = ALIGN (0x4)
 *fill*         0x000067ab        0x1 
 *(.init)
 .init          0x000067ac        0x4 d:/program files/atmel studio 7.0/7.0/toolchain/arm/arm-gnu-toolchain/bin/../lib/gcc/arm-none-eabi/6.3.1/thumb/v6-m/crti.o
                0x000067ac                _init
 .init          0x000067b0        0x8 d:/program files/atmel studio 7.0/7.0/toolchain/arm/arm-gnu-toolchain/bin/../lib/gcc/arm-none-eabi/6.3.1/thumb/v6-m/crtn.o
                0x000067b8                . = ALIGN (0x4)
                0x000067b8                __preinit_array_start = .
 *(.preinit_array)
                0x000067b8                __preinit_array_end = .
                0x000067b8                . = ALIGN (0x4)
                0x000067b8                __init_array_start = .
 *(SORT(.init_array.*))
 *(.init_array)
 .init_array    0x000067b8        0x4 d:/program files/atmel studio 7.0/7.0/toolchain/arm/arm-gnu-toolchain/bin/../lib/gcc/arm-none-eabi/6.3.1/thumb/v6-m/crtbegin.o
                0x000067bc                __init_array_end = .
                0x000067bc                . = ALIGN (0x4)
 *crtbegin.o(.ctors)
 *(EXCLUDE_FILE(*crtend.o) .ctors)
 *(SORT(.ctors.*))
 *crtend.o(.ctors)
                0x000067bc                . = ALIGN (0x4)
 *(.fini)
 .fini          0x000067bc        0x4 d:/program files/atmel studio 7.0/7.0/toolchain/arm/arm-gnu-toolchain/bin/../lib/gcc/arm-none-eabi/6.3.1/thumb/v6-m/crti.o
                0x000067bc                _fini
 .fini          0x000067c0        0x8 d:/program files/atmel studio 7.0/7.0/toolchain/arm/arm-gnu-toolchain/bin/../lib/gcc/arm-none-eabi/6.3.1/thumb/v6-m/crtn.o
                0x000067c8                . = ALIGN (0x4)
                0x000067c8                __fini_array_start = .
 *(.fini_array)
 .fini_array    0x000067c8        0x4 d:/program files/atmel studio 7.0/7.0/toolchain/arm/arm-gnu-toolchain/bin/../lib/gcc/arm-none-eabi/6.3.1/thumb/v6-m/crtbegin.o
 *(SORT(.fini_array.*))
                0x000067cc                __fini_array_end = .
 *crtbegin.o(.dtors)
 *(EXCLUDE_FILE(*crtend.o) .dtors)
 *(SORT(.dtors.*))
 *crtend.o(.dtors)
                0x000067cc                . = ALIGN (0x4)
                0x000067cc                _efixed = .
                [!provide]                PROVIDE (__exidx_start, .)

.vfp11_veneer   0x000067cc        0x0
 .vfp11_veneer  0x000067cc        0x0 linker stubs

.v4_bx          0x000067cc        0x0
 .v4_bx         0x000067cc        0x0 linker stubs

.iplt           0x000067cc        0x0
 .iplt          0x000067cc        0x0 d:/program files/atmel studio 7.0/7.0/toolchain/arm/arm-gnu-toolchain/bin/../lib/gcc/arm-none-eabi/6.3.1/thumb/v6-m/crtbegin.o

.eh_frame       0x000067cc        0x0
 .eh_frame      0x000067cc        0x0 d:/program files/atmel studio 7.0/7.0/toolchain/arm/arm-gnu-toolchain/bin/../lib/gcc/arm-none-eabi/6.3.1/thumb/v6-m/crtbegin.o

.rel.dyn        0x000067cc        0x0
 .rel.iplt      0x000067cc        0x0 d:/program files/atmel studio 7.0/7.0/toolchain/arm/arm-gnu-toolchain/bin/../lib/gcc/arm-none-eabi/6.3.1/thumb/v6-m/crtbegin.o

.jcr            0x000067cc        0x0
 .jcr           0x000067cc        0x0 d:/program files/atmel studio 7.0/7.0/toolchain/arm/arm-gnu-toolchain/bin/../lib/gcc/arm-none-eabi/6.3.1/thumb/v6-m/crtbegin.o

.igot.plt       0x000067cc        0x0
 .igot.plt      0x000067cc        0x0 d:/program files/atmel studio 7.0/7.0/toolchain/arm/arm-gnu-toolchain/bin/../lib/gcc/arm-none-eabi/6.3.1/thumb/v6-m/crtbegin.o

.ARM.exidx
 *(.ARM.exidx* .gnu.linkonce.armexidx.*)
                [!provide]                PROVIDE (__exidx_end, .)
                0x000067cc                . = ALIGN (0x4)
                0x000067cc                _etext = .

.relocate       0x20000000      0x1fc load address 0x000067cc
                0x20000000                . = ALIGN (0x4)
                0x20000000                _srelocate = .
 *(.ramfunc .ramfunc.*)
 *(.data .data.*)
 .data.cycles_per_ms
                0x20000000        0x4 src/ASF/common2/services/delay/sam0/systick_counter.o
 .data.cycles_per_us
                0x20000004        0x4 src/ASF/common2/services/delay/sam0/systick_counter.o
 .data.g_interrupt_enabled
                0x20000008        0x1 src/ASF/common/utils/interrupt/interrupt_sam_nvic.o
                0x20000008                g_interrupt_enabled
 *fill*         0x20000009        0x3 
 .data.rd_packet
                0x2000000c        0xc src/handler.o
 .data.wr_buffer
                0x20000018        0x8 src/handler.o
 .data.wr_packet
                0x20000020        0xc src/handler.o
 .data._impure_ptr
                0x2000002c        0x4 d:/program files/atmel studio 7.0/7.0/toolchain/arm/arm-gnu-toolchain/bin/../lib/gcc/arm-none-eabi/6.3.1/../../../../arm-none-eabi/lib/thumb/v6-m\libc_nano.a(lib_a-impure.o)
                0x2000002c                _impure_ptr
 .data.impure_data
                0x20000030       0x60 d:/program files/atmel studio 7.0/7.0/toolchain/arm/arm-gnu-toolchain/bin/../lib/gcc/arm-none-eabi/6.3.1/../../../../arm-none-eabi/lib/thumb/v6-m\libc_nano.a(lib_a-impure.o)
 .data.__global_locale
                0x20000090      0x16c d:/program files/atmel studio 7.0/7.0/toolchain/arm/arm-gnu-toolchain/bin/../lib/gcc/arm-none-eabi/6.3.1/../../../../arm-none-eabi/lib/thumb/v6-m\libc_nano.a(lib_a-locale.o)
                0x20000090                __global_locale
                0x200001fc                . = ALIGN (0x4)
                0x200001fc                _erelocate = .

.bss            0x200001fc      0x174 load address 0x000069c8
                0x200001fc                . = ALIGN (0x4)
                0x200001fc                _sbss = .
                0x200001fc                _szero = .
 *(.bss .bss.*)
 .bss           0x200001fc       0x1c d:/program files/atmel studio 7.0/7.0/toolchain/arm/arm-gnu-toolchain/bin/../lib/gcc/arm-none-eabi/6.3.1/thumb/v6-m/crtbegin.o
 .bss._sercom_config
                0x20000218        0x2 src/ASF/sam0/drivers/sercom/sercom.o
 .bss._handler_table_initialized
                0x2000021a        0x1 src/ASF/sam0/drivers/sercom/sercom_interrupt.o
 *fill*         0x2000021b        0x1 
 .bss._sercom_interrupt_handlers
                0x2000021c       0x18 src/ASF/sam0/drivers/sercom/sercom_interrupt.o
 .bss.cpu_irq_critical_section_counter
                0x20000234        0x4 src/ASF/common/utils/interrupt/interrupt_sam_nvic.o
 .bss.cpu_irq_prev_interrupt_state
                0x20000238        0x1 src/ASF/common/utils/interrupt/interrupt_sam_nvic.o
 *fill*         0x20000239        0x3 
 .bss._system_clock_inst
                0x2000023c       0x18 src/ASF/sam0/drivers/system/clock/clock_samd21_r21_da_ha1/clock.o
 .bss.heap.5296
                0x20000254        0x4 src/ASF/sam0/utils/syscalls/gcc/syscalls.o
 .bss.rd_buffer
                0x20000258        0x8 src/handler.o
 .bss.__malloc_free_list
                0x20000260        0x4 d:/program files/atmel studio 7.0/7.0/toolchain/arm/arm-gnu-toolchain/bin/../lib/gcc/arm-none-eabi/6.3.1/../../../../arm-none-eabi/lib/thumb/v6-m\libc_nano.a(lib_a-nano-mallocr.o)
                0x20000260                __malloc_free_list
 .bss.__malloc_sbrk_start
                0x20000264        0x4 d:/program files/atmel studio 7.0/7.0/toolchain/arm/arm-gnu-toolchain/bin/../lib/gcc/arm-none-eabi/6.3.1/../../../../arm-none-eabi/lib/thumb/v6-m\libc_nano.a(lib_a-nano-mallocr.o)
                0x20000264                __malloc_sbrk_start
 *(COMMON)
 COMMON         0x20000268        0x4 src/ASF/sam0/utils/stdio/read.o
                0x20000268                ptr_get
 COMMON         0x2000026c        0x8 src/ASF/sam0/utils/stdio/write.o
                0x2000026c                ptr_put
                0x20000270                stdio_base
 COMMON         0x20000274       0x18 src/ASF/sam0/drivers/sercom/sercom_interrupt.o
                0x20000274                _sercom_instances
 COMMON         0x2000028c       0x64 src/handler.o
                0x2000028c                usart_instance
                0x200002c0                i2c_master_instance
                0x200002e8                adc_instance
 COMMON         0x200002f0       0x79 src/main.o
                0x200002f0                argv
                0x20000300                argc
                0x20000304                rx_buffer
                0x20000368                numberCharsRead
 *fill*         0x20000369        0x3 
 COMMON         0x2000036c        0x4 d:/program files/atmel studio 7.0/7.0/toolchain/arm/arm-gnu-toolchain/bin/../lib/gcc/arm-none-eabi/6.3.1/../../../../arm-none-eabi/lib/thumb/v6-m\libc_nano.a(lib_a-reent.o)
                0x2000036c                errno
                0x20000370                . = ALIGN (0x4)
                0x20000370                _ebss = .
                0x20000370                _ezero = .

.stack          0x20000370     0x2000 load address 0x00006b3c
                0x20000370                . = ALIGN (0x8)
                0x20000370                _sstack = .
                0x20002370                . = (. + STACK_SIZE)
 *fill*         0x20000370     0x2000 
                0x20002370                . = ALIGN (0x8)
                0x20002370                _estack = .
                0x20002370                . = ALIGN (0x4)
                0x20002370                _end = .
OUTPUT(GccBoardProject1.elf elf32-littlearm)

.ARM.attributes
                0x00000000       0x28
 .ARM.attributes
                0x00000000       0x1e d:/program files/atmel studio 7.0/7.0/toolchain/arm/arm-gnu-toolchain/bin/../lib/gcc/arm-none-eabi/6.3.1/thumb/v6-m/crti.o
 .ARM.attributes
                0x0000001e       0x2c d:/program files/atmel studio 7.0/7.0/toolchain/arm/arm-gnu-toolchain/bin/../lib/gcc/arm-none-eabi/6.3.1/thumb/v6-m/crtbegin.o
 .ARM.attributes
                0x0000004a       0x32 src/ASF/common2/services/delay/sam0/systick_counter.o
 .ARM.attributes
                0x0000007c       0x32 src/ASF/sam0/drivers/adc/adc_sam_d_r_h/adc.o
 .ARM.attributes
                0x000000ae       0x32 src/ASF/sam0/drivers/sercom/i2c/i2c_sam0/i2c_master.o
 .ARM.attributes
                0x000000e0       0x32 src/ASF/sam0/drivers/sercom/i2c/i2c_sam0/i2c_master_interrupt.o
 .ARM.attributes
                0x00000112       0x32 src/ASF/sam0/drivers/sercom/sercom.o
 .ARM.attributes
                0x00000144       0x32 src/ASF/sam0/utils/stdio/read.o
 .ARM.attributes
                0x00000176       0x32 src/ASF/sam0/utils/stdio/write.o
 .ARM.attributes
                0x000001a8       0x32 src/ASF/sam0/drivers/sercom/usart/usart.o
 .ARM.attributes
                0x000001da       0x32 src/ASF/sam0/drivers/sercom/usart/usart_interrupt.o
 .ARM.attributes
                0x0000020c       0x32 src/ASF/sam0/drivers/sercom/sercom_interrupt.o
 .ARM.attributes
                0x0000023e       0x32 src/ASF/common/utils/interrupt/interrupt_sam_nvic.o
 .ARM.attributes
                0x00000270       0x32 src/ASF/sam0/boards/samw25_xplained_pro/board_init.o
 .ARM.attributes
                0x000002a2       0x32 src/ASF/sam0/drivers/port/port.o
 .ARM.attributes
                0x000002d4       0x32 src/ASF/sam0/drivers/system/clock/clock_samd21_r21_da_ha1/clock.o
 .ARM.attributes
                0x00000306       0x32 src/ASF/sam0/drivers/system/clock/clock_samd21_r21_da_ha1/gclk.o
 .ARM.attributes
                0x00000338       0x32 src/ASF/sam0/drivers/system/pinmux/pinmux.o
 .ARM.attributes
                0x0000036a       0x32 src/ASF/sam0/drivers/system/system.o
 .ARM.attributes
                0x0000039c       0x32 src/ASF/sam0/utils/cmsis/samd21/source/gcc/startup_samd21.o
 .ARM.attributes
                0x000003ce       0x32 src/ASF/sam0/utils/syscalls/gcc/syscalls.o
 .ARM.attributes
                0x00000400       0x32 src/handler.o
 .ARM.attributes
                0x00000432       0x32 src/main.o
 .ARM.attributes
                0x00000464       0x1e d:/program files/atmel studio 7.0/7.0/toolchain/arm/arm-gnu-toolchain/bin/../lib/gcc/arm-none-eabi/6.3.1/thumb/v6-m\libgcc.a(_udivsi3.o)
 .ARM.attributes
                0x00000482       0x1e d:/program files/atmel studio 7.0/7.0/toolchain/arm/arm-gnu-toolchain/bin/../lib/gcc/arm-none-eabi/6.3.1/thumb/v6-m\libgcc.a(_dvmd_tls.o)
 .ARM.attributes
                0x000004a0       0x2c d:/program files/atmel studio 7.0/7.0/toolchain/arm/arm-gnu-toolchain/bin/../lib/gcc/arm-none-eabi/6.3.1/thumb/v6-m\libgcc.a(_muldi3.o)
 .ARM.attributes
                0x000004cc       0x2c d:/program files/atmel studio 7.0/7.0/toolchain/arm/arm-gnu-toolchain/bin/../lib/gcc/arm-none-eabi/6.3.1/thumb/v6-m\libgcc.a(adddf3.o)
 .ARM.attributes
                0x000004f8       0x2c d:/program files/atmel studio 7.0/7.0/toolchain/arm/arm-gnu-toolchain/bin/../lib/gcc/arm-none-eabi/6.3.1/thumb/v6-m\libgcc.a(divdf3.o)
 .ARM.attributes
                0x00000524       0x2c d:/program files/atmel studio 7.0/7.0/toolchain/arm/arm-gnu-toolchain/bin/../lib/gcc/arm-none-eabi/6.3.1/thumb/v6-m\libgcc.a(muldf3.o)
 .ARM.attributes
                0x00000550       0x2c d:/program files/atmel studio 7.0/7.0/toolchain/arm/arm-gnu-toolchain/bin/../lib/gcc/arm-none-eabi/6.3.1/thumb/v6-m\libgcc.a(subdf3.o)
 .ARM.attributes
                0x0000057c       0x2c d:/program files/atmel studio 7.0/7.0/toolchain/arm/arm-gnu-toolchain/bin/../lib/gcc/arm-none-eabi/6.3.1/thumb/v6-m\libgcc.a(fixdfsi.o)
 .ARM.attributes
                0x000005a8       0x2c d:/program files/atmel studio 7.0/7.0/toolchain/arm/arm-gnu-toolchain/bin/../lib/gcc/arm-none-eabi/6.3.1/thumb/v6-m\libgcc.a(floatunsidf.o)
 .ARM.attributes
                0x000005d4       0x1e d:/program files/atmel studio 7.0/7.0/toolchain/arm/arm-gnu-toolchain/bin/../lib/gcc/arm-none-eabi/6.3.1/thumb/v6-m\libgcc.a(_clzsi2.o)
 .ARM.attributes
                0x000005f2       0x2c d:/program files/atmel studio 7.0/7.0/toolchain/arm/arm-gnu-toolchain/bin/../lib/gcc/arm-none-eabi/6.3.1/../../../../arm-none-eabi/lib/thumb/v6-m\libc_nano.a(lib_a-atoi.o)
 .ARM.attributes
                0x0000061e       0x2c d:/program files/atmel studio 7.0/7.0/toolchain/arm/arm-gnu-toolchain/bin/../lib/gcc/arm-none-eabi/6.3.1/../../../../arm-none-eabi/lib/thumb/v6-m\libc_nano.a(lib_a-impure.o)
 .ARM.attributes
                0x0000064a       0x2c d:/program files/atmel studio 7.0/7.0/toolchain/arm/arm-gnu-toolchain/bin/../lib/gcc/arm-none-eabi/6.3.1/../../../../arm-none-eabi/lib/thumb/v6-m\libc_nano.a(lib_a-init.o)
 .ARM.attributes
                0x00000676       0x2c d:/program files/atmel studio 7.0/7.0/toolchain/arm/arm-gnu-toolchain/bin/../lib/gcc/arm-none-eabi/6.3.1/../../../../arm-none-eabi/lib/thumb/v6-m\libc_nano.a(lib_a-locale.o)
 .ARM.attributes
                0x000006a2       0x2c d:/program files/atmel studio 7.0/7.0/toolchain/arm/arm-gnu-toolchain/bin/../lib/gcc/arm-none-eabi/6.3.1/../../../../arm-none-eabi/lib/thumb/v6-m\libc_nano.a(lib_a-malloc.o)
 .ARM.attributes
                0x000006ce       0x2c d:/program files/atmel studio 7.0/7.0/toolchain/arm/arm-gnu-toolchain/bin/../lib/gcc/arm-none-eabi/6.3.1/../../../../arm-none-eabi/lib/thumb/v6-m\libc_nano.a(lib_a-mbtowc_r.o)
 .ARM.attributes
                0x000006fa       0x2c d:/program files/atmel studio 7.0/7.0/toolchain/arm/arm-gnu-toolchain/bin/../lib/gcc/arm-none-eabi/6.3.1/../../../../arm-none-eabi/lib/thumb/v6-m\libc_nano.a(lib_a-memcpy-stub.o)
 .ARM.attributes
                0x00000726       0x2c d:/program files/atmel studio 7.0/7.0/toolchain/arm/arm-gnu-toolchain/bin/../lib/gcc/arm-none-eabi/6.3.1/../../../../arm-none-eabi/lib/thumb/v6-m\libc_nano.a(lib_a-memset.o)
 .ARM.attributes
                0x00000752       0x2c d:/program files/atmel studio 7.0/7.0/toolchain/arm/arm-gnu-toolchain/bin/../lib/gcc/arm-none-eabi/6.3.1/../../../../arm-none-eabi/lib/thumb/v6-m\libc_nano.a(lib_a-nano-freer.o)
 .ARM.attributes
                0x0000077e       0x2c d:/program files/atmel studio 7.0/7.0/toolchain/arm/arm-gnu-toolchain/bin/../lib/gcc/arm-none-eabi/6.3.1/../../../../arm-none-eabi/lib/thumb/v6-m\libc_nano.a(lib_a-nano-mallocr.o)
 .ARM.attributes
                0x000007aa       0x2c d:/program files/atmel studio 7.0/7.0/toolchain/arm/arm-gnu-toolchain/bin/../lib/gcc/arm-none-eabi/6.3.1/../../../../arm-none-eabi/lib/thumb/v6-m\libc_nano.a(lib_a-printf.o)
 .ARM.attributes
                0x000007d6       0x2c d:/program files/atmel studio 7.0/7.0/toolchain/arm/arm-gnu-toolchain/bin/../lib/gcc/arm-none-eabi/6.3.1/../../../../arm-none-eabi/lib/thumb/v6-m\libc_nano.a(lib_a-puts.o)
 .ARM.attributes
                0x00000802       0x2c d:/program files/atmel studio 7.0/7.0/toolchain/arm/arm-gnu-toolchain/bin/../lib/gcc/arm-none-eabi/6.3.1/../../../../arm-none-eabi/lib/thumb/v6-m\libc_nano.a(lib_a-sbrkr.o)
 .ARM.attributes
                0x0000082e       0x2c d:/program files/atmel studio 7.0/7.0/toolchain/arm/arm-gnu-toolchain/bin/../lib/gcc/arm-none-eabi/6.3.1/../../../../arm-none-eabi/lib/thumb/v6-m\libc_nano.a(lib_a-setbuf.o)
 .ARM.attributes
                0x0000085a       0x2c d:/program files/atmel studio 7.0/7.0/toolchain/arm/arm-gnu-toolchain/bin/../lib/gcc/arm-none-eabi/6.3.1/../../../../arm-none-eabi/lib/thumb/v6-m\libc_nano.a(lib_a-setvbuf.o)
 .ARM.attributes
                0x00000886       0x1c d:/program files/atmel studio 7.0/7.0/toolchain/arm/arm-gnu-toolchain/bin/../lib/gcc/arm-none-eabi/6.3.1/../../../../arm-none-eabi/lib/thumb/v6-m\libc_nano.a(lib_a-strcmp.o)
 .ARM.attributes
                0x000008a2       0x2c d:/program files/atmel studio 7.0/7.0/toolchain/arm/arm-gnu-toolchain/bin/../lib/gcc/arm-none-eabi/6.3.1/../../../../arm-none-eabi/lib/thumb/v6-m\libc_nano.a(lib_a-strcpy.o)
 .ARM.attributes
                0x000008ce       0x2c d:/program files/atmel studio 7.0/7.0/toolchain/arm/arm-gnu-toolchain/bin/../lib/gcc/arm-none-eabi/6.3.1/../../../../arm-none-eabi/lib/thumb/v6-m\libc_nano.a(lib_a-strtok.o)
 .ARM.attributes
                0x000008fa       0x2c d:/program files/atmel studio 7.0/7.0/toolchain/arm/arm-gnu-toolchain/bin/../lib/gcc/arm-none-eabi/6.3.1/../../../../arm-none-eabi/lib/thumb/v6-m\libc_nano.a(lib_a-strtok_r.o)
 .ARM.attributes
                0x00000926       0x2c d:/program files/atmel studio 7.0/7.0/toolchain/arm/arm-gnu-toolchain/bin/../lib/gcc/arm-none-eabi/6.3.1/../../../../arm-none-eabi/lib/thumb/v6-m\libc_nano.a(lib_a-strtol.o)
 .ARM.attributes
                0x00000952       0x2c d:/program files/atmel studio 7.0/7.0/toolchain/arm/arm-gnu-toolchain/bin/../lib/gcc/arm-none-eabi/6.3.1/../../../../arm-none-eabi/lib/thumb/v6-m\libc_nano.a(lib_a-wbuf.o)
 .ARM.attributes
                0x0000097e       0x2c d:/program files/atmel studio 7.0/7.0/toolchain/arm/arm-gnu-toolchain/bin/../lib/gcc/arm-none-eabi/6.3.1/../../../../arm-none-eabi/lib/thumb/v6-m\libc_nano.a(lib_a-wctomb_r.o)
 .ARM.attributes
                0x000009aa       0x2c d:/program files/atmel studio 7.0/7.0/toolchain/arm/arm-gnu-toolchain/bin/../lib/gcc/arm-none-eabi/6.3.1/../../../../arm-none-eabi/lib/thumb/v6-m\libc_nano.a(lib_a-wsetup.o)
 .ARM.attributes
                0x000009d6       0x2c d:/program files/atmel studio 7.0/7.0/toolchain/arm/arm-gnu-toolchain/bin/../lib/gcc/arm-none-eabi/6.3.1/../../../../arm-none-eabi/lib/thumb/v6-m\libc_nano.a(lib_a-ctype_.o)
 .ARM.attributes
                0x00000a02       0x2c d:/program files/atmel studio 7.0/7.0/toolchain/arm/arm-gnu-toolchain/bin/../lib/gcc/arm-none-eabi/6.3.1/../../../../arm-none-eabi/lib/thumb/v6-m\libc_nano.a(lib_a-fflush.o)
 .ARM.attributes
                0x00000a2e       0x2c d:/program files/atmel studio 7.0/7.0/toolchain/arm/arm-gnu-toolchain/bin/../lib/gcc/arm-none-eabi/6.3.1/../../../../arm-none-eabi/lib/thumb/v6-m\libc_nano.a(lib_a-findfp.o)
 .ARM.attributes
                0x00000a5a       0x2c d:/program files/atmel studio 7.0/7.0/toolchain/arm/arm-gnu-toolchain/bin/../lib/gcc/arm-none-eabi/6.3.1/../../../../arm-none-eabi/lib/thumb/v6-m\libc_nano.a(lib_a-fwalk.o)
 .ARM.attributes
                0x00000a86       0x2c d:/program files/atmel studio 7.0/7.0/toolchain/arm/arm-gnu-toolchain/bin/../lib/gcc/arm-none-eabi/6.3.1/../../../../arm-none-eabi/lib/thumb/v6-m\libc_nano.a(lib_a-makebuf.o)
 .ARM.attributes
                0x00000ab2       0x2c d:/program files/atmel studio 7.0/7.0/toolchain/arm/arm-gnu-toolchain/bin/../lib/gcc/arm-none-eabi/6.3.1/../../../../arm-none-eabi/lib/thumb/v6-m\libc_nano.a(lib_a-mlock.o)
 .ARM.attributes
                0x00000ade       0x2c d:/program files/atmel studio 7.0/7.0/toolchain/arm/arm-gnu-toolchain/bin/../lib/gcc/arm-none-eabi/6.3.1/../../../../arm-none-eabi/lib/thumb/v6-m\libc_nano.a(lib_a-nano-vfprintf.o)
 .ARM.attributes
                0x00000b0a       0x2c d:/program files/atmel studio 7.0/7.0/toolchain/arm/arm-gnu-toolchain/bin/../lib/gcc/arm-none-eabi/6.3.1/../../../../arm-none-eabi/lib/thumb/v6-m\libc_nano.a(lib_a-nano-vfprintf_i.o)
 .ARM.attributes
                0x00000b36       0x2c d:/program files/atmel studio 7.0/7.0/toolchain/arm/arm-gnu-toolchain/bin/../lib/gcc/arm-none-eabi/6.3.1/../../../../arm-none-eabi/lib/thumb/v6-m\libc_nano.a(lib_a-reent.o)
 .ARM.attributes
                0x00000b62       0x2c d:/program files/atmel studio 7.0/7.0/toolchain/arm/arm-gnu-toolchain/bin/../lib/gcc/arm-none-eabi/6.3.1/../../../../arm-none-eabi/lib/thumb/v6-m\libc_nano.a(lib_a-stdio.o)
 .ARM.attributes
                0x00000b8e       0x2c d:/program files/atmel studio 7.0/7.0/toolchain/arm/arm-gnu-toolchain/bin/../lib/gcc/arm-none-eabi/6.3.1/../../../../arm-none-eabi/lib/thumb/v6-m\libc_nano.a(lib_a-writer.o)
 .ARM.attributes
                0x00000bba       0x2c d:/program files/atmel studio 7.0/7.0/toolchain/arm/arm-gnu-toolchain/bin/../lib/gcc/arm-none-eabi/6.3.1/../../../../arm-none-eabi/lib/thumb/v6-m\libc_nano.a(lib_a-closer.o)
 .ARM.attributes
                0x00000be6       0x2c d:/program files/atmel studio 7.0/7.0/toolchain/arm/arm-gnu-toolchain/bin/../lib/gcc/arm-none-eabi/6.3.1/../../../../arm-none-eabi/lib/thumb/v6-m\libc_nano.a(lib_a-fstatr.o)
 .ARM.attributes
                0x00000c12       0x2c d:/program files/atmel studio 7.0/7.0/toolchain/arm/arm-gnu-toolchain/bin/../lib/gcc/arm-none-eabi/6.3.1/../../../../arm-none-eabi/lib/thumb/v6-m\libc_nano.a(lib_a-isattyr.o)
 .ARM.attributes
                0x00000c3e       0x2c d:/program files/atmel studio 7.0/7.0/toolchain/arm/arm-gnu-toolchain/bin/../lib/gcc/arm-none-eabi/6.3.1/../../../../arm-none-eabi/lib/thumb/v6-m\libc_nano.a(lib_a-lseekr.o)
 .ARM.attributes
                0x00000c6a       0x2c d:/program files/atmel studio 7.0/7.0/toolchain/arm/arm-gnu-toolchain/bin/../lib/gcc/arm-none-eabi/6.3.1/../../../../arm-none-eabi/lib/thumb/v6-m\libc_nano.a(lib_a-memchr-stub.o)
 .ARM.attributes
                0x00000c96       0x2c d:/program files/atmel studio 7.0/7.0/toolchain/arm/arm-gnu-toolchain/bin/../lib/gcc/arm-none-eabi/6.3.1/../../../../arm-none-eabi/lib/thumb/v6-m\libc_nano.a(lib_a-readr.o)
 .ARM.attributes
                0x00000cc2       0x1e d:/program files/atmel studio 7.0/7.0/toolchain/arm/arm-gnu-toolchain/bin/../lib/gcc/arm-none-eabi/6.3.1/thumb/v6-m/crtn.o

.comment        0x00000000       0x59
 .comment       0x00000000       0x59 src/ASF/common2/services/delay/sam0/systick_counter.o
                                 0x5a (size before relaxing)
 .comment       0x00000059       0x5a src/ASF/sam0/drivers/adc/adc_sam_d_r_h/adc.o
 .comment       0x00000059       0x5a src/ASF/sam0/drivers/sercom/i2c/i2c_sam0/i2c_master.o
 .comment       0x00000059       0x5a src/ASF/sam0/drivers/sercom/i2c/i2c_sam0/i2c_master_interrupt.o
 .comment       0x00000059       0x5a src/ASF/sam0/drivers/sercom/sercom.o
 .comment       0x00000059       0x5a src/ASF/sam0/utils/stdio/read.o
 .comment       0x00000059       0x5a src/ASF/sam0/utils/stdio/write.o
 .comment       0x00000059       0x5a src/ASF/sam0/drivers/sercom/usart/usart.o
 .comment       0x00000059       0x5a src/ASF/sam0/drivers/sercom/usart/usart_interrupt.o
 .comment       0x00000059       0x5a src/ASF/sam0/drivers/sercom/sercom_interrupt.o
 .comment       0x00000059       0x5a src/ASF/common/utils/interrupt/interrupt_sam_nvic.o
 .comment       0x00000059       0x5a src/ASF/sam0/boards/samw25_xplained_pro/board_init.o
 .comment       0x00000059       0x5a src/ASF/sam0/drivers/port/port.o
 .comment       0x00000059       0x5a src/ASF/sam0/drivers/system/clock/clock_samd21_r21_da_ha1/clock.o
 .comment       0x00000059       0x5a src/ASF/sam0/drivers/system/clock/clock_samd21_r21_da_ha1/gclk.o
 .comment       0x00000059       0x5a src/ASF/sam0/drivers/system/pinmux/pinmux.o
 .comment       0x00000059       0x5a src/ASF/sam0/drivers/system/system.o
 .comment       0x00000059       0x5a src/ASF/sam0/utils/cmsis/samd21/source/gcc/startup_samd21.o
 .comment       0x00000059       0x5a src/ASF/sam0/utils/syscalls/gcc/syscalls.o
 .comment       0x00000059       0x5a src/handler.o
 .comment       0x00000059       0x5a src/main.o

.debug_info     0x00000000    0x34930
 .debug_info    0x00000000      0xb8d src/ASF/common2/services/delay/sam0/systick_counter.o
 .debug_info    0x00000b8d     0x3d4f src/ASF/sam0/drivers/adc/adc_sam_d_r_h/adc.o
 .debug_info    0x000048dc     0x4f6e src/ASF/sam0/drivers/sercom/i2c/i2c_sam0/i2c_master.o
 .debug_info    0x0000984a     0x3133 src/ASF/sam0/drivers/sercom/i2c/i2c_sam0/i2c_master_interrupt.o
 .debug_info    0x0000c97d     0x2dd8 src/ASF/sam0/drivers/sercom/sercom.o
 .debug_info    0x0000f755      0xacf src/ASF/sam0/utils/stdio/read.o
 .debug_info    0x00010224      0xacc src/ASF/sam0/utils/stdio/write.o
 .debug_info    0x00010cf0     0x4ac0 src/ASF/sam0/drivers/sercom/usart/usart.o
 .debug_info    0x000157b0     0x304b src/ASF/sam0/drivers/sercom/usart/usart_interrupt.o
 .debug_info    0x000187fb     0x2bd2 src/ASF/sam0/drivers/sercom/sercom_interrupt.o
 .debug_info    0x0001b3cd      0xb07 src/ASF/common/utils/interrupt/interrupt_sam_nvic.o
 .debug_info    0x0001bed4     0x12ad src/ASF/sam0/boards/samw25_xplained_pro/board_init.o
 .debug_info    0x0001d181     0x12b6 src/ASF/sam0/drivers/port/port.o
 .debug_info    0x0001e437     0x39eb src/ASF/sam0/drivers/system/clock/clock_samd21_r21_da_ha1/clock.o
 .debug_info    0x00021e22     0x1ed1 src/ASF/sam0/drivers/system/clock/clock_samd21_r21_da_ha1/gclk.o
 .debug_info    0x00023cf3     0x13f5 src/ASF/sam0/drivers/system/pinmux/pinmux.o
 .debug_info    0x000250e8      0xa73 src/ASF/sam0/drivers/system/system.o
 .debug_info    0x00025b5b     0x3a49 src/ASF/sam0/utils/cmsis/samd21/source/gcc/startup_samd21.o
 .debug_info    0x000295a4      0xd98 src/ASF/sam0/utils/syscalls/gcc/syscalls.o
 .debug_info    0x0002a33c     0x697c src/handler.o
 .debug_info    0x00030cb8     0x3c78 src/main.o

.debug_abbrev   0x00000000     0x4628
 .debug_abbrev  0x00000000      0x24b src/ASF/common2/services/delay/sam0/systick_counter.o
 .debug_abbrev  0x0000024b      0x45c src/ASF/sam0/drivers/adc/adc_sam_d_r_h/adc.o
 .debug_abbrev  0x000006a7      0x4fb src/ASF/sam0/drivers/sercom/i2c/i2c_sam0/i2c_master.o
 .debug_abbrev  0x00000ba2      0x427 src/ASF/sam0/drivers/sercom/i2c/i2c_sam0/i2c_master_interrupt.o
 .debug_abbrev  0x00000fc9      0x378 src/ASF/sam0/drivers/sercom/sercom.o
 .debug_abbrev  0x00001341      0x218 src/ASF/sam0/utils/stdio/read.o
 .debug_abbrev  0x00001559      0x203 src/ASF/sam0/utils/stdio/write.o
 .debug_abbrev  0x0000175c      0x477 src/ASF/sam0/drivers/sercom/usart/usart.o
 .debug_abbrev  0x00001bd3      0x416 src/ASF/sam0/drivers/sercom/usart/usart_interrupt.o
 .debug_abbrev  0x00001fe9      0x2d8 src/ASF/sam0/drivers/sercom/sercom_interrupt.o
 .debug_abbrev  0x000022c1      0x22c src/ASF/common/utils/interrupt/interrupt_sam_nvic.o
 .debug_abbrev  0x000024ed      0x2dc src/ASF/sam0/boards/samw25_xplained_pro/board_init.o
 .debug_abbrev  0x000027c9      0x298 src/ASF/sam0/drivers/port/port.o
 .debug_abbrev  0x00002a61      0x493 src/ASF/sam0/drivers/system/clock/clock_samd21_r21_da_ha1/clock.o
 .debug_abbrev  0x00002ef4      0x3f1 src/ASF/sam0/drivers/system/clock/clock_samd21_r21_da_ha1/gclk.o
 .debug_abbrev  0x000032e5      0x37b src/ASF/sam0/drivers/system/pinmux/pinmux.o
 .debug_abbrev  0x00003660      0x1e1 src/ASF/sam0/drivers/system/system.o
 .debug_abbrev  0x00003841      0x234 src/ASF/sam0/utils/cmsis/samd21/source/gcc/startup_samd21.o
 .debug_abbrev  0x00003a75      0x257 src/ASF/sam0/utils/syscalls/gcc/syscalls.o
 .debug_abbrev  0x00003ccc      0x59a src/handler.o
 .debug_abbrev  0x00004266      0x3c2 src/main.o

.debug_loc      0x00000000     0x756f
 .debug_loc     0x00000000       0xe4 src/ASF/common2/services/delay/sam0/systick_counter.o
 .debug_loc     0x000000e4      0x859 src/ASF/sam0/drivers/adc/adc_sam_d_r_h/adc.o
 .debug_loc     0x0000093d      0xff8 src/ASF/sam0/drivers/sercom/i2c/i2c_sam0/i2c_master.o
 .debug_loc     0x00001935      0x7ec src/ASF/sam0/drivers/sercom/i2c/i2c_sam0/i2c_master_interrupt.o
 .debug_loc     0x00002121      0x9d5 src/ASF/sam0/drivers/sercom/sercom.o
 .debug_loc     0x00002af6       0xca src/ASF/sam0/utils/stdio/read.o
 .debug_loc     0x00002bc0      0x130 src/ASF/sam0/utils/stdio/write.o
 .debug_loc     0x00002cf0      0xe2f src/ASF/sam0/drivers/sercom/usart/usart.o
 .debug_loc     0x00003b1f      0x711 src/ASF/sam0/drivers/sercom/usart/usart_interrupt.o
 .debug_loc     0x00004230      0x161 src/ASF/sam0/drivers/sercom/sercom_interrupt.o
 .debug_loc     0x00004391       0x8a src/ASF/sam0/boards/samw25_xplained_pro/board_init.o
 .debug_loc     0x0000441b      0x13d src/ASF/sam0/drivers/port/port.o
 .debug_loc     0x00004558      0xfab src/ASF/sam0/drivers/system/clock/clock_samd21_r21_da_ha1/clock.o
 .debug_loc     0x00005503      0x504 src/ASF/sam0/drivers/system/clock/clock_samd21_r21_da_ha1/gclk.o
 .debug_loc     0x00005a07      0x36d src/ASF/sam0/drivers/system/pinmux/pinmux.o
 .debug_loc     0x00005d74       0x20 src/ASF/sam0/drivers/system/system.o
 .debug_loc     0x00005d94       0x40 src/ASF/sam0/utils/cmsis/samd21/source/gcc/startup_samd21.o
 .debug_loc     0x00005dd4       0xef src/ASF/sam0/utils/syscalls/gcc/syscalls.o
 .debug_loc     0x00005ec3     0x1578 src/handler.o
 .debug_loc     0x0000743b      0x134 src/main.o

.debug_aranges  0x00000000      0x6a0
 .debug_aranges
                0x00000000       0x30 src/ASF/common2/services/delay/sam0/systick_counter.o
 .debug_aranges
                0x00000030       0x38 src/ASF/sam0/drivers/adc/adc_sam_d_r_h/adc.o
 .debug_aranges
                0x00000068       0xa0 src/ASF/sam0/drivers/sercom/i2c/i2c_sam0/i2c_master.o
 .debug_aranges
                0x00000108       0x90 src/ASF/sam0/drivers/sercom/i2c/i2c_sam0/i2c_master_interrupt.o
 .debug_aranges
                0x00000198       0x48 src/ASF/sam0/drivers/sercom/sercom.o
 .debug_aranges
                0x000001e0       0x20 src/ASF/sam0/utils/stdio/read.o
 .debug_aranges
                0x00000200       0x20 src/ASF/sam0/utils/stdio/write.o
 .debug_aranges
                0x00000220       0x40 src/ASF/sam0/drivers/sercom/usart/usart.o
 .debug_aranges
                0x00000260       0x70 src/ASF/sam0/drivers/sercom/usart/usart_interrupt.o
 .debug_aranges
                0x000002d0       0x60 src/ASF/sam0/drivers/sercom/sercom_interrupt.o
 .debug_aranges
                0x00000330       0x28 src/ASF/common/utils/interrupt/interrupt_sam_nvic.o
 .debug_aranges
                0x00000358       0x20 src/ASF/sam0/boards/samw25_xplained_pro/board_init.o
 .debug_aranges
                0x00000378       0x28 src/ASF/sam0/drivers/port/port.o
 .debug_aranges
                0x000003a0       0x78 src/ASF/sam0/drivers/system/clock/clock_samd21_r21_da_ha1/clock.o
 .debug_aranges
                0x00000418       0x80 src/ASF/sam0/drivers/system/clock/clock_samd21_r21_da_ha1/gclk.o
 .debug_aranges
                0x00000498       0x40 src/ASF/sam0/drivers/system/pinmux/pinmux.o
 .debug_aranges
                0x000004d8       0x28 src/ASF/sam0/drivers/system/system.o
 .debug_aranges
                0x00000500       0x28 src/ASF/sam0/utils/cmsis/samd21/source/gcc/startup_samd21.o
 .debug_aranges
                0x00000528       0x60 src/ASF/sam0/utils/syscalls/gcc/syscalls.o
 .debug_aranges
                0x00000588       0xe0 src/handler.o
 .debug_aranges
                0x00000668       0x38 src/main.o

.debug_ranges   0x00000000      0x828
 .debug_ranges  0x00000000       0x50 src/ASF/common2/services/delay/sam0/systick_counter.o
 .debug_ranges  0x00000050       0xa0 src/ASF/sam0/drivers/adc/adc_sam_d_r_h/adc.o
 .debug_ranges  0x000000f0       0xa8 src/ASF/sam0/drivers/sercom/i2c/i2c_sam0/i2c_master.o
 .debug_ranges  0x00000198       0x98 src/ASF/sam0/drivers/sercom/i2c/i2c_sam0/i2c_master_interrupt.o
 .debug_ranges  0x00000230       0x50 src/ASF/sam0/drivers/sercom/sercom.o
 .debug_ranges  0x00000280       0x10 src/ASF/sam0/utils/stdio/read.o
 .debug_ranges  0x00000290       0x10 src/ASF/sam0/utils/stdio/write.o
 .debug_ranges  0x000002a0      0x140 src/ASF/sam0/drivers/sercom/usart/usart.o
 .debug_ranges  0x000003e0       0x60 src/ASF/sam0/drivers/sercom/usart/usart_interrupt.o
 .debug_ranges  0x00000440       0x50 src/ASF/sam0/drivers/sercom/sercom_interrupt.o
 .debug_ranges  0x00000490       0x18 src/ASF/common/utils/interrupt/interrupt_sam_nvic.o
 .debug_ranges  0x000004a8       0x10 src/ASF/sam0/boards/samw25_xplained_pro/board_init.o
 .debug_ranges  0x000004b8       0x18 src/ASF/sam0/drivers/port/port.o
 .debug_ranges  0x000004d0       0x68 src/ASF/sam0/drivers/system/clock/clock_samd21_r21_da_ha1/clock.o
 .debug_ranges  0x00000538       0x88 src/ASF/sam0/drivers/system/clock/clock_samd21_r21_da_ha1/gclk.o
 .debug_ranges  0x000005c0       0x30 src/ASF/sam0/drivers/system/pinmux/pinmux.o
 .debug_ranges  0x000005f0       0x18 src/ASF/sam0/drivers/system/system.o
 .debug_ranges  0x00000608       0x18 src/ASF/sam0/utils/cmsis/samd21/source/gcc/startup_samd21.o
 .debug_ranges  0x00000620       0x50 src/ASF/sam0/utils/syscalls/gcc/syscalls.o
 .debug_ranges  0x00000670      0x178 src/handler.o
 .debug_ranges  0x000007e8       0x40 src/main.o

.debug_macro    0x00000000    0x1b7ca
 .debug_macro   0x00000000      0x539 src/ASF/common2/services/delay/sam0/systick_counter.o
 .debug_macro   0x00000539      0x8ce src/ASF/common2/services/delay/sam0/systick_counter.o
 .debug_macro   0x00000e07      0x16d src/ASF/common2/services/delay/sam0/systick_counter.o
 .debug_macro   0x00000f74      0x64b src/ASF/common2/services/delay/sam0/systick_counter.o
 .debug_macro   0x000015bf       0x22 src/ASF/common2/services/delay/sam0/systick_counter.o
 .debug_macro   0x000015e1       0x87 src/ASF/common2/services/delay/sam0/systick_counter.o
 .debug_macro   0x00001668       0x51 src/ASF/common2/services/delay/sam0/systick_counter.o
 .debug_macro   0x000016b9       0xef src/ASF/common2/services/delay/sam0/systick_counter.o
 .debug_macro   0x000017a8       0x6a src/ASF/common2/services/delay/sam0/systick_counter.o
 .debug_macro   0x00001812      0x1df src/ASF/common2/services/delay/sam0/systick_counter.o
 .debug_macro   0x000019f1       0x10 src/ASF/common2/services/delay/sam0/systick_counter.o
 .debug_macro   0x00001a01       0x76 src/ASF/common2/services/delay/sam0/systick_counter.o
 .debug_macro   0x00001a77       0x16 src/ASF/common2/services/delay/sam0/systick_counter.o
 .debug_macro   0x00001a8d      0x6e5 src/ASF/common2/services/delay/sam0/systick_counter.o
 .debug_macro   0x00002172      0xde2 src/ASF/common2/services/delay/sam0/systick_counter.o
 .debug_macro   0x00002f54       0x22 src/ASF/common2/services/delay/sam0/systick_counter.o
 .debug_macro   0x00002f76       0x40 src/ASF/common2/services/delay/sam0/systick_counter.o
 .debug_macro   0x00002fb6       0x3a src/ASF/common2/services/delay/sam0/systick_counter.o
 .debug_macro   0x00002ff0       0x1f src/ASF/common2/services/delay/sam0/systick_counter.o
 .debug_macro   0x0000300f      0x250 src/ASF/common2/services/delay/sam0/systick_counter.o
 .debug_macro   0x0000325f      0x682 src/ASF/common2/services/delay/sam0/systick_counter.o
 .debug_macro   0x000038e1      0x8bf src/ASF/common2/services/delay/sam0/systick_counter.o
 .debug_macro   0x000041a0      0x235 src/ASF/common2/services/delay/sam0/systick_counter.o
 .debug_macro   0x000043d5      0xd6a src/ASF/common2/services/delay/sam0/systick_counter.o
 .debug_macro   0x0000513f      0x4ce src/ASF/common2/services/delay/sam0/systick_counter.o
 .debug_macro   0x0000560d      0x9f8 src/ASF/common2/services/delay/sam0/systick_counter.o
 .debug_macro   0x00006005      0x82b src/ASF/common2/services/delay/sam0/systick_counter.o
 .debug_macro   0x00006830      0x45f src/ASF/common2/services/delay/sam0/systick_counter.o
 .debug_macro   0x00006c8f       0x5e src/ASF/common2/services/delay/sam0/systick_counter.o
 .debug_macro   0x00006ced      0x906 src/ASF/common2/services/delay/sam0/systick_counter.o
 .debug_macro   0x000075f3      0x225 src/ASF/common2/services/delay/sam0/systick_counter.o
 .debug_macro   0x00007818      0x963 src/ASF/common2/services/delay/sam0/systick_counter.o
 .debug_macro   0x0000817b       0x5e src/ASF/common2/services/delay/sam0/systick_counter.o
 .debug_macro   0x000081d9      0x671 src/ASF/common2/services/delay/sam0/systick_counter.o
 .debug_macro   0x0000884a      0x3af src/ASF/common2/services/delay/sam0/systick_counter.o
 .debug_macro   0x00008bf9      0xc7f src/ASF/common2/services/delay/sam0/systick_counter.o
 .debug_macro   0x00009878     0x1092 src/ASF/common2/services/delay/sam0/systick_counter.o
 .debug_macro   0x0000a90a      0xc4a src/ASF/common2/services/delay/sam0/systick_counter.o
 .debug_macro   0x0000b554      0x6bf src/ASF/common2/services/delay/sam0/systick_counter.o
 .debug_macro   0x0000bc13     0x1bc9 src/ASF/common2/services/delay/sam0/systick_counter.o
 .debug_macro   0x0000d7dc     0x144a src/ASF/common2/services/delay/sam0/systick_counter.o
 .debug_macro   0x0000ec26      0x34e src/ASF/common2/services/delay/sam0/systick_counter.o
 .debug_macro   0x0000ef74       0x7c src/ASF/common2/services/delay/sam0/systick_counter.o
 .debug_macro   0x0000eff0       0xa0 src/ASF/common2/services/delay/sam0/systick_counter.o
 .debug_macro   0x0000f090       0x4c src/ASF/common2/services/delay/sam0/systick_counter.o
 .debug_macro   0x0000f0dc       0xca src/ASF/common2/services/delay/sam0/systick_counter.o
 .debug_macro   0x0000f1a6       0x94 src/ASF/common2/services/delay/sam0/systick_counter.o
 .debug_macro   0x0000f23a       0x58 src/ASF/common2/services/delay/sam0/systick_counter.o
 .debug_macro   0x0000f292      0x387 src/ASF/common2/services/delay/sam0/systick_counter.o
 .debug_macro   0x0000f619       0x82 src/ASF/common2/services/delay/sam0/systick_counter.o
 .debug_macro   0x0000f69b      0x197 src/ASF/common2/services/delay/sam0/systick_counter.o
 .debug_macro   0x0000f832       0xb8 src/ASF/common2/services/delay/sam0/systick_counter.o
 .debug_macro   0x0000f8ea       0xa0 src/ASF/common2/services/delay/sam0/systick_counter.o
 .debug_macro   0x0000f98a       0xb8 src/ASF/common2/services/delay/sam0/systick_counter.o
 .debug_macro   0x0000fa42       0x1c src/ASF/common2/services/delay/sam0/systick_counter.o
 .debug_macro   0x0000fa5e       0x1c src/ASF/common2/services/delay/sam0/systick_counter.o
 .debug_macro   0x0000fa7a       0x1c src/ASF/common2/services/delay/sam0/systick_counter.o
 .debug_macro   0x0000fa96       0x82 src/ASF/common2/services/delay/sam0/systick_counter.o
 .debug_macro   0x0000fb18      0x161 src/ASF/common2/services/delay/sam0/systick_counter.o
 .debug_macro   0x0000fc79       0xdc src/ASF/common2/services/delay/sam0/systick_counter.o
 .debug_macro   0x0000fd55      0x12f src/ASF/common2/services/delay/sam0/systick_counter.o
 .debug_macro   0x0000fe84      0x12f src/ASF/common2/services/delay/sam0/systick_counter.o
 .debug_macro   0x0000ffb3      0x12f src/ASF/common2/services/delay/sam0/systick_counter.o
 .debug_macro   0x000100e2      0x12f src/ASF/common2/services/delay/sam0/systick_counter.o
 .debug_macro   0x00010211      0x12f src/ASF/common2/services/delay/sam0/systick_counter.o
 .debug_macro   0x00010340      0x12f src/ASF/common2/services/delay/sam0/systick_counter.o
 .debug_macro   0x0001046f      0x124 src/ASF/common2/services/delay/sam0/systick_counter.o
 .debug_macro   0x00010593       0xe2 src/ASF/common2/services/delay/sam0/systick_counter.o
 .debug_macro   0x00010675       0xe2 src/ASF/common2/services/delay/sam0/systick_counter.o
 .debug_macro   0x00010757       0xe2 src/ASF/common2/services/delay/sam0/systick_counter.o
 .debug_macro   0x00010839      0x133 src/ASF/common2/services/delay/sam0/systick_counter.o
 .debug_macro   0x0001096c      0x106 src/ASF/common2/services/delay/sam0/systick_counter.o
 .debug_macro   0x00010a72       0xfa src/ASF/common2/services/delay/sam0/systick_counter.o
 .debug_macro   0x00010b6c      0x40f src/ASF/common2/services/delay/sam0/systick_counter.o
 .debug_macro   0x00010f7b       0x40 src/ASF/common2/services/delay/sam0/systick_counter.o
 .debug_macro   0x00010fbb      0x361 src/ASF/common2/services/delay/sam0/systick_counter.o
 .debug_macro   0x0001131c     0x16ed src/ASF/common2/services/delay/sam0/systick_counter.o
 .debug_macro   0x00012a09       0x6d src/ASF/common2/services/delay/sam0/systick_counter.o
 .debug_macro   0x00012a76       0x58 src/ASF/common2/services/delay/sam0/systick_counter.o
 .debug_macro   0x00012ace       0x35 src/ASF/common2/services/delay/sam0/systick_counter.o
 .debug_macro   0x00012b03       0x9c src/ASF/common2/services/delay/sam0/systick_counter.o
 .debug_macro   0x00012b9f       0x16 src/ASF/common2/services/delay/sam0/systick_counter.o
 .debug_macro   0x00012bb5       0x35 src/ASF/common2/services/delay/sam0/systick_counter.o
 .debug_macro   0x00012bea      0x353 src/ASF/common2/services/delay/sam0/systick_counter.o
 .debug_macro   0x00012f3d       0x10 src/ASF/common2/services/delay/sam0/systick_counter.o
 .debug_macro   0x00012f4d       0x58 src/ASF/common2/services/delay/sam0/systick_counter.o
 .debug_macro   0x00012fa5       0x1f src/ASF/common2/services/delay/sam0/systick_counter.o
 .debug_macro   0x00012fc4       0x43 src/ASF/common2/services/delay/sam0/systick_counter.o
 .debug_macro   0x00013007       0x20 src/ASF/common2/services/delay/sam0/systick_counter.o
 .debug_macro   0x00013027      0x187 src/ASF/common2/services/delay/sam0/systick_counter.o
 .debug_macro   0x000131ae       0x10 src/ASF/common2/services/delay/sam0/systick_counter.o
 .debug_macro   0x000131be       0x1c src/ASF/common2/services/delay/sam0/systick_counter.o
 .debug_macro   0x000131da       0x52 src/ASF/common2/services/delay/sam0/systick_counter.o
 .debug_macro   0x0001322c       0x40 src/ASF/common2/services/delay/sam0/systick_counter.o
 .debug_macro   0x0001326c       0x10 src/ASF/common2/services/delay/sam0/systick_counter.o
 .debug_macro   0x0001327c       0x40 src/ASF/common2/services/delay/sam0/systick_counter.o
 .debug_macro   0x000132bc       0xd7 src/ASF/common2/services/delay/sam0/systick_counter.o
 .debug_macro   0x00013393       0x16 src/ASF/common2/services/delay/sam0/systick_counter.o
 .debug_macro   0x000133a9      0x18b src/ASF/common2/services/delay/sam0/systick_counter.o
 .debug_macro   0x00013534       0x16 src/ASF/common2/services/delay/sam0/systick_counter.o
 .debug_macro   0x0001354a       0x16 src/ASF/common2/services/delay/sam0/systick_counter.o
 .debug_macro   0x00013560       0x29 src/ASF/common2/services/delay/sam0/systick_counter.o
 .debug_macro   0x00013589       0x51 src/ASF/common2/services/delay/sam0/systick_counter.o
 .debug_macro   0x000135da       0x3f src/ASF/common2/services/delay/sam0/systick_counter.o
 .debug_macro   0x00013619      0x3df src/ASF/common2/services/delay/sam0/systick_counter.o
 .debug_macro   0x000139f8       0x11 src/ASF/common2/services/delay/sam0/systick_counter.o
 .debug_macro   0x00013a09       0x16 src/ASF/common2/services/delay/sam0/systick_counter.o
 .debug_macro   0x00013a1f       0x16 src/ASF/common2/services/delay/sam0/systick_counter.o
 .debug_macro   0x00013a35      0x564 src/ASF/sam0/drivers/adc/adc_sam_d_r_h/adc.o
 .debug_macro   0x00013f99       0x18 src/ASF/sam0/drivers/adc/adc_sam_d_r_h/adc.o
 .debug_macro   0x00013fb1       0x16 src/ASF/sam0/drivers/adc/adc_sam_d_r_h/adc.o
 .debug_macro   0x00013fc7       0x19 src/ASF/sam0/drivers/adc/adc_sam_d_r_h/adc.o
 .debug_macro   0x00013fe0      0x5ad src/ASF/sam0/drivers/sercom/i2c/i2c_sam0/i2c_master.o
 .debug_macro   0x0001458d       0x2e src/ASF/sam0/drivers/sercom/i2c/i2c_sam0/i2c_master.o
 .debug_macro   0x000145bb       0xb2 src/ASF/sam0/drivers/sercom/i2c/i2c_sam0/i2c_master.o
 .debug_macro   0x0001466d       0x10 src/ASF/sam0/drivers/sercom/i2c/i2c_sam0/i2c_master.o
 .debug_macro   0x0001467d       0x27 src/ASF/sam0/drivers/sercom/i2c/i2c_sam0/i2c_master.o
 .debug_macro   0x000146a4      0x5a9 src/ASF/sam0/drivers/sercom/i2c/i2c_sam0/i2c_master_interrupt.o
 .debug_macro   0x00014c4d      0x58b src/ASF/sam0/drivers/sercom/sercom.o
 .debug_macro   0x000151d8      0x4fe src/ASF/sam0/utils/stdio/read.o
 .debug_macro   0x000156d6      0x4fe src/ASF/sam0/utils/stdio/write.o
 .debug_macro   0x00015bd4      0x59c src/ASF/sam0/drivers/sercom/usart/usart.o
 .debug_macro   0x00016170       0x51 src/ASF/sam0/drivers/sercom/usart/usart.o
 .debug_macro   0x000161c1      0x59c src/ASF/sam0/drivers/sercom/usart/usart_interrupt.o
 .debug_macro   0x0001675d      0x588 src/ASF/sam0/drivers/sercom/sercom_interrupt.o
 .debug_macro   0x00016ce5      0x4fe src/ASF/common/utils/interrupt/interrupt_sam_nvic.o
 .debug_macro   0x000171e3      0x539 src/ASF/sam0/boards/samw25_xplained_pro/board_init.o
 .debug_macro   0x0001771c      0x2c6 src/ASF/sam0/boards/samw25_xplained_pro/board_init.o
 .debug_macro   0x000179e2       0x28 src/ASF/sam0/boards/samw25_xplained_pro/board_init.o
 .debug_macro   0x00017a0a      0x6d1 src/ASF/sam0/boards/samw25_xplained_pro/board_init.o
 .debug_macro   0x000180db       0x12 src/ASF/sam0/boards/samw25_xplained_pro/board_init.o
 .debug_macro   0x000180ed      0x518 src/ASF/sam0/drivers/port/port.o
 .debug_macro   0x00018605      0x57d src/ASF/sam0/drivers/system/clock/clock_samd21_r21_da_ha1/clock.o
 .debug_macro   0x00018b82      0x296 src/ASF/sam0/drivers/system/clock/clock_samd21_r21_da_ha1/clock.o
 .debug_macro   0x00018e18      0x534 src/ASF/sam0/drivers/system/clock/clock_samd21_r21_da_ha1/gclk.o
 .debug_macro   0x0001934c      0x50e src/ASF/sam0/drivers/system/pinmux/pinmux.o
 .debug_macro   0x0001985a       0x12 src/ASF/sam0/drivers/system/pinmux/pinmux.o
 .debug_macro   0x0001986c      0x541 src/ASF/sam0/drivers/system/system.o
 .debug_macro   0x00019dad      0x2e5 src/ASF/sam0/utils/cmsis/samd21/source/gcc/startup_samd21.o
 .debug_macro   0x0001a092       0x3a src/ASF/sam0/utils/cmsis/samd21/source/gcc/startup_samd21.o
 .debug_macro   0x0001a0cc      0x1d6 src/ASF/sam0/utils/syscalls/gcc/syscalls.o
 .debug_macro   0x0001a2a2       0x52 src/ASF/sam0/utils/syscalls/gcc/syscalls.o
 .debug_macro   0x0001a2f4       0x8d src/ASF/sam0/utils/syscalls/gcc/syscalls.o
 .debug_macro   0x0001a381       0x57 src/ASF/sam0/utils/syscalls/gcc/syscalls.o
 .debug_macro   0x0001a3d8       0x97 src/ASF/sam0/utils/syscalls/gcc/syscalls.o
 .debug_macro   0x0001a46f       0xf6 src/ASF/sam0/utils/syscalls/gcc/syscalls.o
 .debug_macro   0x0001a565       0x4c src/ASF/sam0/utils/syscalls/gcc/syscalls.o
 .debug_macro   0x0001a5b1       0x16 src/ASF/sam0/utils/syscalls/gcc/syscalls.o
 .debug_macro   0x0001a5c7       0x10 src/ASF/sam0/utils/syscalls/gcc/syscalls.o
 .debug_macro   0x0001a5d7       0x10 src/ASF/sam0/utils/syscalls/gcc/syscalls.o
 .debug_macro   0x0001a5e7       0x35 src/ASF/sam0/utils/syscalls/gcc/syscalls.o
 .debug_macro   0x0001a61c      0x122 src/ASF/sam0/utils/syscalls/gcc/syscalls.o
 .debug_macro   0x0001a73e      0x6e6 src/handler.o
 .debug_macro   0x0001ae24       0x10 src/handler.o
 .debug_macro   0x0001ae34      0x111 src/handler.o
 .debug_macro   0x0001af45       0x1c src/handler.o
 .debug_macro   0x0001af61       0x1c src/handler.o
 .debug_macro   0x0001af7d       0x82 src/handler.o
 .debug_macro   0x0001afff       0x18 src/handler.o
 .debug_macro   0x0001b017       0x2d src/handler.o
 .debug_macro   0x0001b044       0x40 src/handler.o
 .debug_macro   0x0001b084       0x50 src/handler.o
 .debug_macro   0x0001b0d4       0x10 src/handler.o
 .debug_macro   0x0001b0e4      0x6e6 src/main.o

.debug_line     0x00000000     0xe7d8
 .debug_line    0x00000000      0x9b4 src/ASF/common2/services/delay/sam0/systick_counter.o
 .debug_line    0x000009b4      0xc6e src/ASF/sam0/drivers/adc/adc_sam_d_r_h/adc.o
 .debug_line    0x00001622      0xe41 src/ASF/sam0/drivers/sercom/i2c/i2c_sam0/i2c_master.o
 .debug_line    0x00002463      0xdbd src/ASF/sam0/drivers/sercom/i2c/i2c_sam0/i2c_master_interrupt.o
 .debug_line    0x00003220      0xbc4 src/ASF/sam0/drivers/sercom/sercom.o
 .debug_line    0x00003de4      0x89b src/ASF/sam0/utils/stdio/read.o
 .debug_line    0x0000467f      0x88f src/ASF/sam0/utils/stdio/write.o
 .debug_line    0x00004f0e      0xd2e src/ASF/sam0/drivers/sercom/usart/usart.o
 .debug_line    0x00005c3c      0xcbc src/ASF/sam0/drivers/sercom/usart/usart_interrupt.o
 .debug_line    0x000068f8      0xb67 src/ASF/sam0/drivers/sercom/sercom_interrupt.o
 .debug_line    0x0000745f      0x8be src/ASF/common/utils/interrupt/interrupt_sam_nvic.o
 .debug_line    0x00007d1d      0x963 src/ASF/sam0/boards/samw25_xplained_pro/board_init.o
 .debug_line    0x00008680      0x8ea src/ASF/sam0/drivers/port/port.o
 .debug_line    0x00008f6a      0xcac src/ASF/sam0/drivers/system/clock/clock_samd21_r21_da_ha1/clock.o
 .debug_line    0x00009c16      0xc66 src/ASF/sam0/drivers/system/clock/clock_samd21_r21_da_ha1/gclk.o
 .debug_line    0x0000a87c      0x937 src/ASF/sam0/drivers/system/pinmux/pinmux.o
 .debug_line    0x0000b1b3      0x9e1 src/ASF/sam0/drivers/system/system.o
 .debug_line    0x0000bb94      0x63c src/ASF/sam0/utils/cmsis/samd21/source/gcc/startup_samd21.o
 .debug_line    0x0000c1d0      0x402 src/ASF/sam0/utils/syscalls/gcc/syscalls.o
 .debug_line    0x0000c5d2     0x1302 src/handler.o
 .debug_line    0x0000d8d4      0xf04 src/main.o

.debug_str      0x00000000    0x8b757
 .debug_str     0x00000000    0x7edaa src/ASF/common2/services/delay/sam0/systick_counter.o
                              0x7f681 (size before relaxing)
 .debug_str     0x0007edaa     0x1b79 src/ASF/sam0/drivers/adc/adc_sam_d_r_h/adc.o
                              0x81188 (size before relaxing)